Archive member included because of file (symbol)

contiki-sky.a(contiki-sky-pla)
                              obj_sky/contiki-sky-main.o (init_platform)
contiki-sky.a(button-sensor.o)
                              udp-sink.co (button_sensor)
contiki-sky.a(ds2411.o)       obj_sky/contiki-sky-main.o (ds2411_init)
contiki-sky.a(xmem.o)         obj_sky/contiki-sky-main.o (xmem_init)
contiki-sky.a(node-id.o)      obj_sky/contiki-sky-main.o (node_id_restore)
contiki-sky.a(sensors.o)      udp-sink.co (sensors_event)
contiki-sky.a(cc2420.o)       obj_sky/contiki-sky-main.o (cc2420_set_pan_addr)
contiki-sky.a(cc2420-arch.o)  contiki-sky.a(cc2420.o) (cc2420_arch_init)
contiki-sky.a(uart1.o)        obj_sky/contiki-sky-main.o (uart1_active)
contiki-sky.a(uart1-putchar.o)
                              udp-sink.co (putchar)
contiki-sky.a(msp430.o)       contiki-sky.a(uart1.o) (msp430_add_lpm_req)
contiki-sky.a(clock.o)        obj_sky/contiki-sky-main.o (clock_init)
contiki-sky.a(leds.o)         obj_sky/contiki-sky-main.o (leds_init)
contiki-sky.a(leds-arch.o)    contiki-sky.a(leds.o) (leds_arch_init)
contiki-sky.a(watchdog.o)     obj_sky/contiki-sky-main.o (watchdog_start)
contiki-sky.a(rtimer-arch.o)  obj_sky/contiki-sky-main.o (rtimer_arch_now)
contiki-sky.a(autostart.o)    obj_sky/contiki-sky-main.o (autostart_start)
contiki-sky.a(ctimer.o)       obj_sky/contiki-sky-main.o (ctimer_init)
contiki-sky.a(energest.o)     obj_sky/contiki-sky-main.o (energest_init)
contiki-sky.a(etimer.o)       contiki-sky.a(clock.o) (etimer_request_poll)
contiki-sky.a(process.o)      udp-sink.co (process_current)
contiki-sky.a(rtimer.o)       obj_sky/contiki-sky-main.o (rtimer_init)
contiki-sky.a(timer.o)        obj_sky/contiki-sky-main.o (timer_set)
contiki-sky.a(serial-line.o)  obj_sky/collect-common.o (serial_line_event_message)
contiki-sky.a(list.o)         contiki-sky.a(ctimer.o) (list_init)
contiki-sky.a(random.o)       obj_sky/contiki-sky-main.o (random_init)
contiki-sky.a(ringbuf.o)      contiki-sky.a(serial-line.o) (ringbuf_init)
contiki-sky.a(sicslowpan.o)   obj_sky/contiki-sky-main.o (sicslowpan_driver)
contiki-sky.a(uip6.o)         udp-sink.co (uip_aligned_buf)
contiki-sky.a(uip-ds6.o)      contiki-sky.a(uip6.o) (uip_ds6_is_addr_onlink)
contiki-sky.a(uip-ds6-nbr.o)  contiki-sky.a(uip-ds6.o) (uip_ds6_neighbors_init)
contiki-sky.a(uip-ds6-route.o)
                              contiki-sky.a(uip-ds6.o) (uip_ds6_route_init)
contiki-sky.a(uip-icmp6.o)    contiki-sky.a(uip6.o) (uip_icmp6_input)
contiki-sky.a(uip-nd6.o)      contiki-sky.a(uip6.o) (uip_nd6_init)
contiki-sky.a(tcpip.o)        contiki-sky.a(sicslowpan.o) (tcpip_set_outputfunc)
contiki-sky.a(uip-debug.o)    udp-sink.co (uip_debug_ipaddr_print)
contiki-sky.a(rpl.o)          contiki-sky.a(uip-ds6-nbr.o) (rpl_link_neighbor_callback)
contiki-sky.a(rpl-dag.o)      contiki-sky.a(rpl.o) (rpl_dag_init)
contiki-sky.a(rpl-ext-header.)
                              contiki-sky.a(uip6.o) (rpl_verify_hbh_header)
contiki-sky.a(rpl-icmp6.o)    contiki-sky.a(rpl-dag.o) (rpl_icmp6_update_nbr_table)
contiki-sky.a(rpl-mrhof.o)    contiki-sky.a(rpl-dag.o) (rpl_mrhof)
contiki-sky.a(rpl-timers.o)   contiki-sky.a(rpl.o) (rpl_reset_periodic_timer)
contiki-sky.a(csma.o)         obj_sky/contiki-sky-main.o (csma_driver)
contiki-sky.a(framer-802154.o)
                              contiki-sky.a(sicslowpan.o) (framer_802154)
contiki-sky.a(mac.o)          contiki-sky.a(csma.o) (mac_call_sent_callback)
contiki-sky.a(nullrdc.o)      udp-sink.co (nullrdc_driver)
contiki-sky.a(linkaddr.o)     obj_sky/contiki-sky-main.o (linkaddr_copy)
contiki-sky.a(link-stats.o)   contiki-sky.a(rpl-dag.o) (link_stats_from_lladdr)
contiki-sky.a(nbr-table.o)    contiki-sky.a(uip-ds6-nbr.o) (nbr_table_register)
contiki-sky.a(packetbuf.o)    contiki-sky.a(framer-802154.o) (packetbuf_hdrreduce)
contiki-sky.a(queuebuf.o)     obj_sky/contiki-sky-main.o (queuebuf_init)
contiki-sky.a(nullsec.o)      obj_sky/contiki-sky-main.o (nullsec_driver)
contiki-sky.a(spi.o)          contiki-sky.a(xmem.o) (spi_init)
contiki-sky.a(stimer.o)       contiki-sky.a(uip-ds6.o) (stimer_set)
contiki-sky.a(memb.o)         contiki-sky.a(uip-ds6-route.o) (memb_init)
contiki-sky.a(rpl-nbr-policy.)
                              contiki-sky.a(nbr-table.o) (rpl_nbr_policy_find_removable)
contiki-sky.a(frame802154.o)  contiki-sky.a(framer-802154.o) (frame802154_get_pan_id)
contiki-sky.a(mac-sequence.o)
                              contiki-sky.a(nullrdc.o) (mac_sequence_is_duplicate)
/usr/lib/gcc/msp430/4.6.3/mmpy-16/libgcc.a(_mulsi3.o)
                              contiki-sky.a(rpl.o) (__mulsi3)
/usr/lib/gcc/msp430/4.6.3/mmpy-16/libgcc.a(_udivmod16.o)
                              contiki-sky.a(rpl-dag.o) (__udivhi3)
/usr/lib/gcc/msp430/4.6.3/mmpy-16/libgcc.a(_divmod16.o)
                              contiki-sky.a(link-stats.o) (__divhi3)
/usr/lib/gcc/msp430/4.6.3/mmpy-16/libgcc.a(_udivmod32.o)
[...]
Memory Configuration

Name             Origin             Length             Attributes
sfr              0x0000000000000000 0x0000000000000010
peripheral_8bit  0x0000000000000010 0x00000000000000f0
peripheral_16bit 0x0000000000000100 0x0000000000000100
ram_mirror       0x0000000000000200 0x0000000000000800 xw
infomem          0x0000000000001000 0x0000000000000100
infob            0x0000000000001000 0x0000000000000080
infoa            0x0000000000001080 0x0000000000000080
ram              0x0000000000001100 0x0000000000002800 xw
rom              0x0000000000004000 0x000000000000bfe0 xr
vectors          0x000000000000ffe0 0x0000000000000020
bsl              0x0000000000000000 0x0000000000000000
infoc            0x0000000000000000 0x0000000000000000
infod            0x0000000000000000 0x0000000000000000
ram2             0x0000000000000000 0x0000000000000000 xw
usbram           0x0000000000000000 0x0000000000000000 xw
far_rom          0x0000000000000000 0x0000000000000000
*default*        0x0000000000000000 0xffffffffffffffff

Linker script and memory map

LOAD /usr/lib/gcc/msp430/4.6.3/mmpy-16/crt0ivtbl16.o
LOAD udp-sink.co
LOAD obj_sky/collect-common.o
LOAD obj_sky/contiki-sky-main.o
LOAD contiki-sky.a
LOAD /usr/lib/gcc/msp430/4.6.3/mmpy-16/libgcc.a
LOAD /usr/lib/gcc/msp430/4.6.3/../../../../msp430/lib/mmpy-16/libc.a
LOAD /usr/lib/gcc/msp430/4.6.3/mmpy-16/libgcc.a
LOAD /usr/lib/gcc/msp430/4.6.3/mmpy-16/libcrt0.a
                0x0000000000000080                PROVIDE (__info_segment_size, 0x80)
                0x0000000000001000                PROVIDE (__infob, 0x1000)
                0x0000000000001080                PROVIDE (__infoa, 0x1080)
                0x0000000000000000                __IE1 = 0x0
                0x0000000000000002                __IFG1 = 0x2
                0x0000000000000004                __ME1 = 0x4
                0x0000000000000001                __IE2 = 0x1
                0x0000000000000003                __IFG2 = 0x3
                0x0000000000000005                __ME2 = 0x5
                0x0000000000000120                __WDTCTL = 0x120
                0x0000000000000130                __MPY = 0x130
                0x0000000000000132                __MPYS = 0x132
                0x0000000000000134                __MAC = 0x134
                0x0000000000000136                __MACS = 0x136
                0x0000000000000138                __OP2 = 0x138
                0x000000000000013a                __RESLO = 0x13a
                0x000000000000013c                __RESHI = 0x13c
                0x000000000000013e                __SUMEXT = 0x13e
                0x0000000000000020                __P1IN = 0x20
                0x0000000000000021                __P1OUT = 0x21
                0x0000000000000022                __P1DIR = 0x22
                0x0000000000000023                __P1IFG = 0x23
                0x0000000000000024                __P1IES = 0x24
                0x0000000000000025                __P1IE = 0x25
                0x0000000000000026                __P1SEL = 0x26
                0x0000000000000028                __P2IN = 0x28
                0x0000000000000029                __P2OUT = 0x29
                0x000000000000002a                __P2DIR = 0x2a
                0x000000000000002b                __P2IFG = 0x2b
                0x000000000000002c                __P2IES = 0x2c
                0x000000000000002d                __P2IE = 0x2d
                0x000000000000002e                __P2SEL = 0x2e
                0x0000000000000018                __P3IN = 0x18
                0x0000000000000019                __P3OUT = 0x19
                0x000000000000001a                __P3DIR = 0x1a
                0x000000000000001b                __P3SEL = 0x1b
                0x000000000000001c                __P4IN = 0x1c
                0x000000000000001d                __P4OUT = 0x1d
                0x000000000000001e                __P4DIR = 0x1e
                0x000000000000001f                __P4SEL = 0x1f
                0x0000000000000030                __P5IN = 0x30
                0x0000000000000031                __P5OUT = 0x31
                0x0000000000000032                __P5DIR = 0x32
                0x0000000000000033                __P5SEL = 0x33
                0x0000000000000034                __P6IN = 0x34
                0x0000000000000035                __P6OUT = 0x35
                0x0000000000000036                __P6DIR = 0x36
                0x0000000000000037                __P6SEL = 0x37
                0x0000000000000070                __U0CTL = 0x70
                0x0000000000000071                __U0TCTL = 0x71
                0x0000000000000072                __U0RCTL = 0x72
                0x0000000000000073                __U0MCTL = 0x73
                0x0000000000000074                __U0BR0 = 0x74
                0x0000000000000075                __U0BR1 = 0x75
                0x0000000000000076                __U0RXBUF = 0x76
                0x0000000000000077                __U0TXBUF = 0x77
                0x0000000000000078                __U1CTL = 0x78
                0x0000000000000079                __U1TCTL = 0x79
                0x000000000000007a                __U1RCTL = 0x7a
                0x000000000000007b                __U1MCTL = 0x7b
                0x000000000000007c                __U1BR0 = 0x7c
                0x000000000000007d                __U1BR1 = 0x7d
                0x000000000000007e                __U1RXBUF = 0x7e
                0x000000000000007f                __U1TXBUF = 0x7f
                0x0000000000000050                __I2CIE = 0x50
                0x0000000000000051                __I2CIFG = 0x51
                0x0000000000000052                __I2CNDAT = 0x52
                0x0000000000000071                __I2CTCTL = 0x71
                0x0000000000000072                __I2CDCTL = 0x72
                0x0000000000000073                __I2CPSC = 0x73
                0x0000000000000074                __I2CSCLH = 0x74
                0x0000000000000075                __I2CSCLL = 0x75
                0x0000000000000076                __I2CDRB = 0x76
                0x0000000000000076                __I2CDRW = 0x76
                0x0000000000000118                __I2COA = 0x118
                0x000000000000011a                __I2CSA = 0x11a
                0x000000000000011c                __I2CIV = 0x11c
                0x000000000000012e                __TAIV = 0x12e
                0x0000000000000160                __TACTL = 0x160
                0x0000000000000162                __TACCTL0 = 0x162
                0x0000000000000164                __TACCTL1 = 0x164
                0x0000000000000166                __TACCTL2 = 0x166
                0x0000000000000170                __TAR = 0x170
                0x0000000000000172                __TACCR0 = 0x172
                0x0000000000000174                __TACCR1 = 0x174
                0x0000000000000176                __TACCR2 = 0x176
                0x000000000000011e                __TBIV = 0x11e
                0x0000000000000180                __TBCTL = 0x180
                0x0000000000000182                __TBCCTL0 = 0x182
                0x0000000000000184                __TBCCTL1 = 0x184
                0x0000000000000186                __TBCCTL2 = 0x186
                0x0000000000000188                __TBCCTL3 = 0x188
                0x000000000000018a                __TBCCTL4 = 0x18a
                0x000000000000018c                __TBCCTL5 = 0x18c
                0x000000000000018e                __TBCCTL6 = 0x18e
                0x0000000000000190                __TBR = 0x190
                0x0000000000000192                __TBCCR0 = 0x192
                0x0000000000000194                __TBCCR1 = 0x194
                0x0000000000000196                __TBCCR2 = 0x196
                0x0000000000000198                __TBCCR3 = 0x198
                0x000000000000019a                __TBCCR4 = 0x19a
                0x000000000000019c                __TBCCR5 = 0x19c
                0x000000000000019e                __TBCCR6 = 0x19e
                0x0000000000000056                __DCOCTL = 0x56
                0x0000000000000057                __BCSCTL1 = 0x57
                0x0000000000000058                __BCSCTL2 = 0x58
                0x0000000000000055                __SVSCTL = 0x55
                0x0000000000000128                __FCTL1 = 0x128
                0x000000000000012a                __FCTL2 = 0x12a
                0x000000000000012c                __FCTL3 = 0x12c
                0x0000000000000059                __CACTL1 = 0x59
                0x000000000000005a                __CACTL2 = 0x5a
                0x000000000000005b                __CAPD = 0x5b
                0x00000000000001a0                __ADC12CTL0 = 0x1a0
                0x00000000000001a2                __ADC12CTL1 = 0x1a2
                0x00000000000001a4                __ADC12IFG = 0x1a4
                0x00000000000001a6                __ADC12IE = 0x1a6
                0x00000000000001a8                __ADC12IV = 0x1a8
                0x0000000000000140                __ADC12MEM0 = 0x140
                0x0000000000000142                __ADC12MEM1 = 0x142
                0x0000000000000144                __ADC12MEM2 = 0x144
                0x0000000000000146                __ADC12MEM3 = 0x146
                0x0000000000000148                __ADC12MEM4 = 0x148
                0x000000000000014a                __ADC12MEM5 = 0x14a
                0x000000000000014c                __ADC12MEM6 = 0x14c
                0x000000000000014e                __ADC12MEM7 = 0x14e
                0x0000000000000150                __ADC12MEM8 = 0x150
                0x0000000000000152                __ADC12MEM9 = 0x152
                0x0000000000000154                __ADC12MEM10 = 0x154
                0x0000000000000156                __ADC12MEM11 = 0x156
                0x0000000000000158                __ADC12MEM12 = 0x158
                0x000000000000015a                __ADC12MEM13 = 0x15a
                0x000000000000015c                __ADC12MEM14 = 0x15c
                0x000000000000015e                __ADC12MEM15 = 0x15e
                0x0000000000000080                __ADC12MCTL0 = 0x80
                0x0000000000000081                __ADC12MCTL1 = 0x81
                0x0000000000000082                __ADC12MCTL2 = 0x82
                0x0000000000000083                __ADC12MCTL3 = 0x83
                0x0000000000000084                __ADC12MCTL4 = 0x84
                0x0000000000000085                __ADC12MCTL5 = 0x85
                0x0000000000000086                __ADC12MCTL6 = 0x86
                0x0000000000000087                __ADC12MCTL7 = 0x87
                0x0000000000000088                __ADC12MCTL8 = 0x88
                0x0000000000000089                __ADC12MCTL9 = 0x89
                0x000000000000008a                __ADC12MCTL10 = 0x8a
                0x000000000000008b                __ADC12MCTL11 = 0x8b
                0x000000000000008c                __ADC12MCTL12 = 0x8c
                0x000000000000008d                __ADC12MCTL13 = 0x8d
                0x000000000000008e                __ADC12MCTL14 = 0x8e
                0x000000000000008f                __ADC12MCTL15 = 0x8f
                0x00000000000001c0                __DAC12_0CTL = 0x1c0
                0x00000000000001c2                __DAC12_1CTL = 0x1c2
                0x00000000000001c8                __DAC12_0DAT = 0x1c8
                0x00000000000001ca                __DAC12_1DAT = 0x1ca
                0x0000000000000122                __DMACTL0 = 0x122
                0x0000000000000124                __DMACTL1 = 0x124
                0x00000000000001e0                __DMA0CTL = 0x1e0
                0x00000000000001e8                __DMA1CTL = 0x1e8
                0x00000000000001f0                __DMA2CTL = 0x1f0
                0x00000000000001e2                __DMA0SA = 0x1e2
                0x00000000000001e4                __DMA0DA = 0x1e4
                0x00000000000001e6                __DMA0SZ = 0x1e6
                0x00000000000001ea                __DMA1SA = 0x1ea
                0x00000000000001ec                __DMA1DA = 0x1ec
                0x00000000000001ee                __DMA1SZ = 0x1ee
                0x00000000000001f2                __DMA2SA = 0x1f2
                0x00000000000001f4                __DMA2DA = 0x1f4
                0x00000000000001f6                __DMA2SZ = 0x1f6

.hash
 *(.hash)

.dynsym
 *(.dynsym)

.dynstr
 *(.dynstr)

.gnu.version
 *(.gnu.version)

.gnu.version_d
 *(.gnu.version_d)

.gnu.version_r
 *(.gnu.version_r)

.rel.init
 *(.rel.init)

.rela.init
 *(.rela.init)

.rel.fini
 *(.rel.fini)

.rela.fini
 *(.rela.fini)

.rel.text
 *(.rel.text .rel.text.* .rel.gnu.linkonce.t.*)

.rela.text
 *(.rela.text .rela.text.* .rela.gnu.linkonce.t.*)

.rel.rodata
 *(.rel.rodata .rel.rodata.* .rel.gnu.linkonce.r.*)

.rela.rodata
 *(.rela.rodata .rela.rodata.* .rela.gnu.linkonce.r.*)

.rel.data
 *(.rel.data .rel.data.* .rel.gnu.linkonce.d.*)

.rela.data
 *(.rela.data .rela.data.* .rela.gnu.linkonce.d.*)

.rel.bss
 *(.rel.bss .rel.bss.* .rel.gnu.linkonce.b.*)

.rela.bss
 *(.rela.bss .rela.bss.* .rela.gnu.linkonce.b.*)

.rel.ctors
 *(.rel.ctors)

.rela.ctors
 *(.rela.ctors)

.rel.dtors
 *(.rel.dtors)

.rela.dtors
 *(.rela.dtors)

.rel.got
 *(.rel.got)

.rela.got
 *(.rela.got)

.rel.plt
 *(.rel.plt)

.rela.plt
 *(.rela.plt)

.text           0x0000000000004000     0xa166
                0x0000000000004000                . = ALIGN (0x2)
 *(.init .init.*)
 *(.init0)
 .init0         0x0000000000004000        0x0 /usr/lib/gcc/msp430/4.6.3/mmpy-16/libcrt0.a(_reset_vector__.o)
                0x0000000000004000                _reset_vector__
 *(.init1)
 .init1         0x0000000000004000        0xc /usr/lib/gcc/msp430/4.6.3/mmpy-16/libcrt0.a(__watchdog_support.o)
                0x0000000000004000                __watchdog_support
 *(.init2)
 .init2         0x000000000000400c        0x4 /usr/lib/gcc/msp430/4.6.3/mmpy-16/libcrt0.a(__init_stack.o)
                0x000000000000400c                __init_stack
 *(.init3)
 .init3         0x0000000000004010        0x0 /usr/lib/gcc/msp430/4.6.3/mmpy-16/libcrt0.a(__low_level_init.o)
                0x0000000000004010                __low_level_init
 *(.init4)
 .init4         0x0000000000004010       0x18 /usr/lib/gcc/msp430/4.6.3/mmpy-16/libcrt0.a(_copy_data.o)
                0x0000000000004010                __do_copy_data
 .init4         0x0000000000004028       0x16 /usr/lib/gcc/msp430/4.6.3/mmpy-16/libcrt0.a(_clear_bss.o)
                0x0000000000004028                __do_clear_bss
 *(.init5)
 *(.init6)
 *(.init7)
 *(.init8)
 *(.init9)
 .init9         0x000000000000403e      0x340 obj_sky/contiki-sky-main.o
                0x000000000000403e                main
 *(.fini9)
 .fini9         0x000000000000437e        0x0 /usr/lib/gcc/msp430/4.6.3/mmpy-16/libcrt0.a(__stop_progExec__.o)
                0x000000000000437e                __stop_progExec__
 *(.fini8)
 *(.fini7)
 *(.fini6)
 *(.fini5)
 *(.fini4)
 *(.fini3)
 *(.fini2)
 *(.fini1)
 *(.fini0)
 .fini0         0x000000000000437e        0x6 /usr/lib/gcc/msp430/4.6.3/mmpy-16/libcrt0.a(_endless_loop__.o)
                0x000000000000437e                _endless_loop__
 *(.fini .fini.*)
                0x0000000000004384                . = ALIGN (0x2)
                0x0000000000004384                __ctors_start = .
 *(.ctors)
                0x0000000000004384                __ctors_end = .
                0x0000000000004384                __dtors_start = .
 *(.dtors)
                0x0000000000004384                __dtors_end = .
                0x0000000000004384                . = ALIGN (0x2)
 *(.text .text.* .gnu.linkonce.t.*)
 .text          0x0000000000004384        0x4 /usr/lib/gcc/msp430/4.6.3/mmpy-16/crt0ivtbl16.o
                0x0000000000004384                __isr_14
                0x0000000000004384                __isr_11
                0x0000000000004384                __isr_2
                0x0000000000004384                __isr_7
                0x0000000000004384                __isr_0
                0x0000000000004384                __isr_8
                0x0000000000004384                __isr_3
                0x0000000000004384                __isr_12
                0x0000000000004384                __isr_13
                0x0000000000004384                __isr_9
 .text.process_thread_udp_server_process
                0x0000000000004388      0x20a udp-sink.co
 .text.collect_common_set_sink
                0x0000000000004592        0x2 udp-sink.co
                0x0000000000004592                collect_common_set_sink
 .text.collect_common_net_print
                0x0000000000004594        0xa udp-sink.co
                0x0000000000004594                collect_common_net_print
 .text.collect_common_send
                0x000000000000459e        0x2 udp-sink.co
                0x000000000000459e                collect_common_send
 .text.collect_common_net_init
                0x00000000000045a0       0x16 udp-sink.co
                0x00000000000045a0                collect_common_net_init
 .text.process_thread_collect_common_process
                0x00000000000045b6      0x1e6 obj_sky/collect-common.o
 .text.collect_common_recv
                0x000000000000479c       0xd0 obj_sky/collect-common.o
                0x000000000000479c                collect_common_recv
 .text.init_platform
                0x000000000000486c        0xc contiki-sky.a(contiki-sky-pla)
                0x000000000000486c                init_platform
 .text.status   0x0000000000004878       0x16 contiki-sky.a(button-sensor.o)
 .text.configure
                0x000000000000488e       0x52 contiki-sky.a(button-sensor.o)
 .text.value    0x00000000000048e0       0x22 contiki-sky.a(button-sensor.o)
 .text.irq_p2   0x0000000000004902       0x8a contiki-sky.a(button-sensor.o)
                0x0000000000004902                irq_p2
                0x0000000000004902                __isr_1
 .text.owreadb  0x000000000000498c       0x52 contiki-sky.a(ds2411.o)
 .text.ds2411_init
                0x00000000000049de      0x122 contiki-sky.a(ds2411.o)
                0x00000000000049de                ds2411_init
 .text.wait_ready
                0x0000000000004b00       0x50 contiki-sky.a(xmem.o)
 .text.xmem_init
                0x0000000000004b50       0x3e contiki-sky.a(xmem.o)
                0x0000000000004b50                xmem_init
 .text.xmem_pread
                0x0000000000004b8e       0xea contiki-sky.a(xmem.o)
                0x0000000000004b8e                xmem_pread
 .text.node_id_restore
                0x0000000000004c78       0x38 contiki-sky.a(node-id.o)
                0x0000000000004c78                node_id_restore
 .text.process_thread_sensors_process
                0x0000000000004cb0       0xbe contiki-sky.a(sensors.o)
 .text.sensors_changed
                0x0000000000004d6e       0x2a contiki-sky.a(sensors.o)
                0x0000000000004d6e                sensors_changed
 .text.get_object
                0x0000000000004d98        0x4 contiki-sky.a(cc2420.o)
 .text.set_object
                0x0000000000004d9c        0x4 contiki-sky.a(cc2420.o)
 .text.strobe   0x0000000000004da0       0x20 contiki-sky.a(cc2420.o)
 .text.getreg   0x0000000000004dc0       0x54 contiki-sky.a(cc2420.o)
 .text.setreg   0x0000000000004e14       0x52 contiki-sky.a(cc2420.o)
 .text.write_ram
                0x0000000000004e66       0x80 contiki-sky.a(cc2420.o)
 .text.write_fifo_buf
                0x0000000000004ee6       0x40 contiki-sky.a(cc2420.o)
 .text.get_status
                0x0000000000004f26       0x24 contiki-sky.a(cc2420.o)
 .text.set_txpower
                0x0000000000004f4a       0x26 contiki-sky.a(cc2420.o)
 .text.cc2420_receiving_packet
                0x0000000000004f70        0xe contiki-sky.a(cc2420.o)
 .text.pending_packet
                0x0000000000004f7e        0x8 contiki-sky.a(cc2420.o)
 .text.on       0x0000000000004f86       0x26 contiki-sky.a(cc2420.o)
 .text.wait_for_transmission
                0x0000000000004fac       0x22 contiki-sky.a(cc2420.o)
 .text.wait_for_status
                0x0000000000004fce       0x2a contiki-sky.a(cc2420.o)
 .text.getrxdata
                0x0000000000004ff8       0x56 contiki-sky.a(cc2420.o)
 .text.flushrx  0x000000000000504e       0x1a contiki-sky.a(cc2420.o)
 .text.off      0x0000000000005068       0x62 contiki-sky.a(cc2420.o)
 .text.RELEASE_LOCK
                0x00000000000050ca       0x28 contiki-sky.a(cc2420.o)
 .text.set_key  0x00000000000050f2       0x18 contiki-sky.a(cc2420.o)
 .text.set_frame_filtering
                0x000000000000510a       0x30 contiki-sky.a(cc2420.o)
 .text.set_auto_ack
                0x000000000000513a       0x30 contiki-sky.a(cc2420.o)
 .text.set_poll_mode
                0x000000000000516a       0x36 contiki-sky.a(cc2420.o)
 .text.cc2420_prepare
                0x00000000000051a0       0x3c contiki-sky.a(cc2420.o)
 .text.cc2420_on
                0x00000000000051dc       0x22 contiki-sky.a(cc2420.o)
                0x00000000000051dc                cc2420_on
 .text.cc2420_off
                0x00000000000051fe       0x30 contiki-sky.a(cc2420.o)
                0x00000000000051fe                cc2420_off
 .text.cc2420_cca
                0x000000000000522e       0x5e contiki-sky.a(cc2420.o)
 .text.cc2420_read
                0x000000000000528c       0xc0 contiki-sky.a(cc2420.o)
 .text.process_thread_cc2420_process
                0x000000000000534c       0x58 contiki-sky.a(cc2420.o)
 .text.encrypt  0x00000000000053a4       0x8e contiki-sky.a(cc2420.o)
 .text.cc2420_set_channel
                0x0000000000005432       0x3c contiki-sky.a(cc2420.o)
                0x0000000000005432                cc2420_set_channel
 .text.cc2420_set_pan_addr
                0x000000000000546e       0x4c contiki-sky.a(cc2420.o)
                0x000000000000546e                cc2420_set_pan_addr
 .text.cc2420_interrupt
                0x00000000000054ba       0x18 contiki-sky.a(cc2420.o)
                0x00000000000054ba                cc2420_interrupt
 .text.cc2420_set_txpower
                0x00000000000054d2        0xe contiki-sky.a(cc2420.o)
                0x00000000000054d2                cc2420_set_txpower
 .text.cc2420_get_txpower
                0x00000000000054e0       0x1e contiki-sky.a(cc2420.o)
                0x00000000000054e0                cc2420_get_txpower
 .text.cc2420_transmit
                0x00000000000054fe      0x114 contiki-sky.a(cc2420.o)
 .text.cc2420_send
                0x0000000000005612       0x12 contiki-sky.a(cc2420.o)
 .text.cc2420_rssi
                0x0000000000005624       0x4c contiki-sky.a(cc2420.o)
                0x0000000000005624                cc2420_rssi
 .text.get_value
                0x0000000000005670      0x108 contiki-sky.a(cc2420.o)
 .text.cc2420_set_cca_threshold
                0x0000000000005778       0x16 contiki-sky.a(cc2420.o)
                0x0000000000005778                cc2420_set_cca_threshold
 .text.set_value
                0x000000000000578e       0xba contiki-sky.a(cc2420.o)
 .text.cc2420_init
                0x0000000000005848       0xf0 contiki-sky.a(cc2420.o)
                0x0000000000005848                cc2420_init
 .text.cc2420_port1_interrupt
                0x0000000000005938       0x62 contiki-sky.a(cc2420-arch.o)
                0x0000000000005938                __isr_4
                0x0000000000005938                cc2420_port1_interrupt
 .text.cc2420_arch_init
                0x000000000000599a       0x1a contiki-sky.a(cc2420-arch.o)
                0x000000000000599a                cc2420_arch_init
 .text.handle_rxdma_timer
                0x00000000000059b4       0x3a contiki-sky.a(uart1.o)
 .text.uart1_active
                0x00000000000059ee       0x1a contiki-sky.a(uart1.o)
                0x00000000000059ee                uart1_active
 .text.uart1_set_input
                0x0000000000005a08       0x20 contiki-sky.a(uart1.o)
                0x0000000000005a08                uart1_set_input
 .text.uart1_writeb
                0x0000000000005a28       0x1a contiki-sky.a(uart1.o)
                0x0000000000005a28                uart1_writeb
 .text.uart1_init
                0x0000000000005a42       0xf6 contiki-sky.a(uart1.o)
                0x0000000000005a42                uart1_init
 .text.putchar  0x0000000000005b38       0x10 contiki-sky.a(uart1-putchar.o)
                0x0000000000005b38                putchar
 .text.msp430_init_dco
                0x0000000000005b48       0x84 contiki-sky.a(msp430.o)
                0x0000000000005b48                msp430_init_dco
 .text.msp430_add_lpm_req
                0x0000000000005bcc        0xc contiki-sky.a(msp430.o)
                0x0000000000005bcc                msp430_add_lpm_req
 .text.msp430_cpu_init
                0x0000000000005bd8       0x2a contiki-sky.a(msp430.o)
                0x0000000000005bd8                msp430_cpu_init
 .text.splhigh_
                0x0000000000005c02        0x8 contiki-sky.a(msp430.o)
                0x0000000000005c02                splhigh_
 .text.msp430_sync_dco
                0x0000000000005c0a       0x68 contiki-sky.a(msp430.o)
                0x0000000000005c0a                msp430_sync_dco
 .text.timera1  0x0000000000005c72      0x11e contiki-sky.a(clock.o)
                0x0000000000005c72                __isr_5
                0x0000000000005c72                timera1
 .text.clock_time
                0x0000000000005d90       0x1a contiki-sky.a(clock.o)
                0x0000000000005d90                clock_time
 .text.clock_init
                0x0000000000005daa       0x28 contiki-sky.a(clock.o)
                0x0000000000005daa                clock_init
 .text.clock_delay
                0x0000000000005dd2        0xc contiki-sky.a(clock.o)
                0x0000000000005dd2                clock_delay
 .text.clock_seconds
                0x0000000000005dde       0x1a contiki-sky.a(clock.o)
                0x0000000000005dde                clock_seconds
 .text.show_leds
                0x0000000000005df8       0xf6 contiki-sky.a(leds.o)
 .text.leds_init
                0x0000000000005eee        0xa contiki-sky.a(leds.o)
                0x0000000000005eee                leds_init
 .text.leds_on  0x0000000000005ef8        0xa contiki-sky.a(leds.o)
                0x0000000000005ef8                leds_on
 .text.leds_off
                0x0000000000005f02        0xe contiki-sky.a(leds.o)
                0x0000000000005f02                leds_off
 .text.leds_toggle
                0x0000000000005f10        0xa contiki-sky.a(leds.o)
                0x0000000000005f10                leds_toggle
 .text.leds_blink
                0x0000000000005f1a       0x20 contiki-sky.a(leds.o)
                0x0000000000005f1a                leds_blink
 .text.leds_arch_init
                0x0000000000005f3a        0xe contiki-sky.a(leds-arch.o)
                0x0000000000005f3a                leds_arch_init
 .text.leds_arch_set
                0x0000000000005f48       0x3a contiki-sky.a(leds-arch.o)
                0x0000000000005f48                leds_arch_set
 .text.watchdog_interrupt
                0x0000000000005f82        0x6 contiki-sky.a(watchdog.o)
                0x0000000000005f82                __isr_10
                0x0000000000005f82                watchdog_interrupt
 .text.watchdog_start
                0x0000000000005f88       0x14 contiki-sky.a(watchdog.o)
                0x0000000000005f88                watchdog_start
 .text.watchdog_periodic
                0x0000000000005f9c       0x12 contiki-sky.a(watchdog.o)
                0x0000000000005f9c                watchdog_periodic
 .text.watchdog_stop
                0x0000000000005fae       0x16 contiki-sky.a(watchdog.o)
                0x0000000000005fae                watchdog_stop
 .text.watchdog_init
                0x0000000000005fc4       0x14 contiki-sky.a(watchdog.o)
                0x0000000000005fc4                watchdog_init
 .text.rtimer_arch_init
                0x0000000000005fd8        0xe contiki-sky.a(rtimer-arch.o)
                0x0000000000005fd8                rtimer_arch_init
 .text.rtimer_arch_now
                0x0000000000005fe6        0xe contiki-sky.a(rtimer-arch.o)
                0x0000000000005fe6                rtimer_arch_now
 .text.timera0  0x0000000000005ff4       0x70 contiki-sky.a(rtimer-arch.o)
                0x0000000000005ff4                __isr_6
                0x0000000000005ff4                timera0
 .text.rtimer_arch_schedule
                0x0000000000006064        0x6 contiki-sky.a(rtimer-arch.o)
                0x0000000000006064                rtimer_arch_schedule
 .text.autostart_start
                0x000000000000606a       0x16 contiki-sky.a(autostart.o)
                0x000000000000606a                autostart_start
 .text.process_thread_ctimer_process
                0x0000000000006080       0xa4 contiki-sky.a(ctimer.o)
 .text.ctimer_init
                0x0000000000006124       0x18 contiki-sky.a(ctimer.o)
                0x0000000000006124                ctimer_init
 .text.ctimer_set_with_process
                0x000000000000613c       0x4e contiki-sky.a(ctimer.o)
                0x000000000000613c                ctimer_set_with_process
 .text.ctimer_set
                0x000000000000618a       0x10 contiki-sky.a(ctimer.o)
                0x000000000000618a                ctimer_set
 .text.ctimer_reset
                0x000000000000619a       0x30 contiki-sky.a(ctimer.o)
                0x000000000000619a                ctimer_reset
 .text.ctimer_restart
                0x00000000000061ca       0x30 contiki-sky.a(ctimer.o)
                0x00000000000061ca                ctimer_restart
 .text.ctimer_stop
                0x00000000000061fa       0x28 contiki-sky.a(ctimer.o)
                0x00000000000061fa                ctimer_stop
 .text.energest_init
                0x0000000000006222       0x28 contiki-sky.a(energest.o)
                0x0000000000006222                energest_init
 .text.energest_type_time
                0x000000000000624a       0x46 contiki-sky.a(energest.o)
                0x000000000000624a                energest_type_time
 .text.energest_type_set
                0x0000000000006290        0xe contiki-sky.a(energest.o)
                0x0000000000006290                energest_type_set
 .text.energest_flush
                0x000000000000629e       0x48 contiki-sky.a(energest.o)
                0x000000000000629e                energest_flush
 .text.update_time
                0x00000000000062e6       0x78 contiki-sky.a(etimer.o)
 .text.etimer_request_poll
                0x000000000000635e        0xa contiki-sky.a(etimer.o)
                0x000000000000635e                etimer_request_poll
 .text.process_thread_etimer_process
                0x0000000000006368       0xc8 contiki-sky.a(etimer.o)
 .text.add_timer
                0x0000000000006430       0x40 contiki-sky.a(etimer.o)
 .text.etimer_set
                0x0000000000006470       0x12 contiki-sky.a(etimer.o)
                0x0000000000006470                etimer_set
 .text.etimer_reset
                0x0000000000006482       0x12 contiki-sky.a(etimer.o)
                0x0000000000006482                etimer_reset
 .text.etimer_restart
                0x0000000000006494       0x12 contiki-sky.a(etimer.o)
                0x0000000000006494                etimer_restart
 .text.etimer_expired
                0x00000000000064a6        0xe contiki-sky.a(etimer.o)
                0x00000000000064a6                etimer_expired
 .text.etimer_expiration_time
                0x00000000000064b4       0x14 contiki-sky.a(etimer.o)
                0x00000000000064b4                etimer_expiration_time
 .text.etimer_pending
                0x00000000000064c8        0xc contiki-sky.a(etimer.o)
                0x00000000000064c8                etimer_pending
 .text.etimer_next_expiration_time
                0x00000000000064d4       0x16 contiki-sky.a(etimer.o)
                0x00000000000064d4                etimer_next_expiration_time
 .text.etimer_stop
                0x00000000000064ea       0x3c contiki-sky.a(etimer.o)
                0x00000000000064ea                etimer_stop
 .text.call_process
                0x0000000000006526       0x4a contiki-sky.a(process.o)
 .text.exit_process
                0x0000000000006570       0x96 contiki-sky.a(process.o)
 .text.do_poll  0x0000000000006606       0x30 contiki-sky.a(process.o)
 .text.process_alloc_event
                0x0000000000006636        0xe contiki-sky.a(process.o)
                0x0000000000006636                process_alloc_event
 .text.process_init
                0x0000000000006644       0x1c contiki-sky.a(process.o)
                0x0000000000006644                process_init
 .text.process_run
                0x0000000000006660       0x92 contiki-sky.a(process.o)
                0x0000000000006660                process_run
 .text.process_nevents
                0x00000000000066f2        0xe contiki-sky.a(process.o)
                0x00000000000066f2                process_nevents
 .text.process_post
                0x0000000000006700       0x4e contiki-sky.a(process.o)
                0x0000000000006700                process_post
 .text.process_post_synch
                0x000000000000674e       0x12 contiki-sky.a(process.o)
                0x000000000000674e                process_post_synch
 .text.process_start
                0x0000000000006760       0x32 contiki-sky.a(process.o)
                0x0000000000006760                process_start
 .text.process_poll
                0x0000000000006792       0x18 contiki-sky.a(process.o)
                0x0000000000006792                process_poll
 .text.rtimer_init
                0x00000000000067aa        0x6 contiki-sky.a(rtimer.o)
                0x00000000000067aa                rtimer_init
 .text.rtimer_run_next
                0x00000000000067b0       0x26 contiki-sky.a(rtimer.o)
                0x00000000000067b0                rtimer_run_next
 .text.timer_set
                0x00000000000067d6       0x1c contiki-sky.a(timer.o)
                0x00000000000067d6                timer_set
 .text.timer_reset
                0x00000000000067f2        0xe contiki-sky.a(timer.o)
                0x00000000000067f2                timer_reset
 .text.timer_restart
                0x0000000000006800       0x14 contiki-sky.a(timer.o)
                0x0000000000006800                timer_restart
 .text.timer_expired
                0x0000000000006814       0x2a contiki-sky.a(timer.o)
                0x0000000000006814                timer_expired
 .text.process_thread_serial_line_process
                0x000000000000683e       0x9c contiki-sky.a(serial-line.o)
 .text.serial_line_input_byte
                0x00000000000068da       0x4a contiki-sky.a(serial-line.o)
                0x00000000000068da                serial_line_input_byte
 .text.serial_line_init
                0x0000000000006924       0x1c contiki-sky.a(serial-line.o)
                0x0000000000006924                serial_line_init
 .text.list_init
                0x0000000000006940        0x6 contiki-sky.a(list.o)
                0x0000000000006940                list_init
 .text.list_head
                0x0000000000006946        0x4 contiki-sky.a(list.o)
                0x0000000000006946                list_head
 .text.list_tail
                0x000000000000694a       0x12 contiki-sky.a(list.o)
                0x000000000000694a                list_tail
 .text.list_remove
                0x000000000000695c       0x34 contiki-sky.a(list.o)
                0x000000000000695c                list_remove
 .text.list_push
                0x0000000000006990       0x1a contiki-sky.a(list.o)
                0x0000000000006990                list_push
 .text.list_add
                0x00000000000069aa       0x2a contiki-sky.a(list.o)
                0x00000000000069aa                list_add
 .text.list_length
                0x00000000000069d4       0x10 contiki-sky.a(list.o)
                0x00000000000069d4                list_length
 .text.list_item_next
                0x00000000000069e4        0xc contiki-sky.a(list.o)
                0x00000000000069e4                list_item_next
 .text.random_init
                0x00000000000069f0        0x6 contiki-sky.a(random.o)
                0x00000000000069f0                random_init
 .text.random_rand
                0x00000000000069f6        0x6 contiki-sky.a(random.o)
                0x00000000000069f6                random_rand
 .text.ringbuf_init
                0x00000000000069fc       0x14 contiki-sky.a(ringbuf.o)
                0x00000000000069fc                ringbuf_init
 .text.ringbuf_put
                0x0000000000006a10       0x38 contiki-sky.a(ringbuf.o)
                0x0000000000006a10                ringbuf_put
 .text.ringbuf_get
                0x0000000000006a48       0x34 contiki-sky.a(ringbuf.o)
                0x0000000000006a48                ringbuf_get
 .text.set_packet_attrs
                0x0000000000006a7c       0x44 contiki-sky.a(sicslowpan.o)
 .text.addr_context_lookup_by_number
                0x0000000000006ac0       0x36 contiki-sky.a(sicslowpan.o)
 .text.compress_addr_64
                0x0000000000006af6       0xae contiki-sky.a(sicslowpan.o)
 .text.uncompress_addr
                0x0000000000006ba4       0xb4 contiki-sky.a(sicslowpan.o)
 .text.sicslowpan_init
                0x0000000000006c58       0x24 contiki-sky.a(sicslowpan.o)
                0x0000000000006c58                sicslowpan_init
 .text.addr_context_lookup_by_prefix
                0x0000000000006c7c       0x4c contiki-sky.a(sicslowpan.o)
 .text.output   0x0000000000006cc8      0x572 contiki-sky.a(sicslowpan.o)
 .text.packet_sent
                0x000000000000723a       0x22 contiki-sky.a(sicslowpan.o)
 .text.input    0x000000000000725c      0x492 contiki-sky.a(sicslowpan.o)
 .text.chksum   0x00000000000076ee       0x32 contiki-sky.a(uip6.o)
 .text.upper_layer_chksum
                0x0000000000007720       0x56 contiki-sky.a(uip6.o)
 .text.ext_hdr_options_process
                0x0000000000007776       0xda contiki-sky.a(uip6.o)
 .text.uip_icmp6chksum
                0x0000000000007850        0xa contiki-sky.a(uip6.o)
                0x0000000000007850                uip_icmp6chksum
 .text.uip_udpchksum
                0x000000000000785a        0xa contiki-sky.a(uip6.o)
                0x000000000000785a                uip_udpchksum
 .text.uip_init
                0x0000000000007864       0x26 contiki-sky.a(uip6.o)
                0x0000000000007864                uip_init
 .text.remove_ext_hdr
                0x000000000000788a       0x56 contiki-sky.a(uip6.o)
                0x000000000000788a                remove_ext_hdr
 .text.uip_udp_new
                0x00000000000078e0       0xac contiki-sky.a(uip6.o)
                0x00000000000078e0                uip_udp_new
 .text.uip_process
                0x000000000000798c      0x4b0 contiki-sky.a(uip6.o)
                0x000000000000798c                uip_process
 .text.uip_htonl
                0x0000000000007e3c       0x2e contiki-sky.a(uip6.o)
                0x0000000000007e3c                uip_htonl
 .text.uip_ds6_list_loop
                0x0000000000007e6a       0x86 contiki-sky.a(uip-ds6.o)
                0x0000000000007e6a                uip_ds6_list_loop
 .text.uip_ds6_prefix_add
                0x0000000000007ef0       0x80 contiki-sky.a(uip-ds6.o)
                0x0000000000007ef0                uip_ds6_prefix_add
 .text.uip_ds6_is_addr_onlink
                0x0000000000007f70       0x54 contiki-sky.a(uip-ds6.o)
                0x0000000000007f70                uip_ds6_is_addr_onlink
 .text.uip_ds6_addr_lookup
                0x0000000000007fc4       0x2a contiki-sky.a(uip-ds6.o)
                0x0000000000007fc4                uip_ds6_addr_lookup
 .text.uip_ds6_get_link_local
                0x0000000000007fee       0x3e contiki-sky.a(uip-ds6.o)
                0x0000000000007fee                uip_ds6_get_link_local
 .text.uip_ds6_maddr_add
                0x000000000000802c       0x4c contiki-sky.a(uip-ds6.o)
                0x000000000000802c                uip_ds6_maddr_add
 .text.uip_ds6_addr_add
                0x0000000000008078       0xc4 contiki-sky.a(uip-ds6.o)
                0x0000000000008078                uip_ds6_addr_add
 .text.uip_ds6_maddr_lookup
                0x000000000000813c       0x2a contiki-sky.a(uip-ds6.o)
                0x000000000000813c                uip_ds6_maddr_lookup
 .text.uip_ds6_addr_rm
                0x0000000000008166       0x54 contiki-sky.a(uip-ds6.o)
                0x0000000000008166                uip_ds6_addr_rm
 .text.uip_ds6_periodic
                0x00000000000081ba       0x46 contiki-sky.a(uip-ds6.o)
                0x00000000000081ba                uip_ds6_periodic
 .text.uip_ds6_set_addr_iid
                0x0000000000008200       0x14 contiki-sky.a(uip-ds6.o)
                0x0000000000008200                uip_ds6_set_addr_iid
 .text.get_match_length
                0x0000000000008214       0x3e contiki-sky.a(uip-ds6.o)
                0x0000000000008214                get_match_length
 .text.uip_ds6_select_src
                0x0000000000008252       0xaa contiki-sky.a(uip-ds6.o)
                0x0000000000008252                uip_ds6_select_src
 .text.uip_ds6_compute_reachable_time
                0x00000000000082fc       0x3e contiki-sky.a(uip-ds6.o)
                0x00000000000082fc                uip_ds6_compute_reachable_time
 .text.uip_ds6_init
                0x000000000000833a      0x154 contiki-sky.a(uip-ds6.o)
                0x000000000000833a                uip_ds6_init
 .text.uip_ds6_nbr_rm
                0x000000000000848e       0x1e contiki-sky.a(uip-ds6-nbr.o)
                0x000000000000848e                uip_ds6_nbr_rm
 .text.uip_ds6_neighbors_init
                0x00000000000084ac       0x12 contiki-sky.a(uip-ds6-nbr.o)
                0x00000000000084ac                uip_ds6_neighbors_init
 .text.uip_ds6_nbr_add
                0x00000000000084be       0x3e contiki-sky.a(uip-ds6-nbr.o)
                0x00000000000084be                uip_ds6_nbr_add
 .text.uip_ds6_nbr_get_ll
                0x00000000000084fc        0xc contiki-sky.a(uip-ds6-nbr.o)
                0x00000000000084fc                uip_ds6_nbr_get_ll
 .text.uip_ds6_nbr_lookup
                0x0000000000008508       0x42 contiki-sky.a(uip-ds6-nbr.o)
                0x0000000000008508                uip_ds6_nbr_lookup
 .text.uip_ds6_nbr_ll_lookup
                0x000000000000854a        0xc contiki-sky.a(uip-ds6-nbr.o)
                0x000000000000854a                uip_ds6_nbr_ll_lookup
 .text.uip_ds6_nbr_ipaddr_from_lladdr
                0x0000000000008556        0x6 contiki-sky.a(uip-ds6-nbr.o)
                0x0000000000008556                uip_ds6_nbr_ipaddr_from_lladdr
 .text.uip_ds6_nbr_lladdr_from_ipaddr
                0x000000000000855c       0x12 contiki-sky.a(uip-ds6-nbr.o)
                0x000000000000855c                uip_ds6_nbr_lladdr_from_ipaddr
 .text.uip_ds6_link_neighbor_callback
                0x000000000000856e       0x36 contiki-sky.a(uip-ds6-nbr.o)
                0x000000000000856e                uip_ds6_link_neighbor_callback
 .text.call_route_callback
                0x00000000000085a4       0x4c contiki-sky.a(uip-ds6-route.o)
 .text.uip_ds6_route_init
                0x00000000000085f0       0x36 contiki-sky.a(uip-ds6-route.o)
                0x00000000000085f0                uip_ds6_route_init
 .text.uip_ds6_route_nexthop
                0x0000000000008626       0x1a contiki-sky.a(uip-ds6-route.o)
                0x0000000000008626                uip_ds6_route_nexthop
 .text.uip_ds6_route_head
                0x0000000000008640        0xa contiki-sky.a(uip-ds6-route.o)
                0x0000000000008640                uip_ds6_route_head
 .text.uip_ds6_route_next
                0x000000000000864a        0xe contiki-sky.a(uip-ds6-route.o)
                0x000000000000864a                uip_ds6_route_next
 .text.uip_ds6_route_is_nexthop
                0x0000000000008658       0x1e contiki-sky.a(uip-ds6-route.o)
                0x0000000000008658                uip_ds6_route_is_nexthop
 .text.uip_ds6_route_lookup
                0x0000000000008676       0x8c contiki-sky.a(uip-ds6-route.o)
                0x0000000000008676                uip_ds6_route_lookup
 .text.uip_ds6_route_rm
                0x0000000000008702       0xa4 contiki-sky.a(uip-ds6-route.o)
                0x0000000000008702                uip_ds6_route_rm
 .text.rm_routelist
                0x00000000000087a6       0x34 contiki-sky.a(uip-ds6-route.o)
 .text.rm_routelist_callback
                0x00000000000087da        0x6 contiki-sky.a(uip-ds6-route.o)
 .text.uip_ds6_route_add
                0x00000000000087e0      0x110 contiki-sky.a(uip-ds6-route.o)
                0x00000000000087e0                uip_ds6_route_add
 .text.uip_ds6_defrt_rm
                0x00000000000088f0       0x48 contiki-sky.a(uip-ds6-route.o)
                0x00000000000088f0                uip_ds6_defrt_rm
 .text.uip_ds6_defrt_lookup
                0x0000000000008938       0x36 contiki-sky.a(uip-ds6-route.o)
                0x0000000000008938                uip_ds6_defrt_lookup
 .text.uip_ds6_defrt_add
                0x000000000000896e       0x74 contiki-sky.a(uip-ds6-route.o)
                0x000000000000896e                uip_ds6_defrt_add
 .text.uip_ds6_defrt_choose
                0x00000000000089e2       0x3a contiki-sky.a(uip-ds6-route.o)
                0x00000000000089e2                uip_ds6_defrt_choose
 .text.uip_ds6_defrt_periodic
                0x0000000000008a1c       0x38 contiki-sky.a(uip-ds6-route.o)
                0x0000000000008a1c                uip_ds6_defrt_periodic
 .text.echo_reply_input
                0x0000000000008a54       0xb2 contiki-sky.a(uip-icmp6.o)
 .text.echo_request_input
                0x0000000000008b06       0xce contiki-sky.a(uip-icmp6.o)
 .text.uip_icmp6_input
                0x0000000000008bd4       0x44 contiki-sky.a(uip-icmp6.o)
                0x0000000000008bd4                uip_icmp6_input
 .text.uip_icmp6_register_input_handler
                0x0000000000008c18        0xc contiki-sky.a(uip-icmp6.o)
                0x0000000000008c18                uip_icmp6_register_input_handler
 .text.uip_icmp6_error_output
                0x0000000000008c24      0x180 contiki-sky.a(uip-icmp6.o)
                0x0000000000008c24                uip_icmp6_error_output
 .text.uip_icmp6_send
                0x0000000000008da4       0x9a contiki-sky.a(uip-icmp6.o)
                0x0000000000008da4                uip_icmp6_send
 .text.uip_icmp6_init
                0x0000000000008e3e       0x12 contiki-sky.a(uip-icmp6.o)
                0x0000000000008e3e                uip_icmp6_init
 .text.uip_nd6_init
                0x0000000000008e50        0x2 contiki-sky.a(uip-nd6.o)
                0x0000000000008e50                uip_nd6_init
 .text.tcpip_output
                0x0000000000008e52       0x10 contiki-sky.a(tcpip.o)
                0x0000000000008e52                tcpip_output
 .text.tcpip_set_outputfunc
                0x0000000000008e62        0x6 contiki-sky.a(tcpip.o)
                0x0000000000008e62                tcpip_set_outputfunc
 .text.udp_new  0x0000000000008e68       0x1a contiki-sky.a(tcpip.o)
                0x0000000000008e68                udp_new
 .text.tcpip_input
                0x0000000000008e82       0x16 contiki-sky.a(tcpip.o)
                0x0000000000008e82                tcpip_input
 .text.tcpip_ipv6_output
                0x0000000000008e98       0xcc contiki-sky.a(tcpip.o)
                0x0000000000008e98                tcpip_ipv6_output
 .text.process_thread_tcpip_process
                0x0000000000008f64       0xd0 contiki-sky.a(tcpip.o)
 .text.tcpip_uipcall
                0x0000000000009034       0x2a contiki-sky.a(tcpip.o)
                0x0000000000009034                tcpip_uipcall
 .text.uip_debug_ipaddr_print
                0x000000000000905e       0xc6 contiki-sky.a(uip-debug.o)
                0x000000000000905e                uip_debug_ipaddr_print
 .text.rpl_get_mode
                0x0000000000009124        0x6 contiki-sky.a(rpl.o)
                0x0000000000009124                rpl_get_mode
 .text.rpl_purge_routes
                0x000000000000912a       0x96 contiki-sky.a(rpl.o)
                0x000000000000912a                rpl_purge_routes
 .text.rpl_remove_routes
                0x00000000000091c0       0x22 contiki-sky.a(rpl.o)
                0x00000000000091c0                rpl_remove_routes
 .text.rpl_remove_routes_by_nexthop
                0x00000000000091e2       0x46 contiki-sky.a(rpl.o)
                0x00000000000091e2                rpl_remove_routes_by_nexthop
 .text.rpl_add_route
                0x0000000000009228       0x46 contiki-sky.a(rpl.o)
                0x0000000000009228                rpl_add_route
 .text.rpl_link_neighbor_callback
                0x000000000000926e       0x4c contiki-sky.a(rpl.o)
                0x000000000000926e                rpl_link_neighbor_callback
 .text.rpl_ipv6_neighbor_callback
                0x00000000000092ba       0x1e contiki-sky.a(rpl.o)
                0x00000000000092ba                rpl_ipv6_neighbor_callback
 .text.rpl_purge_dags
                0x00000000000092d8       0x6e contiki-sky.a(rpl.o)
                0x00000000000092d8                rpl_purge_dags
 .text.rpl_init
                0x0000000000009346       0x44 contiki-sky.a(rpl.o)
                0x0000000000009346                rpl_init
 .text.lollipop_greater_than
                0x000000000000938a       0x44 contiki-sky.a(rpl-dag.o)
 .text.acceptable_rank
                0x00000000000093ce       0x50 contiki-sky.a(rpl-dag.o)
 .text.find_parent_any_dag_any_instance
                0x000000000000941e       0x14 contiki-sky.a(rpl-dag.o)
 .text.rpl_set_preferred_parent
                0x0000000000009432       0x30 contiki-sky.a(rpl-dag.o)
 .text.set_ip_from_prefix
                0x0000000000009462       0x38 contiki-sky.a(rpl-dag.o)
 .text.check_prefix
                0x000000000000949a       0x80 contiki-sky.a(rpl-dag.o)
 .text.rpl_dag_init
                0x000000000000951a        0xe contiki-sky.a(rpl-dag.o)
                0x000000000000951a                rpl_dag_init
 .text.rpl_get_parent
                0x0000000000009528        0xc contiki-sky.a(rpl-dag.o)
                0x0000000000009528                rpl_get_parent
 .text.rpl_rank_via_parent
                0x0000000000009534       0x2e contiki-sky.a(rpl-dag.o)
                0x0000000000009534                rpl_rank_via_parent
 .text.rpl_get_parent_lladdr
                0x0000000000009562        0xc contiki-sky.a(rpl-dag.o)
                0x0000000000009562                rpl_get_parent_lladdr
 .text.rpl_get_parent_ipaddr
                0x000000000000956e        0xa contiki-sky.a(rpl-dag.o)
                0x000000000000956e                rpl_get_parent_ipaddr
 .text.rpl_get_parent_link_stats
                0x0000000000009578        0xa contiki-sky.a(rpl-dag.o)
                0x0000000000009578                rpl_get_parent_link_stats
 .text.rpl_parent_is_fresh
                0x0000000000009582        0xa contiki-sky.a(rpl-dag.o)
                0x0000000000009582                rpl_parent_is_fresh
 .text.best_parent
                0x000000000000958c       0x74 contiki-sky.a(rpl-dag.o)
 .text.rpl_parent_is_reachable
                0x0000000000009600       0x46 contiki-sky.a(rpl-dag.o)
                0x0000000000009600                rpl_parent_is_reachable
 .text.rpl_set_prefix
                0x0000000000009646       0x8e contiki-sky.a(rpl-dag.o)
                0x0000000000009646                rpl_set_prefix
 .text.rpl_set_default_route
                0x00000000000096d4       0x4a contiki-sky.a(rpl-dag.o)
                0x00000000000096d4                rpl_set_default_route
 .text.rpl_alloc_instance
                0x000000000000971e       0x34 contiki-sky.a(rpl-dag.o)
                0x000000000000971e                rpl_alloc_instance
 .text.rpl_add_parent
                0x0000000000009752       0x3e contiki-sky.a(rpl-dag.o)
                0x0000000000009752                rpl_add_parent
 .text.rpl_find_parent
                0x0000000000009790       0x18 contiki-sky.a(rpl-dag.o)
                0x0000000000009790                rpl_find_parent
 .text.rpl_find_parent_any_dag
                0x00000000000097a8       0x20 contiki-sky.a(rpl-dag.o)
                0x00000000000097a8                rpl_find_parent_any_dag
 .text.rpl_select_parent
                0x00000000000097c8       0x66 contiki-sky.a(rpl-dag.o)
                0x00000000000097c8                rpl_select_parent
 .text.rpl_select_dag
                0x000000000000982e      0x17e contiki-sky.a(rpl-dag.o)
                0x000000000000982e                rpl_select_dag
 .text.rpl_nullify_parent
                0x00000000000099ac       0x60 contiki-sky.a(rpl-dag.o)
                0x00000000000099ac                rpl_nullify_parent
 .text.rpl_remove_parent
                0x0000000000009a0c       0x16 contiki-sky.a(rpl-dag.o)
                0x0000000000009a0c                rpl_remove_parent
 .text.nbr_callback
                0x0000000000009a22        0x6 contiki-sky.a(rpl-dag.o)
 .text.remove_parents.constprop.3
                0x0000000000009a28       0x30 contiki-sky.a(rpl-dag.o)
 .text.rpl_free_dag
                0x0000000000009a58       0x44 contiki-sky.a(rpl-dag.o)
                0x0000000000009a58                rpl_free_dag
 .text.rpl_move_parent
                0x0000000000009a9c       0x68 contiki-sky.a(rpl-dag.o)
                0x0000000000009a9c                rpl_move_parent
 .text.rpl_get_any_dag
                0x0000000000009b04       0x18 contiki-sky.a(rpl-dag.o)
                0x0000000000009b04                rpl_get_any_dag
 .text.rpl_get_instance
                0x0000000000009b1c       0x1a contiki-sky.a(rpl-dag.o)
                0x0000000000009b1c                rpl_get_instance
 .text.rpl_alloc_dag
                0x0000000000009b36       0x60 contiki-sky.a(rpl-dag.o)
                0x0000000000009b36                rpl_alloc_dag
 .text.rpl_repair_root
                0x0000000000009b96       0x50 contiki-sky.a(rpl-dag.o)
                0x0000000000009b96                rpl_repair_root
 .text.rpl_find_of
                0x0000000000009be6       0x10 contiki-sky.a(rpl-dag.o)
                0x0000000000009be6                rpl_find_of
 .text.rpl_set_root
                0x0000000000009bf6      0x14e contiki-sky.a(rpl-dag.o)
                0x0000000000009bf6                rpl_set_root
 .text.rpl_join_instance
                0x0000000000009d44      0x152 contiki-sky.a(rpl-dag.o)
                0x0000000000009d44                rpl_join_instance
 .text.rpl_local_repair
                0x0000000000009e96       0x94 contiki-sky.a(rpl-dag.o)
                0x0000000000009e96                rpl_local_repair
 .text.rpl_process_parent_event
                0x0000000000009f2a       0x8e contiki-sky.a(rpl-dag.o)
                0x0000000000009f2a                rpl_process_parent_event
 .text.rpl_recalculate_ranks
                0x0000000000009fb8       0x46 contiki-sky.a(rpl-dag.o)
                0x0000000000009fb8                rpl_recalculate_ranks
 .text.rpl_add_dag
                0x0000000000009ffe      0x114 contiki-sky.a(rpl-dag.o)
                0x0000000000009ffe                rpl_add_dag
 .text.rpl_process_dio
                0x000000000000a112      0x330 contiki-sky.a(rpl-dag.o)
                0x000000000000a112                rpl_process_dio
 .text.insert_hbh_header
                0x000000000000a442       0x78 contiki-sky.a(rpl-ext-header.)
 .text.rpl_verify_hbh_header
                0x000000000000a4ba      0x10a contiki-sky.a(rpl-ext-header.)
                0x000000000000a4ba                rpl_verify_hbh_header
 .text.rpl_finalize_header
                0x000000000000a5c4       0x92 contiki-sky.a(rpl-ext-header.)
                0x000000000000a5c4                rpl_finalize_header
 .text.rpl_remove_header
                0x000000000000a656       0xc2 contiki-sky.a(rpl-ext-header.)
                0x000000000000a656                rpl_remove_header
 .text.rpl_insert_header
                0x000000000000a718       0x28 contiki-sky.a(rpl-ext-header.)
                0x000000000000a718                rpl_insert_header
 .text.rpl_update_header
                0x000000000000a740       0xec contiki-sky.a(rpl-ext-header.)
                0x000000000000a740                rpl_update_header
 .text.prepare_for_dao_fwd
                0x000000000000a82c       0x28 contiki-sky.a(rpl-icmp6.o)
 .text.get32    0x000000000000a854       0x46 contiki-sky.a(rpl-icmp6.o)
 .text.set32    0x000000000000a89a       0x2a contiki-sky.a(rpl-icmp6.o)
 .text.get16    0x000000000000a8c4        0xe contiki-sky.a(rpl-icmp6.o)
 .text.set16    0x000000000000a8d2       0x10 contiki-sky.a(rpl-icmp6.o)
 .text.dao_ack_input
                0x000000000000a8e2        0xa contiki-sky.a(rpl-icmp6.o)
 .text.dio_input
                0x000000000000a8ec      0x2aa contiki-sky.a(rpl-icmp6.o)
 .text.rpl_icmp6_update_nbr_table
                0x000000000000ab96       0x30 contiki-sky.a(rpl-icmp6.o)
                0x000000000000ab96                rpl_icmp6_update_nbr_table
 .text.dao_input
                0x000000000000abc6      0x282 contiki-sky.a(rpl-icmp6.o)
 .text.dis_output
                0x000000000000ae48       0x50 contiki-sky.a(rpl-icmp6.o)
                0x000000000000ae48                dis_output
 .text.dio_output
                0x000000000000ae98      0x276 contiki-sky.a(rpl-icmp6.o)
                0x000000000000ae98                dio_output
 .text.dis_input
                0x000000000000b10e       0x3e contiki-sky.a(rpl-icmp6.o)
 .text.dao_output_target
                0x000000000000b14c      0x114 contiki-sky.a(rpl-icmp6.o)
                0x000000000000b14c                dao_output_target
 .text.dao_output
                0x000000000000b260       0xb2 contiki-sky.a(rpl-icmp6.o)
                0x000000000000b260                dao_output
 .text.rpl_icmp6_register_handlers
                0x000000000000b312       0x22 contiki-sky.a(rpl-icmp6.o)
                0x000000000000b312                rpl_icmp6_register_handlers
 .text.reset    0x000000000000b334        0x2 contiki-sky.a(rpl-mrhof.o)
 .text.update_metric_container
                0x000000000000b336        0x6 contiki-sky.a(rpl-mrhof.o)
 .text.parent_link_metric
                0x000000000000b33c       0x10 contiki-sky.a(rpl-mrhof.o)
 .text.parent_has_usable_link
                0x000000000000b34c       0x14 contiki-sky.a(rpl-mrhof.o)
 .text.best_dag
                0x000000000000b360       0x34 contiki-sky.a(rpl-mrhof.o)
 .text.parent_path_cost
                0x000000000000b394       0x44 contiki-sky.a(rpl-mrhof.o)
 .text.parent_is_acceptable
                0x000000000000b3d8       0x2a contiki-sky.a(rpl-mrhof.o)
 .text.best_parent
                0x000000000000b402       0x88 contiki-sky.a(rpl-mrhof.o)
 .text.rank_via_parent
                0x000000000000b48a       0x56 contiki-sky.a(rpl-mrhof.o)
 .text.handle_unicast_dio_timer
                0x000000000000b4e0       0x1c contiki-sky.a(rpl-timers.o)
 .text.new_dio_interval
                0x000000000000b4fc       0x92 contiki-sky.a(rpl-timers.o)
 .text.handle_periodic_timer
                0x000000000000b58e       0x50 contiki-sky.a(rpl-timers.o)
 .text.set_dao_lifetime_timer
                0x000000000000b5de       0x78 contiki-sky.a(rpl-timers.o)
 .text.schedule_dao
                0x000000000000b656       0x82 contiki-sky.a(rpl-timers.o)
 .text.handle_dio_timer
                0x000000000000b6d8       0x88 contiki-sky.a(rpl-timers.o)
 .text.handle_dao_timer
                0x000000000000b760       0x64 contiki-sky.a(rpl-timers.o)
 .text.rpl_reset_periodic_timer
                0x000000000000b7c4       0x60 contiki-sky.a(rpl-timers.o)
                0x000000000000b7c4                rpl_reset_periodic_timer
 .text.rpl_reset_dio_timer
                0x000000000000b824       0x18 contiki-sky.a(rpl-timers.o)
                0x000000000000b824                rpl_reset_dio_timer
 .text.rpl_schedule_dao
                0x000000000000b83c        0xc contiki-sky.a(rpl-timers.o)
                0x000000000000b83c                rpl_schedule_dao
 .text.rpl_schedule_unicast_dio_immediately
                0x000000000000b848       0x16 contiki-sky.a(rpl-timers.o)
                0x000000000000b848                rpl_schedule_unicast_dio_immediately
 .text.get_probing_delay
                0x000000000000b85e       0x40 contiki-sky.a(rpl-timers.o)
                0x000000000000b85e                get_probing_delay
 .text.get_probing_target
                0x000000000000b89e       0xf6 contiki-sky.a(rpl-timers.o)
                0x000000000000b89e                get_probing_target
 .text.rpl_schedule_probing
                0x000000000000b994       0x26 contiki-sky.a(rpl-timers.o)
                0x000000000000b994                rpl_schedule_probing
 .text.handle_probing_timer
                0x000000000000b9ba       0x3c contiki-sky.a(rpl-timers.o)
 .text.input_packet
                0x000000000000b9f6        0x6 contiki-sky.a(csma.o)
 .text.on       0x000000000000b9fc        0x6 contiki-sky.a(csma.o)
 .text.off      0x000000000000ba02        0x6 contiki-sky.a(csma.o)
 .text.channel_check_interval
                0x000000000000ba08       0x10 contiki-sky.a(csma.o)
 .text.transmit_packet_list
                0x000000000000ba18       0x24 contiki-sky.a(csma.o)
 .text.schedule_transmission
                0x000000000000ba3c       0x96 contiki-sky.a(csma.o)
 .text.send_packet
                0x000000000000bad2      0x164 contiki-sky.a(csma.o)
 .text.init     0x000000000000bc36       0x1a contiki-sky.a(csma.o)
 .text.tx_done  0x000000000000bc50       0x94 contiki-sky.a(csma.o)
 .text.packet_sent
                0x000000000000bce4       0xd2 contiki-sky.a(csma.o)
 .text.parse    0x000000000000bdb6       0xa6 contiki-sky.a(framer-802154.o)
 .text.create_frame.isra.0
                0x000000000000be5c      0x118 contiki-sky.a(framer-802154.o)
 .text.create   0x000000000000bf74        0x8 contiki-sky.a(framer-802154.o)
 .text.hdr_length
                0x000000000000bf7c        0x8 contiki-sky.a(framer-802154.o)
 .text.mac_call_sent_callback
                0x000000000000bf84       0x14 contiki-sky.a(mac.o)
                0x000000000000bf84                mac_call_sent_callback
 .text.on       0x000000000000bf98        0x6 contiki-sky.a(nullrdc.o)
 .text.channel_check_interval
                0x000000000000bf9e        0x4 contiki-sky.a(nullrdc.o)
 .text.init     0x000000000000bfa2        0x6 contiki-sky.a(nullrdc.o)
 .text.send_one_packet
                0x000000000000bfa8      0x116 contiki-sky.a(nullrdc.o)
 .text.send_list
                0x000000000000c0be       0x30 contiki-sky.a(nullrdc.o)
 .text.send_packet
                0x000000000000c0ee        0x6 contiki-sky.a(nullrdc.o)
 .text.off      0x000000000000c0f4       0x10 contiki-sky.a(nullrdc.o)
 .text.packet_input
                0x000000000000c104       0x3c contiki-sky.a(nullrdc.o)
 .text.linkaddr_copy
                0x000000000000c140        0x8 contiki-sky.a(linkaddr.o)
                0x000000000000c140                linkaddr_copy
 .text.linkaddr_cmp
                0x000000000000c148       0x12 contiki-sky.a(linkaddr.o)
                0x000000000000c148                linkaddr_cmp
 .text.linkaddr_set_node_addr
                0x000000000000c15a        0xc contiki-sky.a(linkaddr.o)
                0x000000000000c15a                linkaddr_set_node_addr
 .text.periodic
                0x000000000000c166       0x28 contiki-sky.a(link-stats.o)
 .text.link_stats_from_lladdr
                0x000000000000c18e        0xc contiki-sky.a(link-stats.o)
                0x000000000000c18e                link_stats_from_lladdr
 .text.link_stats_is_fresh
                0x000000000000c19a       0x30 contiki-sky.a(link-stats.o)
                0x000000000000c19a                link_stats_is_fresh
 .text.link_stats_packet_sent
                0x000000000000c1ca       0xda contiki-sky.a(link-stats.o)
                0x000000000000c1ca                link_stats_packet_sent
 .text.link_stats_input_callback
                0x000000000000c2a4       0xbc contiki-sky.a(link-stats.o)
                0x000000000000c2a4                link_stats_input_callback
 .text.link_stats_init
                0x000000000000c360       0x22 contiki-sky.a(link-stats.o)
                0x000000000000c360                link_stats_init
 .text.index_from_key
                0x000000000000c382       0x48 contiki-sky.a(nbr-table.o)
 .text.item_from_key
                0x000000000000c3ca       0x34 contiki-sky.a(nbr-table.o)
 .text.nbr_set_bit
                0x000000000000c3fe       0x8e contiki-sky.a(nbr-table.o)
 .text.index_from_lladdr
                0x000000000000c48c       0x42 contiki-sky.a(nbr-table.o)
 .text.nbr_get_bit.constprop.0
                0x000000000000c4ce       0x62 contiki-sky.a(nbr-table.o)
 .text.remove_key
                0x000000000000c530       0x60 contiki-sky.a(nbr-table.o)
 .text.nbr_table_register
                0x000000000000c590       0x28 contiki-sky.a(nbr-table.o)
                0x000000000000c590                nbr_table_register
 .text.nbr_table_next
                0x000000000000c5b8       0x90 contiki-sky.a(nbr-table.o)
                0x000000000000c5b8                nbr_table_next
 .text.nbr_table_head
                0x000000000000c648       0x36 contiki-sky.a(nbr-table.o)
                0x000000000000c648                nbr_table_head
 .text.nbr_table_add_lladdr
                0x000000000000c67e      0x136 contiki-sky.a(nbr-table.o)
                0x000000000000c67e                nbr_table_add_lladdr
 .text.nbr_table_get_from_lladdr
                0x000000000000c7b4       0x48 contiki-sky.a(nbr-table.o)
                0x000000000000c7b4                nbr_table_get_from_lladdr
 .text.nbr_table_remove
                0x000000000000c7fc       0x32 contiki-sky.a(nbr-table.o)
                0x000000000000c7fc                nbr_table_remove
 .text.nbr_table_lock
                0x000000000000c82e       0x10 contiki-sky.a(nbr-table.o)
                0x000000000000c82e                nbr_table_lock
 .text.nbr_table_unlock
                0x000000000000c83e       0x10 contiki-sky.a(nbr-table.o)
                0x000000000000c83e                nbr_table_unlock
 .text.nbr_table_get_lladdr
                0x000000000000c84e       0x5a contiki-sky.a(nbr-table.o)
                0x000000000000c84e                nbr_table_get_lladdr
 .text.packetbuf_hdrreduce
                0x000000000000c8a8       0x1a contiki-sky.a(packetbuf.o)
                0x000000000000c8a8                packetbuf_hdrreduce
 .text.packetbuf_set_datalen
                0x000000000000c8c2        0x6 contiki-sky.a(packetbuf.o)
                0x000000000000c8c2                packetbuf_set_datalen
 .text.packetbuf_hdrptr
                0x000000000000c8c8        0x6 contiki-sky.a(packetbuf.o)
                0x000000000000c8c8                packetbuf_hdrptr
 .text.packetbuf_datalen
                0x000000000000c8ce        0x6 contiki-sky.a(packetbuf.o)
                0x000000000000c8ce                packetbuf_datalen
 .text.packetbuf_hdrlen
                0x000000000000c8d4        0xa contiki-sky.a(packetbuf.o)
                0x000000000000c8d4                packetbuf_hdrlen
 .text.packetbuf_dataptr
                0x000000000000c8de        0xc contiki-sky.a(packetbuf.o)
                0x000000000000c8de                packetbuf_dataptr
 .text.packetbuf_copyto
                0x000000000000c8ea       0x46 contiki-sky.a(packetbuf.o)
                0x000000000000c8ea                packetbuf_copyto
 .text.packetbuf_totlen
                0x000000000000c930        0xc contiki-sky.a(packetbuf.o)
                0x000000000000c930                packetbuf_totlen
 .text.packetbuf_hdralloc
                0x000000000000c93c       0x3a contiki-sky.a(packetbuf.o)
                0x000000000000c93c                packetbuf_hdralloc
 .text.packetbuf_attr_clear
                0x000000000000c976       0x28 contiki-sky.a(packetbuf.o)
                0x000000000000c976                packetbuf_attr_clear
 .text.packetbuf_clear
                0x000000000000c99e       0x12 contiki-sky.a(packetbuf.o)
                0x000000000000c99e                packetbuf_clear
 .text.packetbuf_copyfrom
                0x000000000000c9b0       0x2e contiki-sky.a(packetbuf.o)
                0x000000000000c9b0                packetbuf_copyfrom
 .text.packetbuf_attr_copyto
                0x000000000000c9de       0x22 contiki-sky.a(packetbuf.o)
                0x000000000000c9de                packetbuf_attr_copyto
 .text.packetbuf_attr_copyfrom
                0x000000000000ca00       0x24 contiki-sky.a(packetbuf.o)
                0x000000000000ca00                packetbuf_attr_copyfrom
 .text.packetbuf_holds_broadcast
                0x000000000000ca24        0xe contiki-sky.a(packetbuf.o)
                0x000000000000ca24                packetbuf_holds_broadcast
 .text.queuebuf_init
                0x000000000000ca32       0x12 contiki-sky.a(queuebuf.o)
                0x000000000000ca32                queuebuf_init
 .text.queuebuf_new_from_packetbuf
                0x000000000000ca44       0x52 contiki-sky.a(queuebuf.o)
                0x000000000000ca44                queuebuf_new_from_packetbuf
 .text.queuebuf_update_attr_from_packetbuf
                0x000000000000ca96       0x12 contiki-sky.a(queuebuf.o)
                0x000000000000ca96                queuebuf_update_attr_from_packetbuf
 .text.queuebuf_free
                0x000000000000caa8       0x2a contiki-sky.a(queuebuf.o)
                0x000000000000caa8                queuebuf_free
 .text.queuebuf_to_packetbuf
                0x000000000000cad2       0x32 contiki-sky.a(queuebuf.o)
                0x000000000000cad2                queuebuf_to_packetbuf
 .text.queuebuf_attr
                0x000000000000cb04        0xe contiki-sky.a(queuebuf.o)
                0x000000000000cb04                queuebuf_attr
 .text.init     0x000000000000cb12        0x2 contiki-sky.a(nullsec.o)
 .text.send     0x000000000000cb14        0xa contiki-sky.a(nullsec.o)
 .text.input    0x000000000000cb1e        0x6 contiki-sky.a(nullsec.o)
 .text.spi_init
                0x000000000000cb24       0x32 contiki-sky.a(spi.o)
                0x000000000000cb24                spi_init
 .text.stimer_set
                0x000000000000cb56       0x1c contiki-sky.a(stimer.o)
                0x000000000000cb56                stimer_set
 .text.stimer_expired
                0x000000000000cb72       0x30 contiki-sky.a(stimer.o)
                0x000000000000cb72                stimer_expired
 .text.memb_init
                0x000000000000cba2       0x36 contiki-sky.a(memb.o)
                0x000000000000cba2                memb_init
 .text.memb_alloc
                0x000000000000cbd8       0x3e contiki-sky.a(memb.o)
                0x000000000000cbd8                memb_alloc
 .text.memb_free
                0x000000000000cc16       0x3a contiki-sky.a(memb.o)
                0x000000000000cc16                memb_free
 .text.memb_inmemb
                0x000000000000cc50       0x2e contiki-sky.a(memb.o)
                0x000000000000cc50                memb_inmemb
 .text.update_nbr
                0x000000000000cc7e       0xea contiki-sky.a(rpl-nbr-policy.)
 .text.handle_periodic_timer
                0x000000000000cd68        0xe contiki-sky.a(rpl-nbr-policy.)
 .text.find_removable_dis
                0x000000000000cd76       0x14 contiki-sky.a(rpl-nbr-policy.)
                0x000000000000cd76                find_removable_dis
 .text.find_removable_dio
                0x000000000000cd8a       0x3e contiki-sky.a(rpl-nbr-policy.)
                0x000000000000cd8a                find_removable_dio
 .text.find_removable_dao
                0x000000000000cdc8       0x32 contiki-sky.a(rpl-nbr-policy.)
                0x000000000000cdc8                find_removable_dao
 .text.rpl_nbr_policy_find_removable
                0x000000000000cdfa       0x30 contiki-sky.a(rpl-nbr-policy.)
                0x000000000000cdfa                rpl_nbr_policy_find_removable
 .text.frame802154_get_pan_id
                0x000000000000ce2a        0x6 contiki-sky.a(frame802154.o)
                0x000000000000ce2a                frame802154_get_pan_id
 .text.frame802154_has_panid
                0x000000000000ce30       0x64 contiki-sky.a(frame802154.o)
                0x000000000000ce30                frame802154_has_panid
 .text.field_len
                0x000000000000ce94       0xb2 contiki-sky.a(frame802154.o)
 .text.frame802154_is_broadcast_addr
                0x000000000000cf46       0x24 contiki-sky.a(frame802154.o)
                0x000000000000cf46                frame802154_is_broadcast_addr
 .text.frame802154_hdrlen
                0x000000000000cf6a       0x32 contiki-sky.a(frame802154.o)
                0x000000000000cf6a                frame802154_hdrlen
 .text.frame802154_create
                0x000000000000cf9c      0x16a contiki-sky.a(frame802154.o)
                0x000000000000cf9c                frame802154_create
 .text.frame802154_parse
                0x000000000000d106      0x226 contiki-sky.a(frame802154.o)
                0x000000000000d106                frame802154_parse
 .text.mac_sequence_is_duplicate
                0x000000000000d32c       0x44 contiki-sky.a(mac-sequence.o)
                0x000000000000d32c                mac_sequence_is_duplicate
 .text.mac_sequence_register_seqno
                0x000000000000d370       0x76 contiki-sky.a(mac-sequence.o)
                0x000000000000d370                mac_sequence_register_seqno
 .text.libgcc   0x000000000000d3e6       0x2c /usr/lib/gcc/msp430/4.6.3/mmpy-16/libgcc.a(_mulsi3.o)
                0x000000000000d3e6                __mulsi3
 .text.libgcc   0x000000000000d412       0x22 /usr/lib/gcc/msp430/4.6.3/mmpy-16/libgcc.a(_udivmod16.o)
                0x000000000000d412                __udivhi3
                0x000000000000d412                __ext_udivmod16
                0x000000000000d42c                __umodhi3
 .text.libgcc   0x000000000000d434       0x3a /usr/lib/gcc/msp430/4.6.3/mmpy-16/libgcc.a(_divmod16.o)
                0x000000000000d434                __ext_divmod16
                0x000000000000d434                __divhi3
                0x000000000000d466                __modhi3
 .text.libgcc   0x000000000000d46e       0x40 /usr/lib/gcc/msp430/4.6.3/mmpy-16/libgcc.a(_udivmod32.o)
                0x000000000000d46e                __udivsi3
                0x000000000000d46e                __ext_udivmod32
                0x000000000000d4a4                __umodsi3
 .text.libgcc   0x000000000000d4ae       0x4c /usr/lib/gcc/msp430/4.6.3/mmpy-16/libgcc.a(_divmod32.o)
                0x000000000000d4ae                __ext_divmod32
                0x000000000000d4ae                __divsi3
                0x000000000000d4f0                __modsi3
 .text          0x000000000000d4fa       0x28 /usr/lib/gcc/msp430/4.6.3/../../../../msp430/lib/mmpy-16/libc.a(strncmp.o)
                0x000000000000d4fa                strncmp
 .text          0x000000000000d522       0x20 /usr/lib/gcc/msp430/4.6.3/../../../../msp430/lib/mmpy-16/libc.a(memcmp.o)
                0x000000000000d522                memcmp
 .text          0x000000000000d542       0xfa /usr/lib/gcc/msp430/4.6.3/../../../../msp430/lib/mmpy-16/libc.a(memcpy.o)
                0x000000000000d542                memcpy
 .text          0x000000000000d63c       0xfa /usr/lib/gcc/msp430/4.6.3/../../../../msp430/lib/mmpy-16/libc.a(memmove.o)
                0x000000000000d63c                memmove
 .text          0x000000000000d736       0x6a /usr/lib/gcc/msp430/4.6.3/../../../../msp430/lib/mmpy-16/libc.a(memset.o)
                0x000000000000d736                memset
 .text          0x000000000000d7a0       0x1e /usr/lib/gcc/msp430/4.6.3/../../../../msp430/lib/mmpy-16/libc.a(printf.o)
                0x000000000000d7a0                printf
                0x000000000000d7b0                vprintf
 .text          0x000000000000d7be      0x836 /usr/lib/gcc/msp430/4.6.3/../../../../msp430/lib/mmpy-16/libc.a(vuprintf.o)
                0x000000000000d956                vuprintf
 .text          0x000000000000dff4       0x2c /usr/lib/gcc/msp430/4.6.3/../../../../msp430/lib/mmpy-16/libc.a(puts.o)
                0x000000000000dff4                puts
 .text          0x000000000000e020       0x54 /usr/lib/gcc/msp430/4.6.3/../../../../msp430/lib/mmpy-16/libc.a(rand.o)
                0x000000000000e020                rand_r
                0x000000000000e044                rand
                0x000000000000e06a                srand
 .text.libgcc   0x000000000000e074       0xf0 /usr/lib/gcc/msp430/4.6.3/mmpy-16/libgcc.a(_udivmod64.o)
                0x000000000000e074                __xabi_udivmod64
                0x000000000000e0d2                __udivdi3
                0x000000000000e0f8                __umoddi3
                0x000000000000e126                __udivmoddi4
 .text.crt0     0x000000000000e164        0x2 /usr/lib/gcc/msp430/4.6.3/mmpy-16/libcrt0.a(_unexpected_.o)
                0x000000000000e164                _unexpected_
                0x000000000000e166                . = ALIGN (0x2)

.rodata         0x000000000000e166      0x444
                0x000000000000e166                . = ALIGN (0x2)
 *(.rodata .rodata.* .gnu.linkonce.r.*)
 .rodata        0x000000000000e166       0xe8 udp-sink.co
                0x000000000000e234                autostart_processes
 .rodata        0x000000000000e24e       0xce obj_sky/collect-common.o
 .rodata        0x000000000000e31c      0x12e obj_sky/contiki-sky-main.o
 .rodata        0x000000000000e44a       0x10 contiki-sky.a(button-sensor.o)
                0x000000000000e452                button_sensor
 .rodata        0x000000000000e45a        0x8 contiki-sky.a(sensors.o)
 .rodata        0x000000000000e462       0x70 contiki-sky.a(cc2420.o)
                0x000000000000e494                cc2420_aes_128_driver
                0x000000000000e498                cc2420_driver
 .rodata        0x000000000000e4d2        0xf contiki-sky.a(ctimer.o)
 .rodata        0x000000000000e4e1        0xc contiki-sky.a(etimer.o)
 .rodata        0x000000000000e4ed        0xe contiki-sky.a(serial-line.o)
 *fill*         0x000000000000e4fb        0x1 00
 .rodata        0x000000000000e4fc       0x24 contiki-sky.a(sicslowpan.o)
                0x000000000000e508                sicslowpan_driver
                0x000000000000e50e                llprefix
                0x000000000000e510                unc_mxconf
                0x000000000000e514                unc_ctxconf
                0x000000000000e518                unc_llconf
 .rodata        0x000000000000e520        0xd contiki-sky.a(tcpip.o)
 .rodata        0x000000000000e52d       0x28 contiki-sky.a(uip-debug.o)
 *fill*         0x000000000000e555        0x1 00
 .rodata        0x000000000000e556       0x14 contiki-sky.a(csma.o)
                0x000000000000e55c                csma_driver
 .rodata        0x000000000000e56a        0x6 contiki-sky.a(framer-802154.o)
                0x000000000000e56a                framer_802154
 .rodata        0x000000000000e570       0x18 contiki-sky.a(nullrdc.o)
                0x000000000000e578                nullrdc_driver
 .rodata        0x000000000000e588        0x8 contiki-sky.a(linkaddr.o)
                0x000000000000e588                linkaddr_null
 .rodata        0x000000000000e590       0x10 contiki-sky.a(nullsec.o)
                0x000000000000e598                nullsec_driver
 .rodata        0x000000000000e5a0        0x2 contiki-sky.a(frame802154.o)
 .rodata        0x000000000000e5a2        0x7 /usr/lib/gcc/msp430/4.6.3/../../../../msp430/lib/mmpy-16/libc.a(vuprintf.o)
                0x000000000000e5aa                . = ALIGN (0x2)
 *fill*         0x000000000000e5a9        0x1 00
                0x000000000000e5aa                _etext = .

.data           0x0000000000001100      0x106 load address 0x000000000000e5aa
                0x0000000000001100                . = ALIGN (0x2)
                0x0000000000001100                PROVIDE (__data_start, .)
 *(.data .data.* .gnu.linkonce.d.*)
 .data          0x0000000000001100        0xa udp-sink.co
                0x0000000000001100                udp_server_process
 .data          0x000000000000110a        0xc obj_sky/collect-common.o
                0x000000000000110a                collect_common_process
 .data          0x0000000000001116        0x4 contiki-sky.a(contiki-sky-pla)
                0x0000000000001116                sensors
 .data          0x000000000000111a        0xa contiki-sky.a(sensors.o)
                0x000000000000111a                sensors_process
 .data          0x0000000000001124        0xc contiki-sky.a(cc2420.o)
                0x0000000000001124                cc2420_process
 .data          0x0000000000001130        0x2 contiki-sky.a(msp430.o)
 .data          0x0000000000001132        0xa contiki-sky.a(ctimer.o)
                0x0000000000001132                ctimer_process
 .data          0x000000000000113c        0xa contiki-sky.a(etimer.o)
                0x000000000000113c                etimer_process
 .data          0x0000000000001146        0xa contiki-sky.a(serial-line.o)
                0x0000000000001146                serial_line_process
 .data          0x0000000000001150        0xa contiki-sky.a(uip-ds6-nbr.o)
                0x0000000000001150                ds6_neighbors
 .data          0x000000000000115a       0x22 contiki-sky.a(uip-ds6-route.o)
                0x000000000000115a                nbr_routes
 .data          0x000000000000117c        0xc contiki-sky.a(uip-icmp6.o)
 .data          0x0000000000001188        0xa contiki-sky.a(tcpip.o)
                0x0000000000001188                tcpip_process
 .data          0x0000000000001192        0xa contiki-sky.a(rpl-dag.o)
                0x0000000000001192                rpl_parents
 .data          0x000000000000119c       0x1a contiki-sky.a(rpl-icmp6.o)
 .data          0x00000000000011b6       0x12 contiki-sky.a(rpl-mrhof.o)
                0x00000000000011b6                rpl_mrhof
 .data          0x00000000000011c8       0x18 contiki-sky.a(csma.o)
 .data          0x00000000000011e0        0x8 contiki-sky.a(link-stats.o)
 .data          0x00000000000011e8        0x8 contiki-sky.a(nbr-table.o)
 .data          0x00000000000011f0       0x10 contiki-sky.a(queuebuf.o)
 .data          0x0000000000001200        0x2 contiki-sky.a(frame802154.o)
 .data          0x0000000000001202        0x4 /usr/lib/gcc/msp430/4.6.3/../../../../msp430/lib/mmpy-16/libc.a(rand.o)
                0x0000000000001206                . = ALIGN (0x2)
                0x0000000000001206                _edata = .
                0x000000000000e5aa                PROVIDE (__data_load_start, LOADADDR (.data))
                0x0000000000000106                PROVIDE (__data_size, SIZEOF (.data))

.bss            0x0000000000001206     0x1390 load address 0x000000000000e6b0
                0x0000000000001206                PROVIDE (__bss_start, .)
 *(.bss .bss.*)
 .bss           0x0000000000001206        0x2 udp-sink.co
 .bss           0x0000000000001208       0x1c obj_sky/collect-common.o
 .bss           0x0000000000001224        0xc obj_sky/contiki-sky-main.o
 .bss           0x0000000000001230        0x8 contiki-sky.a(button-sensor.o)
 .bss           0x0000000000001238        0x2 contiki-sky.a(node-id.o)
                0x0000000000001238                node_id
 .bss           0x000000000000123a        0x6 contiki-sky.a(sensors.o)
 .bss           0x0000000000001240        0xa contiki-sky.a(cc2420.o)
 .bss           0x000000000000124a       0x9a contiki-sky.a(uart1.o)
 .bss           0x00000000000012e4        0xa contiki-sky.a(clock.o)
 .bss           0x00000000000012ee        0x1 contiki-sky.a(leds.o)
 *fill*         0x00000000000012ef        0x1 00
 .bss           0x00000000000012f0        0x2 contiki-sky.a(watchdog.o)
 .bss           0x00000000000012f2        0x4 contiki-sky.a(ctimer.o)
 .bss           0x00000000000012f6        0x6 contiki-sky.a(etimer.o)
 .bss           0x00000000000012fc       0x38 contiki-sky.a(process.o)
                0x00000000000012fc                process_current
                0x00000000000012fe                process_list
 .bss           0x0000000000001334        0x2 contiki-sky.a(rtimer.o)
 .bss           0x0000000000001336      0x10a contiki-sky.a(serial-line.o)
 .bss           0x0000000000001440       0x24 contiki-sky.a(sicslowpan.o)
 .bss           0x0000000000001464        0x8 contiki-sky.a(uip6.o)
                0x0000000000001464                uip_ext_opt_offset
                0x0000000000001466                uip_ext_len
                0x0000000000001468                uip_ext_bitmap
 .bss           0x000000000000146c       0x18 contiki-sky.a(uip-ds6.o)
 .bss           0x0000000000001484       0xb4 contiki-sky.a(uip-ds6-nbr.o)
 .bss           0x0000000000001538      0x1e6 contiki-sky.a(uip-ds6-route.o)
 .bss           0x000000000000171e       0x14 contiki-sky.a(uip-icmp6.o)
 .bss           0x0000000000001732        0xe contiki-sky.a(tcpip.o)
 .bss           0x0000000000001740        0x2 contiki-sky.a(rpl.o)
 .bss           0x0000000000001742       0x3c contiki-sky.a(rpl-dag.o)
 .bss           0x000000000000177e       0x18 contiki-sky.a(rpl-timers.o)
 .bss           0x0000000000001796       0xc0 contiki-sky.a(csma.o)
 .bss           0x0000000000001856        0x2 contiki-sky.a(framer-802154.o)
 .bss           0x0000000000001858       0x64 contiki-sky.a(link-stats.o)
 .bss           0x00000000000018bc       0x96 contiki-sky.a(nbr-table.o)
 .bss           0x0000000000001952       0x86 contiki-sky.a(packetbuf.o)
 .bss           0x00000000000019d8      0x5a0 contiki-sky.a(queuebuf.o)
 .bss           0x0000000000001f78       0x20 contiki-sky.a(rpl-nbr-policy.)
 .bss           0x0000000000001f98       0xa0 contiki-sky.a(mac-sequence.o)
 *(COMMON)
 COMMON         0x0000000000002038        0x2 contiki-sky.a(contiki-sky-pla)
                0x0000000000002038                sensors_flags
 COMMON         0x000000000000203a        0x8 contiki-sky.a(ds2411.o)
                0x000000000000203a                ds2411_id
 COMMON         0x0000000000002042        0x1 contiki-sky.a(sensors.o)
                0x0000000000002042                sensors_event
 *fill*         0x0000000000002043        0x1 00
 COMMON         0x0000000000002044       0x10 contiki-sky.a(cc2420.o)
                0x0000000000002044                cc2420_last_rssi
                0x0000000000002046                cc2420_sfd_start_time
                0x0000000000002048                cc2420_time_of_departure
                0x000000000000204a                cc2420_time_of_arrival
                0x000000000000204c                cc2420_last_correlation
                0x000000000000204e                cc2420_authority_level_of_sender
                0x0000000000002050                cc2420_sfd_counter
                0x0000000000002052                cc2420_sfd_end_time
 COMMON         0x0000000000002054        0x2 contiki-sky.a(msp430.o)
                0x0000000000002054                msp430_dco_required
 COMMON         0x0000000000002056       0x56 contiki-sky.a(energest.o)
                0x0000000000002056                energest_total_time
                0x0000000000002086                energest_total_count
                0x0000000000002088                energest_current_mode
                0x0000000000002094                energest_current_time
 COMMON         0x00000000000020ac        0x1 contiki-sky.a(process.o)
                0x00000000000020ac                process_maxevents
 COMMON         0x00000000000020ad        0x1 contiki-sky.a(serial-line.o)
                0x00000000000020ad                serial_line_event_message
 COMMON         0x00000000000020ae      0x240 contiki-sky.a(uip6.o)
                0x00000000000020ae                uip_len
                0x00000000000020b0                uip_sappdata
                0x00000000000020b2                uip_lladdr
                0x00000000000020ba                uip_aligned_buf
                0x00000000000021aa                uip_flags
                0x00000000000021ac                uip_next_hdr
                0x00000000000021ae                uip_udp_conn
                0x00000000000021b0                uip_appdata
                0x00000000000021b2                uip_conn
                0x00000000000021b4                uip_slen
                0x00000000000021b6                uip_udp_conns
 COMMON         0x00000000000022ee      0x15c contiki-sky.a(uip-ds6.o)
                0x00000000000022ee                uip_ds6_timer_ra
                0x00000000000022f6                uip_ds6_if
                0x00000000000023e2                uip_ds6_netif_addr_list_offset
                0x00000000000023e3                uip_ds6_addr_size
                0x00000000000023e4                uip_ds6_prefix_list
                0x000000000000243e                uip_ds6_timer_periodic
 COMMON         0x000000000000244a        0x1 contiki-sky.a(tcpip.o)
                0x000000000000244a                tcpip_event
 *fill*         0x000000000000244b        0x1 00
 COMMON         0x000000000000244c      0x100 contiki-sky.a(rpl-dag.o)
                0x000000000000244c                default_instance
                0x000000000000244e                instance_table
 COMMON         0x000000000000254c        0x8 contiki-sky.a(linkaddr.o)
                0x000000000000254c                linkaddr_node_addr
 COMMON         0x0000000000002554       0x14 contiki-sky.a(link-stats.o)
                0x0000000000002554                periodic_timer
 COMMON         0x0000000000002568       0x2e contiki-sky.a(packetbuf.o)
                0x0000000000002568                packetbuf_addrs
                0x0000000000002578                packetbuf_attrs
                0x0000000000002596                . = ALIGN (0x2)
                0x0000000000002596                PROVIDE (__bss_end, .)
                0x0000000000001390                PROVIDE (__bss_size, SIZEOF (.bss))

.noinit         0x0000000000002596        0x2 load address 0x000000000000e6b0
                0x0000000000002596                PROVIDE (__noinit_start, .)
 *(.noinit .noinit.*)
 .noinit.crt0   0x0000000000002596        0x2 /usr/lib/gcc/msp430/4.6.3/mmpy-16/libcrt0.a(__watchdog_support.o)
                0x0000000000002596                __wdt_clear_value
                0x0000000000002598                . = ALIGN (0x2)
                0x0000000000002598                PROVIDE (__noinit_end, .)
                0x0000000000002598                . = ALIGN (0x2)
                0x0000000000002598                _end = .

.infomem        0x0000000000001000        0x0
 *(.infomem)
                0x0000000000001000                . = ALIGN (0x2)
 *(.infomem.*)

.infomemnobits  0x0000000000001000        0x0
 *(.infomemnobits)
                0x0000000000001000                . = ALIGN (0x2)
 *(.infomemnobits.*)

.infoa
 *(.infoa .infoa.*)

.infob
 *(.infob .infob.*)

.infoc
 *(.infoc .infoc.*)

.infod
 *(.infod .infod.*)

.vectors        0x000000000000ffe0       0x20
                0x000000000000ffe0                PROVIDE (__vectors_start, .)
 *(.vectors*)
 .vectors       0x000000000000ffe0       0x20 /usr/lib/gcc/msp430/4.6.3/mmpy-16/crt0ivtbl16.o
                0x000000000000ffe0                __ivtbl_16
                0x0000000000010000                _vectors_end = .

.fartext        0x0000000000000000        0x0
                0x0000000000000000                . = ALIGN (0x2)
 *(.fartext)
                0x0000000000000000                . = ALIGN (0x2)
 *(.fartext.*)
                0x0000000000000000                _efartext = .

.profiler
 *(.profiler)

.stab           0x0000000000000000    0x2847c
 *(.stab)
 .stab          0x0000000000000000     0x1bc0 udp-sink.co
 .stab          0x0000000000001bc0      0xc78 obj_sky/collect-common.o
                                       0x1080 (size before relaxing)
 .stab          0x0000000000002838     0x1254 obj_sky/contiki-sky-main.o
                                       0x1b30 (size before relaxing)
 .stab          0x0000000000003a8c      0x258 contiki-sky.a(contiki-sky-pla)
                                        0x5b8 (size before relaxing)
 .stab          0x0000000000003ce4      0x468 contiki-sky.a(button-sensor.o)
                                        0x7d4 (size before relaxing)
 .stab          0x000000000000414c      0x624 contiki-sky.a(ds2411.o)
                                        0xb40 (size before relaxing)
 .stab          0x0000000000004770      0xbac contiki-sky.a(xmem.o)
                                        0xf60 (size before relaxing)
 .stab          0x000000000000531c      0x2b8 contiki-sky.a(node-id.o)
                                        0x4e0 (size before relaxing)
 .stab          0x00000000000055d4      0x654 contiki-sky.a(sensors.o)
                                        0xb70 (size before relaxing)
 .stab          0x0000000000005c28     0x28bc contiki-sky.a(cc2420.o)
                                       0x2fe8 (size before relaxing)
 .stab          0x00000000000084e4      0x630 contiki-sky.a(cc2420-arch.o)
                                       0x1734 (size before relaxing)
 .stab          0x0000000000008b14      0x60c contiki-sky.a(uart1.o)
                                        0x960 (size before relaxing)
 .stab          0x0000000000009120      0x234 contiki-sky.a(uart1-putchar.o)
                                        0x588 (size before relaxing)