Archive member included because of file (symbol)

contiki-sky.a(contiki-sky-pla)
                              obj_sky/contiki-sky-main.o (init_platform)
contiki-sky.a(button-sensor.o)
                              udp-server.co (button_sensor)
contiki-sky.a(ds2411.o)       obj_sky/contiki-sky-main.o (ds2411_init)
contiki-sky.a(xmem.o)         obj_sky/contiki-sky-main.o (xmem_init)
contiki-sky.a(node-id.o)      obj_sky/contiki-sky-main.o (node_id_restore)
contiki-sky.a(sensors.o)      udp-server.co (sensors_event)
contiki-sky.a(cc2420.o)       obj_sky/contiki-sky-main.o (cc2420_set_pan_addr)
contiki-sky.a(cc2420-arch.o)  contiki-sky.a(cc2420.o) (cc2420_arch_init)
contiki-sky.a(uart1.o)        obj_sky/contiki-sky-main.o (uart1_active)
contiki-sky.a(uart1-putchar.o)
                              udp-server.co (putchar)
contiki-sky.a(msp430.o)       contiki-sky.a(uart1.o) (msp430_add_lpm_req)
contiki-sky.a(clock.o)        obj_sky/contiki-sky-main.o (clock_init)
contiki-sky.a(leds.o)         obj_sky/contiki-sky-main.o (leds_init)
contiki-sky.a(leds-arch.o)    contiki-sky.a(leds.o) (leds_arch_init)
contiki-sky.a(watchdog.o)     obj_sky/contiki-sky-main.o (watchdog_start)
contiki-sky.a(rtimer-arch.o)  obj_sky/contiki-sky-main.o (rtimer_arch_now)
contiki-sky.a(autostart.o)    obj_sky/contiki-sky-main.o (autostart_start)
contiki-sky.a(ctimer.o)       obj_sky/contiki-sky-main.o (ctimer_init)
contiki-sky.a(energest.o)     obj_sky/contiki-sky-main.o (energest_init)
contiki-sky.a(etimer.o)       contiki-sky.a(clock.o) (etimer_request_poll)
contiki-sky.a(process.o)      udp-server.co (process_current)
contiki-sky.a(rtimer.o)       obj_sky/contiki-sky-main.o (rtimer_init)
contiki-sky.a(timer.o)        obj_sky/contiki-sky-main.o (timer_set)
contiki-sky.a(list.o)         contiki-sky.a(ctimer.o) (list_init)
contiki-sky.a(random.o)       obj_sky/contiki-sky-main.o (random_init)
contiki-sky.a(sicslowpan.o)   obj_sky/contiki-sky-main.o (sicslowpan_driver)
contiki-sky.a(uip6.o)         udp-server.co (uip_aligned_buf)
contiki-sky.a(uip-ds6.o)      contiki-sky.a(uip6.o) (uip_ds6_is_addr_onlink)
contiki-sky.a(uip-ds6-nbr.o)  contiki-sky.a(uip-ds6.o) (uip_ds6_neighbors_init)
contiki-sky.a(uip-ds6-route.o)
                              contiki-sky.a(uip-ds6.o) (uip_ds6_route_init)
contiki-sky.a(uip-icmp6.o)    contiki-sky.a(uip6.o) (uip_icmp6_input)
contiki-sky.a(uip-nd6.o)      contiki-sky.a(uip6.o) (uip_nd6_init)
contiki-sky.a(tcpip.o)        contiki-sky.a(sicslowpan.o) (tcpip_set_outputfunc)
contiki-sky.a(uip-debug.o)    udp-server.co (uip_debug_ipaddr_print)
contiki-sky.a(rpl.o)          contiki-sky.a(uip-ds6-nbr.o) (rpl_link_neighbor_callback)
contiki-sky.a(rpl-dag.o)      contiki-sky.a(rpl.o) (rpl_dag_init)
contiki-sky.a(rpl-ext-header.)
                              contiki-sky.a(uip6.o) (rpl_verify_hbh_header)
contiki-sky.a(rpl-icmp6.o)    contiki-sky.a(rpl-dag.o) (rpl_icmp6_update_nbr_table)
contiki-sky.a(rpl-mrhof.o)    contiki-sky.a(rpl-dag.o) (rpl_mrhof)
contiki-sky.a(rpl-timers.o)   contiki-sky.a(rpl.o) (rpl_reset_periodic_timer)
contiki-sky.a(csma.o)         udp-server.co (csma_driver)
contiki-sky.a(framer-802154.o)
                              contiki-sky.a(sicslowpan.o) (framer_802154)
contiki-sky.a(mac.o)          contiki-sky.a(csma.o) (mac_call_sent_callback)
contiki-sky.a(nullrdc.o)      obj_sky/contiki-sky-main.o (nullrdc_driver)
contiki-sky.a(linkaddr.o)     obj_sky/contiki-sky-main.o (linkaddr_copy)
contiki-sky.a(link-stats.o)   contiki-sky.a(rpl-dag.o) (link_stats_from_lladdr)
contiki-sky.a(nbr-table.o)    contiki-sky.a(uip-ds6-nbr.o) (nbr_table_register)
contiki-sky.a(packetbuf.o)    contiki-sky.a(framer-802154.o) (packetbuf_hdrreduce)
contiki-sky.a(queuebuf.o)     obj_sky/contiki-sky-main.o (queuebuf_init)
contiki-sky.a(nullsec.o)      obj_sky/contiki-sky-main.o (nullsec_driver)
contiki-sky.a(spi.o)          contiki-sky.a(xmem.o) (spi_init)
contiki-sky.a(stimer.o)       contiki-sky.a(uip-ds6.o) (stimer_set)
contiki-sky.a(memb.o)         contiki-sky.a(uip-ds6-route.o) (memb_init)
contiki-sky.a(rpl-nbr-policy.)
                              contiki-sky.a(nbr-table.o) (rpl_nbr_policy_find_removable)
contiki-sky.a(frame802154.o)  contiki-sky.a(framer-802154.o) (frame802154_get_pan_id)
contiki-sky.a(mac-sequence.o)
                              contiki-sky.a(nullrdc.o) (mac_sequence_is_duplicate)
/usr/lib/gcc/msp430/4.6.3/mmpy-16/libgcc.a(_mulsi3.o)
                              contiki-sky.a(rpl.o) (__mulsi3)
/usr/lib/gcc/msp430/4.6.3/mmpy-16/libgcc.a(_udivmod16.o)
                              contiki-sky.a(rpl-dag.o) (__udivhi3)
/usr/lib/gcc/msp430/4.6.3/mmpy-16/libgcc.a(_divmod16.o)
                              contiki-sky.a(sicslowpan.o) (__divhi3)
/usr/lib/gcc/msp430/4.6.3/mmpy-16/libgcc.a(_udivmod32.o)
                              obj_sky/contiki-sky-main.o (__udivsi3)
/usr/lib/gcc/msp430/4.6.3/mmpy-16/libgcc.a(_divmod32.o)
                              contiki-sky.a(link-stats.o) (__divsi3)
[...]
Memory Configuration

Name             Origin             Length             Attributes
sfr              0x0000000000000000 0x0000000000000010
peripheral_8bit  0x0000000000000010 0x00000000000000f0
peripheral_16bit 0x0000000000000100 0x0000000000000100
ram_mirror       0x0000000000000200 0x0000000000000800 xw
infomem          0x0000000000001000 0x0000000000000100
infob            0x0000000000001000 0x0000000000000080
infoa            0x0000000000001080 0x0000000000000080
ram              0x0000000000001100 0x0000000000002800 xw
rom              0x0000000000004000 0x000000000000bfe0 xr
vectors          0x000000000000ffe0 0x0000000000000020
bsl              0x0000000000000000 0x0000000000000000
infoc            0x0000000000000000 0x0000000000000000
infod            0x0000000000000000 0x0000000000000000
ram2             0x0000000000000000 0x0000000000000000 xw
usbram           0x0000000000000000 0x0000000000000000 xw
far_rom          0x0000000000000000 0x0000000000000000
*default*        0x0000000000000000 0xffffffffffffffff

Linker script and memory map

LOAD /usr/lib/gcc/msp430/4.6.3/mmpy-16/crt0ivtbl16.o
LOAD udp-server.co
LOAD obj_sky/contiki-sky-main.o
LOAD contiki-sky.a
LOAD /usr/lib/gcc/msp430/4.6.3/mmpy-16/libgcc.a
LOAD /usr/lib/gcc/msp430/4.6.3/../../../../msp430/lib/mmpy-16/libc.a
LOAD /usr/lib/gcc/msp430/4.6.3/mmpy-16/libgcc.a
LOAD /usr/lib/gcc/msp430/4.6.3/mmpy-16/libcrt0.a
                0x0000000000000080                PROVIDE (__info_segment_size, 0x80)
                0x0000000000001000                PROVIDE (__infob, 0x1000)
                0x0000000000001080                PROVIDE (__infoa, 0x1080)
                0x0000000000000000                __IE1 = 0x0
                0x0000000000000002                __IFG1 = 0x2
                0x0000000000000004                __ME1 = 0x4
                0x0000000000000001                __IE2 = 0x1
                0x0000000000000003                __IFG2 = 0x3
                0x0000000000000005                __ME2 = 0x5
                0x0000000000000120                __WDTCTL = 0x120
                0x0000000000000130                __MPY = 0x130
                0x0000000000000132                __MPYS = 0x132
                0x0000000000000134                __MAC = 0x134
                0x0000000000000136                __MACS = 0x136
                0x0000000000000138                __OP2 = 0x138
                0x000000000000013a                __RESLO = 0x13a
                0x000000000000013c                __RESHI = 0x13c
                0x000000000000013e                __SUMEXT = 0x13e
                0x0000000000000020                __P1IN = 0x20
                0x0000000000000021                __P1OUT = 0x21
                0x0000000000000022                __P1DIR = 0x22
                0x0000000000000023                __P1IFG = 0x23
                0x0000000000000024                __P1IES = 0x24
                0x0000000000000025                __P1IE = 0x25
                0x0000000000000026                __P1SEL = 0x26
                0x0000000000000028                __P2IN = 0x28
                0x0000000000000029                __P2OUT = 0x29
                0x000000000000002a                __P2DIR = 0x2a
                0x000000000000002b                __P2IFG = 0x2b
                0x000000000000002c                __P2IES = 0x2c
                0x000000000000002d                __P2IE = 0x2d
                0x000000000000002e                __P2SEL = 0x2e
                0x0000000000000018                __P3IN = 0x18
                0x0000000000000019                __P3OUT = 0x19
                0x000000000000001a                __P3DIR = 0x1a
                0x000000000000001b                __P3SEL = 0x1b
                0x000000000000001c                __P4IN = 0x1c
                0x000000000000001d                __P4OUT = 0x1d
                0x000000000000001e                __P4DIR = 0x1e
                0x000000000000001f                __P4SEL = 0x1f
                0x0000000000000030                __P5IN = 0x30
                0x0000000000000031                __P5OUT = 0x31
                0x0000000000000032                __P5DIR = 0x32
                0x0000000000000033                __P5SEL = 0x33
                0x0000000000000034                __P6IN = 0x34
                0x0000000000000035                __P6OUT = 0x35
                0x0000000000000036                __P6DIR = 0x36
                0x0000000000000037                __P6SEL = 0x37
                0x0000000000000070                __U0CTL = 0x70
                0x0000000000000071                __U0TCTL = 0x71
                0x0000000000000072                __U0RCTL = 0x72
                0x0000000000000073                __U0MCTL = 0x73
                0x0000000000000074                __U0BR0 = 0x74
                0x0000000000000075                __U0BR1 = 0x75
                0x0000000000000076                __U0RXBUF = 0x76
                0x0000000000000077                __U0TXBUF = 0x77
                0x0000000000000078                __U1CTL = 0x78
                0x0000000000000079                __U1TCTL = 0x79
                0x000000000000007a                __U1RCTL = 0x7a
                0x000000000000007b                __U1MCTL = 0x7b
                0x000000000000007c                __U1BR0 = 0x7c
                0x000000000000007d                __U1BR1 = 0x7d
                0x000000000000007e                __U1RXBUF = 0x7e
                0x000000000000007f                __U1TXBUF = 0x7f
                0x0000000000000050                __I2CIE = 0x50
                0x0000000000000051                __I2CIFG = 0x51
                0x0000000000000052                __I2CNDAT = 0x52
                0x0000000000000071                __I2CTCTL = 0x71
                0x0000000000000072                __I2CDCTL = 0x72
                0x0000000000000073                __I2CPSC = 0x73
                0x0000000000000074                __I2CSCLH = 0x74
                0x0000000000000075                __I2CSCLL = 0x75
                0x0000000000000076                __I2CDRB = 0x76
                0x0000000000000076                __I2CDRW = 0x76
                0x0000000000000118                __I2COA = 0x118
                0x000000000000011a                __I2CSA = 0x11a
                0x000000000000011c                __I2CIV = 0x11c
                0x000000000000012e                __TAIV = 0x12e
                0x0000000000000160                __TACTL = 0x160
                0x0000000000000162                __TACCTL0 = 0x162
                0x0000000000000164                __TACCTL1 = 0x164
                0x0000000000000166                __TACCTL2 = 0x166
                0x0000000000000170                __TAR = 0x170
                0x0000000000000172                __TACCR0 = 0x172
                0x0000000000000174                __TACCR1 = 0x174
                0x0000000000000176                __TACCR2 = 0x176
                0x000000000000011e                __TBIV = 0x11e
                0x0000000000000180                __TBCTL = 0x180
                0x0000000000000182                __TBCCTL0 = 0x182
                0x0000000000000184                __TBCCTL1 = 0x184
                0x0000000000000186                __TBCCTL2 = 0x186
                0x0000000000000188                __TBCCTL3 = 0x188
                0x000000000000018a                __TBCCTL4 = 0x18a
                0x000000000000018c                __TBCCTL5 = 0x18c
                0x000000000000018e                __TBCCTL6 = 0x18e
                0x0000000000000190                __TBR = 0x190
                0x0000000000000192                __TBCCR0 = 0x192
                0x0000000000000194                __TBCCR1 = 0x194
                0x0000000000000196                __TBCCR2 = 0x196
                0x0000000000000198                __TBCCR3 = 0x198
                0x000000000000019a                __TBCCR4 = 0x19a
                0x000000000000019c                __TBCCR5 = 0x19c
                0x000000000000019e                __TBCCR6 = 0x19e
                0x0000000000000056                __DCOCTL = 0x56
                0x0000000000000057                __BCSCTL1 = 0x57
                0x0000000000000058                __BCSCTL2 = 0x58
                0x0000000000000055                __SVSCTL = 0x55
                0x0000000000000128                __FCTL1 = 0x128
                0x000000000000012a                __FCTL2 = 0x12a
                0x000000000000012c                __FCTL3 = 0x12c
                0x0000000000000059                __CACTL1 = 0x59
                0x000000000000005a                __CACTL2 = 0x5a
                0x000000000000005b                __CAPD = 0x5b
                0x00000000000001a0                __ADC12CTL0 = 0x1a0
                0x00000000000001a2                __ADC12CTL1 = 0x1a2
                0x00000000000001a4                __ADC12IFG = 0x1a4
                0x00000000000001a6                __ADC12IE = 0x1a6
                0x00000000000001a8                __ADC12IV = 0x1a8
                0x0000000000000140                __ADC12MEM0 = 0x140
                0x0000000000000142                __ADC12MEM1 = 0x142
                0x0000000000000144                __ADC12MEM2 = 0x144
                0x0000000000000146                __ADC12MEM3 = 0x146
                0x0000000000000148                __ADC12MEM4 = 0x148
                0x000000000000014a                __ADC12MEM5 = 0x14a
                0x000000000000014c                __ADC12MEM6 = 0x14c
                0x000000000000014e                __ADC12MEM7 = 0x14e
                0x0000000000000150                __ADC12MEM8 = 0x150
                0x0000000000000152                __ADC12MEM9 = 0x152
                0x0000000000000154                __ADC12MEM10 = 0x154
                0x0000000000000156                __ADC12MEM11 = 0x156
                0x0000000000000158                __ADC12MEM12 = 0x158
                0x000000000000015a                __ADC12MEM13 = 0x15a
                0x000000000000015c                __ADC12MEM14 = 0x15c
                0x000000000000015e                __ADC12MEM15 = 0x15e
                0x0000000000000080                __ADC12MCTL0 = 0x80
                0x0000000000000081                __ADC12MCTL1 = 0x81
                0x0000000000000082                __ADC12MCTL2 = 0x82
                0x0000000000000083                __ADC12MCTL3 = 0x83
                0x0000000000000084                __ADC12MCTL4 = 0x84
                0x0000000000000085                __ADC12MCTL5 = 0x85
                0x0000000000000086                __ADC12MCTL6 = 0x86
                0x0000000000000087                __ADC12MCTL7 = 0x87
                0x0000000000000088                __ADC12MCTL8 = 0x88
                0x0000000000000089                __ADC12MCTL9 = 0x89
                0x000000000000008a                __ADC12MCTL10 = 0x8a
                0x000000000000008b                __ADC12MCTL11 = 0x8b
                0x000000000000008c                __ADC12MCTL12 = 0x8c
                0x000000000000008d                __ADC12MCTL13 = 0x8d
                0x000000000000008e                __ADC12MCTL14 = 0x8e
                0x000000000000008f                __ADC12MCTL15 = 0x8f
                0x00000000000001c0                __DAC12_0CTL = 0x1c0
                0x00000000000001c2                __DAC12_1CTL = 0x1c2
                0x00000000000001c8                __DAC12_0DAT = 0x1c8
                0x00000000000001ca                __DAC12_1DAT = 0x1ca
                0x0000000000000122                __DMACTL0 = 0x122
                0x0000000000000124                __DMACTL1 = 0x124
                0x00000000000001e0                __DMA0CTL = 0x1e0
                0x00000000000001e8                __DMA1CTL = 0x1e8
                0x00000000000001f0                __DMA2CTL = 0x1f0
                0x00000000000001e2                __DMA0SA = 0x1e2
                0x00000000000001e4                __DMA0DA = 0x1e4
                0x00000000000001e6                __DMA0SZ = 0x1e6
                0x00000000000001ea                __DMA1SA = 0x1ea
                0x00000000000001ec                __DMA1DA = 0x1ec
                0x00000000000001ee                __DMA1SZ = 0x1ee
                0x00000000000001f2                __DMA2SA = 0x1f2
                0x00000000000001f4                __DMA2DA = 0x1f4
                0x00000000000001f6                __DMA2SZ = 0x1f6

.hash
 *(.hash)

.dynsym
 *(.dynsym)

.dynstr
 *(.dynstr)

.gnu.version
 *(.gnu.version)

.gnu.version_d
 *(.gnu.version_d)

.gnu.version_r
 *(.gnu.version_r)

.rel.init
 *(.rel.init)

.rela.init
 *(.rela.init)

.rel.fini
 *(.rel.fini)

.rela.fini
 *(.rela.fini)

.rel.text
 *(.rel.text .rel.text.* .rel.gnu.linkonce.t.*)

.rela.text
 *(.rela.text .rela.text.* .rela.gnu.linkonce.t.*)

.rel.rodata
 *(.rel.rodata .rel.rodata.* .rel.gnu.linkonce.r.*)

.rela.rodata
 *(.rela.rodata .rela.rodata.* .rela.gnu.linkonce.r.*)

.rel.data
 *(.rel.data .rel.data.* .rel.gnu.linkonce.d.*)

.rela.data
 *(.rela.data .rela.data.* .rela.gnu.linkonce.d.*)

.rel.bss
 *(.rel.bss .rel.bss.* .rel.gnu.linkonce.b.*)

.rela.bss
 *(.rela.bss .rela.bss.* .rela.gnu.linkonce.b.*)

.rel.ctors
 *(.rel.ctors)

.rela.ctors
 *(.rela.ctors)

.rel.dtors
 *(.rel.dtors)

.rela.dtors
 *(.rela.dtors)

.rel.got
 *(.rel.got)

.rela.got
 *(.rela.got)

.rel.plt
 *(.rel.plt)

.rela.plt
 *(.rela.plt)

.text           0x0000000000004000     0xaf0c
                0x0000000000004000                . = ALIGN (0x2)
 *(.init .init.*)
 *(.init0)
 .init0         0x0000000000004000        0x0 /usr/lib/gcc/msp430/4.6.3/mmpy-16/libcrt0.a(_reset_vector__.o)
                0x0000000000004000                _reset_vector__
 *(.init1)
 .init1         0x0000000000004000        0xc /usr/lib/gcc/msp430/4.6.3/mmpy-16/libcrt0.a(__watchdog_support.o)
                0x0000000000004000                __watchdog_support
 *(.init2)
 .init2         0x000000000000400c        0x4 /usr/lib/gcc/msp430/4.6.3/mmpy-16/libcrt0.a(__init_stack.o)
                0x000000000000400c                __init_stack
 *(.init3)
 .init3         0x0000000000004010        0x0 /usr/lib/gcc/msp430/4.6.3/mmpy-16/libcrt0.a(__low_level_init.o)
                0x0000000000004010                __low_level_init
 *(.init4)
 .init4         0x0000000000004010       0x18 /usr/lib/gcc/msp430/4.6.3/mmpy-16/libcrt0.a(_copy_data.o)
                0x0000000000004010                __do_copy_data
 .init4         0x0000000000004028       0x16 /usr/lib/gcc/msp430/4.6.3/mmpy-16/libcrt0.a(_clear_bss.o)
                0x0000000000004028                __do_clear_bss
 *(.init5)
 *(.init6)
 *(.init7)
 *(.init8)
 *(.init9)
 .init9         0x000000000000403e      0x340 obj_sky/contiki-sky-main.o
                0x000000000000403e                main
 *(.fini9)
 .fini9         0x000000000000437e        0x0 /usr/lib/gcc/msp430/4.6.3/mmpy-16/libcrt0.a(__stop_progExec__.o)
                0x000000000000437e                __stop_progExec__
 *(.fini8)
 *(.fini7)
 *(.fini6)
 *(.fini5)
 *(.fini4)
 *(.fini3)
 *(.fini2)
 *(.fini1)
 *(.fini0)
 .fini0         0x000000000000437e        0x6 /usr/lib/gcc/msp430/4.6.3/mmpy-16/libcrt0.a(_endless_loop__.o)
                0x000000000000437e                _endless_loop__
 *(.fini .fini.*)
                0x0000000000004384                . = ALIGN (0x2)
                0x0000000000004384                __ctors_start = .
 *(.ctors)
                0x0000000000004384                __ctors_end = .
                0x0000000000004384                __dtors_start = .
 *(.dtors)
                0x0000000000004384                __dtors_end = .
                0x0000000000004384                . = ALIGN (0x2)
 *(.text .text.* .gnu.linkonce.t.*)
 .text          0x0000000000004384        0x4 /usr/lib/gcc/msp430/4.6.3/mmpy-16/crt0ivtbl16.o
                0x0000000000004384                __isr_14
                0x0000000000004384                __isr_11
                0x0000000000004384                __isr_2
                0x0000000000004384                __isr_7
                0x0000000000004384                __isr_0
                0x0000000000004384                __isr_8
                0x0000000000004384                __isr_3
                0x0000000000004384                __isr_12
                0x0000000000004384                __isr_13
                0x0000000000004384                __isr_9
 .text.process_thread_udp_server_process
                0x0000000000004388      0x226 udp-server.co
 .text.init_platform
                0x00000000000045ae        0xc contiki-sky.a(contiki-sky-pla)
                0x00000000000045ae                init_platform
 .text.status   0x00000000000045ba       0x16 contiki-sky.a(button-sensor.o)
 .text.configure
                0x00000000000045d0       0x52 contiki-sky.a(button-sensor.o)
 .text.value    0x0000000000004622       0x22 contiki-sky.a(button-sensor.o)
 .text.irq_p2   0x0000000000004644       0x8a contiki-sky.a(button-sensor.o)
                0x0000000000004644                irq_p2
                0x0000000000004644                __isr_1
 .text.owreadb  0x00000000000046ce       0x52 contiki-sky.a(ds2411.o)
 .text.ds2411_init
                0x0000000000004720      0x122 contiki-sky.a(ds2411.o)
                0x0000000000004720                ds2411_init
 .text.wait_ready
                0x0000000000004842       0x50 contiki-sky.a(xmem.o)
 .text.xmem_init
                0x0000000000004892       0x3e contiki-sky.a(xmem.o)
                0x0000000000004892                xmem_init
 .text.xmem_pread
                0x00000000000048d0       0xea contiki-sky.a(xmem.o)
                0x00000000000048d0                xmem_pread
 .text.node_id_restore
                0x00000000000049ba       0x38 contiki-sky.a(node-id.o)
                0x00000000000049ba                node_id_restore
 .text.process_thread_sensors_process
                0x00000000000049f2       0xbe contiki-sky.a(sensors.o)
 .text.sensors_changed
                0x0000000000004ab0       0x2a contiki-sky.a(sensors.o)
                0x0000000000004ab0                sensors_changed
 .text.get_object
                0x0000000000004ada        0x4 contiki-sky.a(cc2420.o)
 .text.set_object
                0x0000000000004ade        0x4 contiki-sky.a(cc2420.o)
 .text.strobe   0x0000000000004ae2       0x20 contiki-sky.a(cc2420.o)
 .text.getreg   0x0000000000004b02       0x54 contiki-sky.a(cc2420.o)
 .text.setreg   0x0000000000004b56       0x52 contiki-sky.a(cc2420.o)
 .text.write_ram
                0x0000000000004ba8       0x80 contiki-sky.a(cc2420.o)
 .text.write_fifo_buf
                0x0000000000004c28       0x40 contiki-sky.a(cc2420.o)
 .text.get_status
                0x0000000000004c68       0x24 contiki-sky.a(cc2420.o)
 .text.set_txpower
                0x0000000000004c8c       0x26 contiki-sky.a(cc2420.o)
 .text.cc2420_receiving_packet
                0x0000000000004cb2        0xe contiki-sky.a(cc2420.o)
 .text.pending_packet
                0x0000000000004cc0        0x8 contiki-sky.a(cc2420.o)
 .text.on       0x0000000000004cc8       0x26 contiki-sky.a(cc2420.o)
 .text.wait_for_transmission
                0x0000000000004cee       0x22 contiki-sky.a(cc2420.o)
 .text.wait_for_status
                0x0000000000004d10       0x2a contiki-sky.a(cc2420.o)
 .text.getrxdata
                0x0000000000004d3a       0x56 contiki-sky.a(cc2420.o)
 .text.flushrx  0x0000000000004d90       0x1a contiki-sky.a(cc2420.o)
 .text.off      0x0000000000004daa       0x62 contiki-sky.a(cc2420.o)
 .text.RELEASE_LOCK
                0x0000000000004e0c       0x28 contiki-sky.a(cc2420.o)
 .text.set_key  0x0000000000004e34       0x18 contiki-sky.a(cc2420.o)
 .text.set_frame_filtering
                0x0000000000004e4c       0x30 contiki-sky.a(cc2420.o)
 .text.set_auto_ack
                0x0000000000004e7c       0x30 contiki-sky.a(cc2420.o)
 .text.set_poll_mode
                0x0000000000004eac       0x36 contiki-sky.a(cc2420.o)
 .text.cc2420_prepare
                0x0000000000004ee2       0x3c contiki-sky.a(cc2420.o)
 .text.cc2420_on
                0x0000000000004f1e       0x22 contiki-sky.a(cc2420.o)
                0x0000000000004f1e                cc2420_on
 .text.cc2420_off
                0x0000000000004f40       0x30 contiki-sky.a(cc2420.o)
                0x0000000000004f40                cc2420_off
 .text.cc2420_cca
                0x0000000000004f70       0x5e contiki-sky.a(cc2420.o)
 .text.cc2420_read
                0x0000000000004fce       0xc0 contiki-sky.a(cc2420.o)
 .text.process_thread_cc2420_process
                0x000000000000508e       0x58 contiki-sky.a(cc2420.o)
 .text.encrypt  0x00000000000050e6       0x8e contiki-sky.a(cc2420.o)
 .text.cc2420_set_channel
                0x0000000000005174       0x3c contiki-sky.a(cc2420.o)
                0x0000000000005174                cc2420_set_channel
 .text.cc2420_set_pan_addr
                0x00000000000051b0       0x4c contiki-sky.a(cc2420.o)
                0x00000000000051b0                cc2420_set_pan_addr
 .text.cc2420_interrupt
                0x00000000000051fc       0x18 contiki-sky.a(cc2420.o)
                0x00000000000051fc                cc2420_interrupt
 .text.cc2420_set_txpower
                0x0000000000005214        0xe contiki-sky.a(cc2420.o)
                0x0000000000005214                cc2420_set_txpower
 .text.cc2420_get_txpower
                0x0000000000005222       0x1e contiki-sky.a(cc2420.o)
                0x0000000000005222                cc2420_get_txpower
 .text.cc2420_transmit
                0x0000000000005240      0x114 contiki-sky.a(cc2420.o)
 .text.cc2420_send
                0x0000000000005354       0x12 contiki-sky.a(cc2420.o)
 .text.cc2420_rssi
                0x0000000000005366       0x4c contiki-sky.a(cc2420.o)
                0x0000000000005366                cc2420_rssi
 .text.get_value
                0x00000000000053b2      0x108 contiki-sky.a(cc2420.o)
 .text.cc2420_set_cca_threshold
                0x00000000000054ba       0x16 contiki-sky.a(cc2420.o)
                0x00000000000054ba                cc2420_set_cca_threshold
 .text.set_value
                0x00000000000054d0       0xba contiki-sky.a(cc2420.o)
 .text.cc2420_init
                0x000000000000558a       0xf0 contiki-sky.a(cc2420.o)
                0x000000000000558a                cc2420_init
 .text.cc2420_port1_interrupt
                0x000000000000567a       0x62 contiki-sky.a(cc2420-arch.o)
                0x000000000000567a                __isr_4
                0x000000000000567a                cc2420_port1_interrupt
 .text.cc2420_arch_init
                0x00000000000056dc       0x1a contiki-sky.a(cc2420-arch.o)
                0x00000000000056dc                cc2420_arch_init
 .text.uart1_active
                0x00000000000056f6       0x1a contiki-sky.a(uart1.o)
                0x00000000000056f6                uart1_active
 .text.uart1_writeb
                0x0000000000005710       0x1a contiki-sky.a(uart1.o)
                0x0000000000005710                uart1_writeb
 .text.uart1_init
                0x000000000000572a       0xf6 contiki-sky.a(uart1.o)
                0x000000000000572a                uart1_init
 .text.putchar  0x0000000000005820       0x10 contiki-sky.a(uart1-putchar.o)
                0x0000000000005820                putchar
 .text.msp430_init_dco
                0x0000000000005830       0x84 contiki-sky.a(msp430.o)
                0x0000000000005830                msp430_init_dco
 .text.msp430_add_lpm_req
                0x00000000000058b4        0xc contiki-sky.a(msp430.o)
                0x00000000000058b4                msp430_add_lpm_req
 .text.msp430_cpu_init
                0x00000000000058c0       0x2a contiki-sky.a(msp430.o)
                0x00000000000058c0                msp430_cpu_init
 .text.splhigh_
                0x00000000000058ea        0x8 contiki-sky.a(msp430.o)
                0x00000000000058ea                splhigh_
 .text.msp430_sync_dco
                0x00000000000058f2       0x68 contiki-sky.a(msp430.o)
                0x00000000000058f2                msp430_sync_dco
 .text.timera1  0x000000000000595a      0x11e contiki-sky.a(clock.o)
                0x000000000000595a                __isr_5
                0x000000000000595a                timera1
 .text.clock_time
                0x0000000000005a78       0x1a contiki-sky.a(clock.o)
                0x0000000000005a78                clock_time
 .text.clock_init
                0x0000000000005a92       0x28 contiki-sky.a(clock.o)
                0x0000000000005a92                clock_init
 .text.clock_delay
                0x0000000000005aba        0xc contiki-sky.a(clock.o)
                0x0000000000005aba                clock_delay
 .text.clock_seconds
                0x0000000000005ac6       0x1a contiki-sky.a(clock.o)
                0x0000000000005ac6                clock_seconds
 .text.show_leds
                0x0000000000005ae0       0xf6 contiki-sky.a(leds.o)
 .text.leds_init
                0x0000000000005bd6        0xa contiki-sky.a(leds.o)
                0x0000000000005bd6                leds_init
 .text.leds_on  0x0000000000005be0        0xa contiki-sky.a(leds.o)
                0x0000000000005be0                leds_on
 .text.leds_off
                0x0000000000005bea        0xe contiki-sky.a(leds.o)
                0x0000000000005bea                leds_off
 .text.leds_arch_init
                0x0000000000005bf8        0xe contiki-sky.a(leds-arch.o)
                0x0000000000005bf8                leds_arch_init
 .text.leds_arch_set
                0x0000000000005c06       0x3a contiki-sky.a(leds-arch.o)
                0x0000000000005c06                leds_arch_set
 .text.watchdog_interrupt
                0x0000000000005c40        0x6 contiki-sky.a(watchdog.o)
                0x0000000000005c40                __isr_10
                0x0000000000005c40                watchdog_interrupt
 .text.watchdog_start
                0x0000000000005c46       0x14 contiki-sky.a(watchdog.o)
                0x0000000000005c46                watchdog_start
 .text.watchdog_periodic
                0x0000000000005c5a       0x12 contiki-sky.a(watchdog.o)
                0x0000000000005c5a                watchdog_periodic
 .text.watchdog_stop
                0x0000000000005c6c       0x16 contiki-sky.a(watchdog.o)
                0x0000000000005c6c                watchdog_stop
 .text.watchdog_init
                0x0000000000005c82       0x14 contiki-sky.a(watchdog.o)
                0x0000000000005c82                watchdog_init
 .text.rtimer_arch_init
                0x0000000000005c96        0xe contiki-sky.a(rtimer-arch.o)
                0x0000000000005c96                rtimer_arch_init
 .text.rtimer_arch_now
                0x0000000000005ca4        0xe contiki-sky.a(rtimer-arch.o)
                0x0000000000005ca4                rtimer_arch_now
 .text.timera0  0x0000000000005cb2       0x70 contiki-sky.a(rtimer-arch.o)
                0x0000000000005cb2                __isr_6
                0x0000000000005cb2                timera0
 .text.rtimer_arch_schedule
                0x0000000000005d22        0x6 contiki-sky.a(rtimer-arch.o)
                0x0000000000005d22                rtimer_arch_schedule
 .text.autostart_start
                0x0000000000005d28       0x16 contiki-sky.a(autostart.o)
                0x0000000000005d28                autostart_start
 .text.process_thread_ctimer_process
                0x0000000000005d3e       0xa4 contiki-sky.a(ctimer.o)
 .text.ctimer_init
                0x0000000000005de2       0x18 contiki-sky.a(ctimer.o)
                0x0000000000005de2                ctimer_init
 .text.ctimer_set_with_process
                0x0000000000005dfa       0x4e contiki-sky.a(ctimer.o)
                0x0000000000005dfa                ctimer_set_with_process
 .text.ctimer_set
                0x0000000000005e48       0x10 contiki-sky.a(ctimer.o)
                0x0000000000005e48                ctimer_set
 .text.ctimer_reset
                0x0000000000005e58       0x30 contiki-sky.a(ctimer.o)
                0x0000000000005e58                ctimer_reset
 .text.ctimer_restart
                0x0000000000005e88       0x30 contiki-sky.a(ctimer.o)
                0x0000000000005e88                ctimer_restart
 .text.ctimer_stop
                0x0000000000005eb8       0x28 contiki-sky.a(ctimer.o)
                0x0000000000005eb8                ctimer_stop
 .text.energest_init
                0x0000000000005ee0       0x28 contiki-sky.a(energest.o)
                0x0000000000005ee0                energest_init
 .text.energest_type_time
                0x0000000000005f08       0x46 contiki-sky.a(energest.o)
                0x0000000000005f08                energest_type_time
 .text.energest_type_set
                0x0000000000005f4e        0xe contiki-sky.a(energest.o)
                0x0000000000005f4e                energest_type_set
 .text.energest_flush
                0x0000000000005f5c       0x48 contiki-sky.a(energest.o)
                0x0000000000005f5c                energest_flush
 .text.update_time
                0x0000000000005fa4       0x78 contiki-sky.a(etimer.o)
 .text.etimer_request_poll
                0x000000000000601c        0xa contiki-sky.a(etimer.o)
                0x000000000000601c                etimer_request_poll
 .text.process_thread_etimer_process
                0x0000000000006026       0xc8 contiki-sky.a(etimer.o)
 .text.add_timer
                0x00000000000060ee       0x40 contiki-sky.a(etimer.o)
 .text.etimer_set
                0x000000000000612e       0x12 contiki-sky.a(etimer.o)
                0x000000000000612e                etimer_set
 .text.etimer_reset
                0x0000000000006140       0x12 contiki-sky.a(etimer.o)
                0x0000000000006140                etimer_reset
 .text.etimer_restart
                0x0000000000006152       0x12 contiki-sky.a(etimer.o)
                0x0000000000006152                etimer_restart
 .text.etimer_expired
                0x0000000000006164        0xe contiki-sky.a(etimer.o)
                0x0000000000006164                etimer_expired
 .text.etimer_expiration_time
                0x0000000000006172       0x14 contiki-sky.a(etimer.o)
                0x0000000000006172                etimer_expiration_time
 .text.etimer_pending
                0x0000000000006186        0xc contiki-sky.a(etimer.o)
                0x0000000000006186                etimer_pending
 .text.etimer_next_expiration_time
                0x0000000000006192       0x16 contiki-sky.a(etimer.o)
                0x0000000000006192                etimer_next_expiration_time
 .text.etimer_stop
                0x00000000000061a8       0x3c contiki-sky.a(etimer.o)
                0x00000000000061a8                etimer_stop
 .text.call_process
                0x00000000000061e4       0x4a contiki-sky.a(process.o)
 .text.exit_process
                0x000000000000622e       0x96 contiki-sky.a(process.o)
 .text.do_poll  0x00000000000062c4       0x30 contiki-sky.a(process.o)
 .text.process_alloc_event
                0x00000000000062f4        0xe contiki-sky.a(process.o)
                0x00000000000062f4                process_alloc_event
 .text.process_init
                0x0000000000006302       0x1c contiki-sky.a(process.o)
                0x0000000000006302                process_init
 .text.process_run
                0x000000000000631e       0x92 contiki-sky.a(process.o)
                0x000000000000631e                process_run
 .text.process_nevents
                0x00000000000063b0        0xe contiki-sky.a(process.o)
                0x00000000000063b0                process_nevents
 .text.process_post
                0x00000000000063be       0x4e contiki-sky.a(process.o)
                0x00000000000063be                process_post
 .text.process_post_synch
                0x000000000000640c       0x12 contiki-sky.a(process.o)
                0x000000000000640c                process_post_synch
 .text.process_start
                0x000000000000641e       0x32 contiki-sky.a(process.o)
                0x000000000000641e                process_start
 .text.process_poll
                0x0000000000006450       0x18 contiki-sky.a(process.o)
                0x0000000000006450                process_poll
 .text.rtimer_init
                0x0000000000006468        0x6 contiki-sky.a(rtimer.o)
                0x0000000000006468                rtimer_init
 .text.rtimer_run_next
                0x000000000000646e       0x26 contiki-sky.a(rtimer.o)
                0x000000000000646e                rtimer_run_next
 .text.timer_set
                0x0000000000006494       0x1c contiki-sky.a(timer.o)
                0x0000000000006494                timer_set
 .text.timer_reset
                0x00000000000064b0        0xe contiki-sky.a(timer.o)
                0x00000000000064b0                timer_reset
 .text.timer_restart
                0x00000000000064be       0x14 contiki-sky.a(timer.o)
                0x00000000000064be                timer_restart
 .text.timer_expired
                0x00000000000064d2       0x2a contiki-sky.a(timer.o)
                0x00000000000064d2                timer_expired
 .text.list_init
                0x00000000000064fc        0x6 contiki-sky.a(list.o)
                0x00000000000064fc                list_init
 .text.list_head
                0x0000000000006502        0x4 contiki-sky.a(list.o)
                0x0000000000006502                list_head
 .text.list_tail
                0x0000000000006506       0x12 contiki-sky.a(list.o)
                0x0000000000006506                list_tail
 .text.list_remove
                0x0000000000006518       0x34 contiki-sky.a(list.o)
                0x0000000000006518                list_remove
 .text.list_push
                0x000000000000654c       0x1a contiki-sky.a(list.o)
                0x000000000000654c                list_push
 .text.list_add
                0x0000000000006566       0x2a contiki-sky.a(list.o)
                0x0000000000006566                list_add
 .text.list_length
                0x0000000000006590       0x10 contiki-sky.a(list.o)
                0x0000000000006590                list_length
 .text.list_item_next
                0x00000000000065a0        0xc contiki-sky.a(list.o)
                0x00000000000065a0                list_item_next
 .text.random_init
                0x00000000000065ac        0x6 contiki-sky.a(random.o)
                0x00000000000065ac                random_init
 .text.random_rand
                0x00000000000065b2        0x6 contiki-sky.a(random.o)
                0x00000000000065b2                random_rand
 .text.clear_fragments
                0x00000000000065b8       0x42 contiki-sky.a(sicslowpan.o)
 .text.set_packet_attrs
                0x00000000000065fa       0x44 contiki-sky.a(sicslowpan.o)
 .text.addr_context_lookup_by_number
                0x000000000000663e       0x36 contiki-sky.a(sicslowpan.o)
 .text.compress_addr_64
                0x0000000000006674       0xae contiki-sky.a(sicslowpan.o)
 .text.store_fragment
                0x0000000000006722       0xc8 contiki-sky.a(sicslowpan.o)
 .text.add_fragment
                0x00000000000067ea      0x1ee contiki-sky.a(sicslowpan.o)
 .text.uncompress_addr
                0x00000000000069d8       0xb4 contiki-sky.a(sicslowpan.o)
 .text.input    0x0000000000006a8c      0x6f0 contiki-sky.a(sicslowpan.o)
 .text.sicslowpan_init
                0x000000000000717c       0x24 contiki-sky.a(sicslowpan.o)
                0x000000000000717c                sicslowpan_init
 .text.addr_context_lookup_by_prefix
                0x00000000000071a0       0x4c contiki-sky.a(sicslowpan.o)
 .text.send_packet
                0x00000000000071ec       0x1a contiki-sky.a(sicslowpan.o)
 .text.output   0x0000000000007206      0x6d0 contiki-sky.a(sicslowpan.o)
 .text.packet_sent
                0x00000000000078d6       0x22 contiki-sky.a(sicslowpan.o)
 .text.chksum   0x00000000000078f8       0x32 contiki-sky.a(uip6.o)
 .text.upper_layer_chksum
                0x000000000000792a       0x56 contiki-sky.a(uip6.o)
 .text.ext_hdr_options_process
                0x0000000000007980       0xda contiki-sky.a(uip6.o)
 .text.uip_add32
                0x0000000000007a5a       0x68 contiki-sky.a(uip6.o)
                0x0000000000007a5a                uip_add32
 .text.unlikely.uip_add_rcv_nxt
                0x0000000000007ac2       0x2e contiki-sky.a(uip6.o)
 .text.uip_icmp6chksum
                0x0000000000007af0        0xa contiki-sky.a(uip6.o)
                0x0000000000007af0                uip_icmp6chksum
 .text.uip_tcpchksum
                0x0000000000007afa        0xa contiki-sky.a(uip6.o)
                0x0000000000007afa                uip_tcpchksum
 .text.uip_udpchksum
                0x0000000000007b04        0xa contiki-sky.a(uip6.o)
                0x0000000000007b04                uip_udpchksum
 .text.uip_init
                0x0000000000007b0e       0x56 contiki-sky.a(uip6.o)
                0x0000000000007b0e                uip_init
 .text.remove_ext_hdr
                0x0000000000007b64       0x56 contiki-sky.a(uip6.o)
                0x0000000000007b64                remove_ext_hdr
 .text.uip_udp_new
                0x0000000000007bba       0xac contiki-sky.a(uip6.o)
                0x0000000000007bba                uip_udp_new
 .text.uip_unlisten
                0x0000000000007c66       0x1e contiki-sky.a(uip6.o)
                0x0000000000007c66                uip_unlisten
 .text.uip_process
                0x0000000000007c84      0xe20 contiki-sky.a(uip6.o)
                0x0000000000007c84                uip_process
 .text.uip_htonl
                0x0000000000008aa4       0x2e contiki-sky.a(uip6.o)
                0x0000000000008aa4                uip_htonl
 .text.uip_ds6_list_loop
                0x0000000000008ad2       0x86 contiki-sky.a(uip-ds6.o)
                0x0000000000008ad2                uip_ds6_list_loop
 .text.uip_ds6_prefix_add
                0x0000000000008b58       0x80 contiki-sky.a(uip-ds6.o)
                0x0000000000008b58                uip_ds6_prefix_add
 .text.uip_ds6_is_addr_onlink
                0x0000000000008bd8       0x54 contiki-sky.a(uip-ds6.o)
                0x0000000000008bd8                uip_ds6_is_addr_onlink
 .text.uip_ds6_addr_lookup
                0x0000000000008c2c       0x2a contiki-sky.a(uip-ds6.o)
                0x0000000000008c2c                uip_ds6_addr_lookup
 .text.uip_ds6_get_link_local
                0x0000000000008c56       0x3e contiki-sky.a(uip-ds6.o)
                0x0000000000008c56                uip_ds6_get_link_local
 .text.uip_ds6_maddr_add
                0x0000000000008c94       0x4c contiki-sky.a(uip-ds6.o)
                0x0000000000008c94                uip_ds6_maddr_add
 .text.uip_ds6_addr_add
                0x0000000000008ce0       0xc4 contiki-sky.a(uip-ds6.o)
                0x0000000000008ce0                uip_ds6_addr_add
 .text.uip_ds6_maddr_lookup
                0x0000000000008da4       0x2a contiki-sky.a(uip-ds6.o)
                0x0000000000008da4                uip_ds6_maddr_lookup
 .text.uip_ds6_addr_rm
                0x0000000000008dce       0x54 contiki-sky.a(uip-ds6.o)
                0x0000000000008dce                uip_ds6_addr_rm
 .text.uip_ds6_periodic
                0x0000000000008e22       0x46 contiki-sky.a(uip-ds6.o)
                0x0000000000008e22                uip_ds6_periodic
 .text.uip_ds6_set_addr_iid
                0x0000000000008e68       0x14 contiki-sky.a(uip-ds6.o)
                0x0000000000008e68                uip_ds6_set_addr_iid
 .text.get_match_length
                0x0000000000008e7c       0x3e contiki-sky.a(uip-ds6.o)
                0x0000000000008e7c                get_match_length
 .text.uip_ds6_select_src
                0x0000000000008eba       0xaa contiki-sky.a(uip-ds6.o)
                0x0000000000008eba                uip_ds6_select_src
 .text.uip_ds6_compute_reachable_time
                0x0000000000008f64       0x3e contiki-sky.a(uip-ds6.o)
                0x0000000000008f64                uip_ds6_compute_reachable_time
 .text.uip_ds6_init
                0x0000000000008fa2      0x154 contiki-sky.a(uip-ds6.o)
                0x0000000000008fa2                uip_ds6_init
 .text.uip_ds6_nbr_rm
                0x00000000000090f6       0x1e contiki-sky.a(uip-ds6-nbr.o)
                0x00000000000090f6                uip_ds6_nbr_rm
 .text.uip_ds6_neighbors_init
                0x0000000000009114       0x12 contiki-sky.a(uip-ds6-nbr.o)
                0x0000000000009114                uip_ds6_neighbors_init
 .text.uip_ds6_nbr_add
                0x0000000000009126       0x3e contiki-sky.a(uip-ds6-nbr.o)
                0x0000000000009126                uip_ds6_nbr_add
 .text.uip_ds6_nbr_get_ll
                0x0000000000009164        0xc contiki-sky.a(uip-ds6-nbr.o)
                0x0000000000009164                uip_ds6_nbr_get_ll
 .text.uip_ds6_nbr_lookup
                0x0000000000009170       0x42 contiki-sky.a(uip-ds6-nbr.o)
                0x0000000000009170                uip_ds6_nbr_lookup
 .text.uip_ds6_nbr_ll_lookup
                0x00000000000091b2        0xc contiki-sky.a(uip-ds6-nbr.o)
                0x00000000000091b2                uip_ds6_nbr_ll_lookup
 .text.uip_ds6_nbr_ipaddr_from_lladdr
                0x00000000000091be        0x6 contiki-sky.a(uip-ds6-nbr.o)
                0x00000000000091be                uip_ds6_nbr_ipaddr_from_lladdr
 .text.uip_ds6_nbr_lladdr_from_ipaddr
                0x00000000000091c4       0x12 contiki-sky.a(uip-ds6-nbr.o)
                0x00000000000091c4                uip_ds6_nbr_lladdr_from_ipaddr
 .text.uip_ds6_link_neighbor_callback
                0x00000000000091d6       0x36 contiki-sky.a(uip-ds6-nbr.o)
                0x00000000000091d6                uip_ds6_link_neighbor_callback
 .text.call_route_callback
                0x000000000000920c       0x4c contiki-sky.a(uip-ds6-route.o)
 .text.uip_ds6_route_init
                0x0000000000009258       0x36 contiki-sky.a(uip-ds6-route.o)
                0x0000000000009258                uip_ds6_route_init
 .text.uip_ds6_route_nexthop
                0x000000000000928e       0x1a contiki-sky.a(uip-ds6-route.o)
                0x000000000000928e                uip_ds6_route_nexthop
 .text.uip_ds6_route_head
                0x00000000000092a8        0xa contiki-sky.a(uip-ds6-route.o)
                0x00000000000092a8                uip_ds6_route_head
 .text.uip_ds6_route_next
                0x00000000000092b2        0xe contiki-sky.a(uip-ds6-route.o)
                0x00000000000092b2                uip_ds6_route_next
 .text.uip_ds6_route_is_nexthop
                0x00000000000092c0       0x1e contiki-sky.a(uip-ds6-route.o)
                0x00000000000092c0                uip_ds6_route_is_nexthop
 .text.uip_ds6_route_lookup
                0x00000000000092de       0x8c contiki-sky.a(uip-ds6-route.o)
                0x00000000000092de                uip_ds6_route_lookup
 .text.uip_ds6_route_rm
                0x000000000000936a       0xa4 contiki-sky.a(uip-ds6-route.o)
                0x000000000000936a                uip_ds6_route_rm
 .text.rm_routelist
                0x000000000000940e       0x34 contiki-sky.a(uip-ds6-route.o)
 .text.rm_routelist_callback
                0x0000000000009442        0x6 contiki-sky.a(uip-ds6-route.o)
 .text.uip_ds6_route_add
                0x0000000000009448      0x110 contiki-sky.a(uip-ds6-route.o)
                0x0000000000009448                uip_ds6_route_add
 .text.uip_ds6_defrt_rm
                0x0000000000009558       0x48 contiki-sky.a(uip-ds6-route.o)
                0x0000000000009558                uip_ds6_defrt_rm
 .text.uip_ds6_defrt_lookup
                0x00000000000095a0       0x36 contiki-sky.a(uip-ds6-route.o)
                0x00000000000095a0                uip_ds6_defrt_lookup
 .text.uip_ds6_defrt_add
                0x00000000000095d6       0x74 contiki-sky.a(uip-ds6-route.o)
                0x00000000000095d6                uip_ds6_defrt_add
 .text.uip_ds6_defrt_choose
                0x000000000000964a       0x3a contiki-sky.a(uip-ds6-route.o)
                0x000000000000964a                uip_ds6_defrt_choose
 .text.uip_ds6_defrt_periodic
                0x0000000000009684       0x38 contiki-sky.a(uip-ds6-route.o)
                0x0000000000009684                uip_ds6_defrt_periodic
 .text.echo_reply_input
                0x00000000000096bc       0xb2 contiki-sky.a(uip-icmp6.o)
 .text.echo_request_input
                0x000000000000976e       0xce contiki-sky.a(uip-icmp6.o)
 .text.uip_icmp6_input
                0x000000000000983c       0x44 contiki-sky.a(uip-icmp6.o)
                0x000000000000983c                uip_icmp6_input
 .text.uip_icmp6_register_input_handler
                0x0000000000009880        0xc contiki-sky.a(uip-icmp6.o)
                0x0000000000009880                uip_icmp6_register_input_handler
 .text.uip_icmp6_error_output
                0x000000000000988c      0x180 contiki-sky.a(uip-icmp6.o)
                0x000000000000988c                uip_icmp6_error_output
 .text.uip_icmp6_send
                0x0000000000009a0c       0x9a contiki-sky.a(uip-icmp6.o)
                0x0000000000009a0c                uip_icmp6_send
 .text.uip_icmp6_init
                0x0000000000009aa6       0x12 contiki-sky.a(uip-icmp6.o)
                0x0000000000009aa6                uip_icmp6_init
 .text.uip_nd6_init
                0x0000000000009ab8        0x2 contiki-sky.a(uip-nd6.o)
                0x0000000000009ab8                uip_nd6_init
 .text.start_periodic_tcp_timer
                0x0000000000009aba       0x16 contiki-sky.a(tcpip.o)
 .text.tcpip_output
                0x0000000000009ad0       0x10 contiki-sky.a(tcpip.o)
                0x0000000000009ad0                tcpip_output
 .text.tcpip_set_outputfunc
                0x0000000000009ae0        0x6 contiki-sky.a(tcpip.o)
                0x0000000000009ae0                tcpip_set_outputfunc
 .text.udp_new  0x0000000000009ae6       0x1a contiki-sky.a(tcpip.o)
                0x0000000000009ae6                udp_new
 .text.tcpip_input
                0x0000000000009b00       0x16 contiki-sky.a(tcpip.o)
                0x0000000000009b00                tcpip_input
 .text.tcpip_ipv6_output
                0x0000000000009b16       0xcc contiki-sky.a(tcpip.o)
                0x0000000000009b16                tcpip_ipv6_output
 .text.process_thread_tcpip_process
                0x0000000000009be2      0x1b6 contiki-sky.a(tcpip.o)
 .text.tcpip_uipcall
                0x0000000000009d98       0x64 contiki-sky.a(tcpip.o)
                0x0000000000009d98                tcpip_uipcall
 .text.uip_debug_ipaddr_print
                0x0000000000009dfc       0xc6 contiki-sky.a(uip-debug.o)
                0x0000000000009dfc                uip_debug_ipaddr_print
 .text.rpl_get_mode
                0x0000000000009ec2        0x6 contiki-sky.a(rpl.o)
                0x0000000000009ec2                rpl_get_mode
 .text.rpl_purge_routes
                0x0000000000009ec8       0x96 contiki-sky.a(rpl.o)
                0x0000000000009ec8                rpl_purge_routes
 .text.rpl_remove_routes
                0x0000000000009f5e       0x22 contiki-sky.a(rpl.o)
                0x0000000000009f5e                rpl_remove_routes
 .text.rpl_remove_routes_by_nexthop
                0x0000000000009f80       0x46 contiki-sky.a(rpl.o)
                0x0000000000009f80                rpl_remove_routes_by_nexthop
 .text.rpl_add_route
                0x0000000000009fc6       0x46 contiki-sky.a(rpl.o)
                0x0000000000009fc6                rpl_add_route
 .text.rpl_link_neighbor_callback
                0x000000000000a00c       0x4c contiki-sky.a(rpl.o)
                0x000000000000a00c                rpl_link_neighbor_callback
 .text.rpl_ipv6_neighbor_callback
                0x000000000000a058       0x1e contiki-sky.a(rpl.o)
                0x000000000000a058                rpl_ipv6_neighbor_callback
 .text.rpl_purge_dags
                0x000000000000a076       0x6e contiki-sky.a(rpl.o)
                0x000000000000a076                rpl_purge_dags
 .text.rpl_init
                0x000000000000a0e4       0x44 contiki-sky.a(rpl.o)
                0x000000000000a0e4                rpl_init
 .text.lollipop_greater_than
                0x000000000000a128       0x44 contiki-sky.a(rpl-dag.o)
 .text.acceptable_rank
                0x000000000000a16c       0x50 contiki-sky.a(rpl-dag.o)
 .text.find_parent_any_dag_any_instance
                0x000000000000a1bc       0x14 contiki-sky.a(rpl-dag.o)
 .text.rpl_set_preferred_parent
                0x000000000000a1d0       0x30 contiki-sky.a(rpl-dag.o)
 .text.set_ip_from_prefix
                0x000000000000a200       0x38 contiki-sky.a(rpl-dag.o)
 .text.check_prefix
                0x000000000000a238       0x80 contiki-sky.a(rpl-dag.o)
 .text.rpl_dag_init
                0x000000000000a2b8        0xe contiki-sky.a(rpl-dag.o)
                0x000000000000a2b8                rpl_dag_init
 .text.rpl_get_parent
                0x000000000000a2c6        0xc contiki-sky.a(rpl-dag.o)
                0x000000000000a2c6                rpl_get_parent
 .text.rpl_rank_via_parent
                0x000000000000a2d2       0x2e contiki-sky.a(rpl-dag.o)
                0x000000000000a2d2                rpl_rank_via_parent
 .text.rpl_get_parent_lladdr
                0x000000000000a300        0xc contiki-sky.a(rpl-dag.o)
                0x000000000000a300                rpl_get_parent_lladdr
 .text.rpl_get_parent_ipaddr
                0x000000000000a30c        0xa contiki-sky.a(rpl-dag.o)
                0x000000000000a30c                rpl_get_parent_ipaddr
 .text.rpl_get_parent_link_stats
                0x000000000000a316        0xa contiki-sky.a(rpl-dag.o)
                0x000000000000a316                rpl_get_parent_link_stats
 .text.rpl_parent_is_fresh
                0x000000000000a320        0xa contiki-sky.a(rpl-dag.o)
                0x000000000000a320                rpl_parent_is_fresh
 .text.best_parent
                0x000000000000a32a       0x74 contiki-sky.a(rpl-dag.o)
 .text.rpl_parent_is_reachable
                0x000000000000a39e       0x46 contiki-sky.a(rpl-dag.o)
                0x000000000000a39e                rpl_parent_is_reachable
 .text.rpl_set_prefix
                0x000000000000a3e4       0x8e contiki-sky.a(rpl-dag.o)
                0x000000000000a3e4                rpl_set_prefix
 .text.rpl_set_default_route
                0x000000000000a472       0x4a contiki-sky.a(rpl-dag.o)
                0x000000000000a472                rpl_set_default_route
 .text.rpl_alloc_instance
                0x000000000000a4bc       0x34 contiki-sky.a(rpl-dag.o)
                0x000000000000a4bc                rpl_alloc_instance
 .text.rpl_add_parent
                0x000000000000a4f0       0x3e contiki-sky.a(rpl-dag.o)
                0x000000000000a4f0                rpl_add_parent
 .text.rpl_find_parent
                0x000000000000a52e       0x18 contiki-sky.a(rpl-dag.o)
                0x000000000000a52e                rpl_find_parent
 .text.rpl_find_parent_any_dag
                0x000000000000a546       0x20 contiki-sky.a(rpl-dag.o)
                0x000000000000a546                rpl_find_parent_any_dag
 .text.rpl_select_parent
                0x000000000000a566       0x66 contiki-sky.a(rpl-dag.o)
                0x000000000000a566                rpl_select_parent
 .text.rpl_select_dag
                0x000000000000a5cc      0x17e contiki-sky.a(rpl-dag.o)
                0x000000000000a5cc                rpl_select_dag
 .text.rpl_nullify_parent
                0x000000000000a74a       0x60 contiki-sky.a(rpl-dag.o)
                0x000000000000a74a                rpl_nullify_parent
 .text.rpl_remove_parent
                0x000000000000a7aa       0x16 contiki-sky.a(rpl-dag.o)
                0x000000000000a7aa                rpl_remove_parent
 .text.nbr_callback
                0x000000000000a7c0        0x6 contiki-sky.a(rpl-dag.o)
 .text.remove_parents.constprop.3
                0x000000000000a7c6       0x30 contiki-sky.a(rpl-dag.o)
 .text.rpl_free_dag
                0x000000000000a7f6       0x44 contiki-sky.a(rpl-dag.o)
                0x000000000000a7f6                rpl_free_dag
 .text.rpl_move_parent
                0x000000000000a83a       0x68 contiki-sky.a(rpl-dag.o)
                0x000000000000a83a                rpl_move_parent
 .text.rpl_get_any_dag
                0x000000000000a8a2       0x18 contiki-sky.a(rpl-dag.o)
                0x000000000000a8a2                rpl_get_any_dag
 .text.rpl_get_instance
                0x000000000000a8ba       0x1a contiki-sky.a(rpl-dag.o)
                0x000000000000a8ba                rpl_get_instance
 .text.rpl_alloc_dag
                0x000000000000a8d4       0x60 contiki-sky.a(rpl-dag.o)
                0x000000000000a8d4                rpl_alloc_dag
 .text.rpl_repair_root
                0x000000000000a934       0x50 contiki-sky.a(rpl-dag.o)
                0x000000000000a934                rpl_repair_root
 .text.rpl_find_of
                0x000000000000a984       0x10 contiki-sky.a(rpl-dag.o)
                0x000000000000a984                rpl_find_of
 .text.rpl_set_root
                0x000000000000a994      0x14e contiki-sky.a(rpl-dag.o)
                0x000000000000a994                rpl_set_root
 .text.rpl_join_instance
                0x000000000000aae2      0x152 contiki-sky.a(rpl-dag.o)
                0x000000000000aae2                rpl_join_instance
 .text.rpl_local_repair
                0x000000000000ac34       0x94 contiki-sky.a(rpl-dag.o)
                0x000000000000ac34                rpl_local_repair
 .text.rpl_process_parent_event
                0x000000000000acc8       0x8e contiki-sky.a(rpl-dag.o)
                0x000000000000acc8                rpl_process_parent_event
 .text.rpl_recalculate_ranks
                0x000000000000ad56       0x46 contiki-sky.a(rpl-dag.o)
                0x000000000000ad56                rpl_recalculate_ranks
 .text.rpl_add_dag
                0x000000000000ad9c      0x114 contiki-sky.a(rpl-dag.o)
                0x000000000000ad9c                rpl_add_dag
 .text.rpl_process_dio
                0x000000000000aeb0      0x330 contiki-sky.a(rpl-dag.o)
                0x000000000000aeb0                rpl_process_dio
 .text.insert_hbh_header
                0x000000000000b1e0       0x78 contiki-sky.a(rpl-ext-header.)
 .text.rpl_verify_hbh_header
                0x000000000000b258      0x10a contiki-sky.a(rpl-ext-header.)
                0x000000000000b258                rpl_verify_hbh_header
 .text.rpl_finalize_header
                0x000000000000b362       0x92 contiki-sky.a(rpl-ext-header.)
                0x000000000000b362                rpl_finalize_header
 .text.rpl_remove_header
                0x000000000000b3f4       0xc2 contiki-sky.a(rpl-ext-header.)
                0x000000000000b3f4                rpl_remove_header
 .text.rpl_insert_header
                0x000000000000b4b6       0x28 contiki-sky.a(rpl-ext-header.)
                0x000000000000b4b6                rpl_insert_header
 .text.rpl_update_header
                0x000000000000b4de       0xec contiki-sky.a(rpl-ext-header.)
                0x000000000000b4de                rpl_update_header
 .text.prepare_for_dao_fwd
                0x000000000000b5ca       0x28 contiki-sky.a(rpl-icmp6.o)
 .text.get32    0x000000000000b5f2       0x46 contiki-sky.a(rpl-icmp6.o)
 .text.set32    0x000000000000b638       0x2a contiki-sky.a(rpl-icmp6.o)
 .text.get16    0x000000000000b662        0xe contiki-sky.a(rpl-icmp6.o)
 .text.set16    0x000000000000b670       0x10 contiki-sky.a(rpl-icmp6.o)
 .text.dao_ack_input
                0x000000000000b680        0xa contiki-sky.a(rpl-icmp6.o)
 .text.dio_input
                0x000000000000b68a      0x2aa contiki-sky.a(rpl-icmp6.o)
 .text.rpl_icmp6_update_nbr_table
                0x000000000000b934       0x30 contiki-sky.a(rpl-icmp6.o)
                0x000000000000b934                rpl_icmp6_update_nbr_table
 .text.dao_input
                0x000000000000b964      0x282 contiki-sky.a(rpl-icmp6.o)
 .text.dis_output
                0x000000000000bbe6       0x50 contiki-sky.a(rpl-icmp6.o)
                0x000000000000bbe6                dis_output
 .text.dio_output
                0x000000000000bc36      0x276 contiki-sky.a(rpl-icmp6.o)
                0x000000000000bc36                dio_output
 .text.dis_input
                0x000000000000beac       0x3e contiki-sky.a(rpl-icmp6.o)
 .text.dao_output_target
                0x000000000000beea      0x114 contiki-sky.a(rpl-icmp6.o)
                0x000000000000beea                dao_output_target
 .text.dao_output
                0x000000000000bffe       0xb2 contiki-sky.a(rpl-icmp6.o)
                0x000000000000bffe                dao_output
 .text.rpl_icmp6_register_handlers
                0x000000000000c0b0       0x22 contiki-sky.a(rpl-icmp6.o)
                0x000000000000c0b0                rpl_icmp6_register_handlers
 .text.reset    0x000000000000c0d2        0x2 contiki-sky.a(rpl-mrhof.o)
 .text.update_metric_container
                0x000000000000c0d4        0x6 contiki-sky.a(rpl-mrhof.o)
 .text.parent_link_metric
                0x000000000000c0da       0x10 contiki-sky.a(rpl-mrhof.o)
 .text.parent_has_usable_link
                0x000000000000c0ea       0x14 contiki-sky.a(rpl-mrhof.o)
 .text.best_dag
                0x000000000000c0fe       0x34 contiki-sky.a(rpl-mrhof.o)
 .text.parent_path_cost
                0x000000000000c132       0x44 contiki-sky.a(rpl-mrhof.o)
 .text.parent_is_acceptable
                0x000000000000c176       0x2a contiki-sky.a(rpl-mrhof.o)
 .text.best_parent
                0x000000000000c1a0       0x88 contiki-sky.a(rpl-mrhof.o)
 .text.rank_via_parent
                0x000000000000c228       0x56 contiki-sky.a(rpl-mrhof.o)
 .text.handle_unicast_dio_timer
                0x000000000000c27e       0x1c contiki-sky.a(rpl-timers.o)
 .text.new_dio_interval
                0x000000000000c29a       0x92 contiki-sky.a(rpl-timers.o)
 .text.handle_periodic_timer
                0x000000000000c32c       0x50 contiki-sky.a(rpl-timers.o)
 .text.set_dao_lifetime_timer
                0x000000000000c37c       0x78 contiki-sky.a(rpl-timers.o)
 .text.schedule_dao
                0x000000000000c3f4       0x82 contiki-sky.a(rpl-timers.o)
 .text.handle_dio_timer
                0x000000000000c476       0x88 contiki-sky.a(rpl-timers.o)
 .text.handle_dao_timer
                0x000000000000c4fe       0x64 contiki-sky.a(rpl-timers.o)
 .text.rpl_reset_periodic_timer
                0x000000000000c562       0x60 contiki-sky.a(rpl-timers.o)
                0x000000000000c562                rpl_reset_periodic_timer
 .text.rpl_reset_dio_timer
                0x000000000000c5c2       0x18 contiki-sky.a(rpl-timers.o)
                0x000000000000c5c2                rpl_reset_dio_timer
 .text.rpl_schedule_dao
                0x000000000000c5da        0xc contiki-sky.a(rpl-timers.o)
                0x000000000000c5da                rpl_schedule_dao
 .text.rpl_schedule_unicast_dio_immediately
                0x000000000000c5e6       0x16 contiki-sky.a(rpl-timers.o)
                0x000000000000c5e6                rpl_schedule_unicast_dio_immediately
 .text.get_probing_delay
                0x000000000000c5fc       0x40 contiki-sky.a(rpl-timers.o)
                0x000000000000c5fc                get_probing_delay
 .text.get_probing_target
                0x000000000000c63c       0xf6 contiki-sky.a(rpl-timers.o)
                0x000000000000c63c                get_probing_target
 .text.rpl_schedule_probing
                0x000000000000c732       0x26 contiki-sky.a(rpl-timers.o)
                0x000000000000c732                rpl_schedule_probing
 .text.handle_probing_timer
                0x000000000000c758       0x3c contiki-sky.a(rpl-timers.o)
 .text.input_packet
                0x000000000000c794        0x6 contiki-sky.a(csma.o)
 .text.on       0x000000000000c79a        0x6 contiki-sky.a(csma.o)
 .text.off      0x000000000000c7a0        0x6 contiki-sky.a(csma.o)
 .text.channel_check_interval
                0x000000000000c7a6       0x10 contiki-sky.a(csma.o)
 .text.transmit_packet_list
                0x000000000000c7b6       0x24 contiki-sky.a(csma.o)
 .text.schedule_transmission
                0x000000000000c7da       0x96 contiki-sky.a(csma.o)
 .text.send_packet
                0x000000000000c870      0x164 contiki-sky.a(csma.o)
 .text.init     0x000000000000c9d4       0x1a contiki-sky.a(csma.o)
 .text.tx_done  0x000000000000c9ee       0x94 contiki-sky.a(csma.o)
 .text.packet_sent
                0x000000000000ca82       0xd2 contiki-sky.a(csma.o)
 .text.parse    0x000000000000cb54       0xa6 contiki-sky.a(framer-802154.o)
 .text.create_frame.isra.0
                0x000000000000cbfa      0x118 contiki-sky.a(framer-802154.o)
 .text.create   0x000000000000cd12        0x8 contiki-sky.a(framer-802154.o)
 .text.hdr_length
                0x000000000000cd1a        0x8 contiki-sky.a(framer-802154.o)
 .text.mac_call_sent_callback
                0x000000000000cd22       0x14 contiki-sky.a(mac.o)
                0x000000000000cd22                mac_call_sent_callback
 .text.on       0x000000000000cd36        0x6 contiki-sky.a(nullrdc.o)
 .text.channel_check_interval
                0x000000000000cd3c        0x4 contiki-sky.a(nullrdc.o)
 .text.init     0x000000000000cd40        0x6 contiki-sky.a(nullrdc.o)
 .text.send_one_packet
                0x000000000000cd46      0x116 contiki-sky.a(nullrdc.o)
 .text.send_list
                0x000000000000ce5c       0x30 contiki-sky.a(nullrdc.o)
 .text.send_packet
                0x000000000000ce8c        0x6 contiki-sky.a(nullrdc.o)
 .text.off      0x000000000000ce92       0x10 contiki-sky.a(nullrdc.o)
 .text.packet_input
                0x000000000000cea2       0x3c contiki-sky.a(nullrdc.o)
 .text.linkaddr_copy
                0x000000000000cede        0x8 contiki-sky.a(linkaddr.o)
                0x000000000000cede                linkaddr_copy
 .text.linkaddr_cmp
                0x000000000000cee6       0x12 contiki-sky.a(linkaddr.o)
                0x000000000000cee6                linkaddr_cmp
 .text.linkaddr_set_node_addr
                0x000000000000cef8        0xc contiki-sky.a(linkaddr.o)
                0x000000000000cef8                linkaddr_set_node_addr
 .text.periodic
                0x000000000000cf04       0x28 contiki-sky.a(link-stats.o)
 .text.link_stats_from_lladdr
                0x000000000000cf2c        0xc contiki-sky.a(link-stats.o)
                0x000000000000cf2c                link_stats_from_lladdr
 .text.link_stats_is_fresh
                0x000000000000cf38       0x30 contiki-sky.a(link-stats.o)
                0x000000000000cf38                link_stats_is_fresh
 .text.link_stats_packet_sent
                0x000000000000cf68       0xda contiki-sky.a(link-stats.o)
                0x000000000000cf68                link_stats_packet_sent
 .text.link_stats_input_callback
                0x000000000000d042       0xbc contiki-sky.a(link-stats.o)
                0x000000000000d042                link_stats_input_callback
 .text.link_stats_init
                0x000000000000d0fe       0x22 contiki-sky.a(link-stats.o)
                0x000000000000d0fe                link_stats_init
 .text.index_from_key
                0x000000000000d120       0x48 contiki-sky.a(nbr-table.o)
 .text.item_from_key
                0x000000000000d168       0x34 contiki-sky.a(nbr-table.o)
 .text.nbr_set_bit
                0x000000000000d19c       0x8e contiki-sky.a(nbr-table.o)
 .text.index_from_lladdr
                0x000000000000d22a       0x42 contiki-sky.a(nbr-table.o)
 .text.nbr_get_bit.constprop.0
                0x000000000000d26c       0x62 contiki-sky.a(nbr-table.o)
 .text.remove_key
                0x000000000000d2ce       0x60 contiki-sky.a(nbr-table.o)
 .text.nbr_table_register
                0x000000000000d32e       0x28 contiki-sky.a(nbr-table.o)
                0x000000000000d32e                nbr_table_register
 .text.nbr_table_next
                0x000000000000d356       0x90 contiki-sky.a(nbr-table.o)
                0x000000000000d356                nbr_table_next
 .text.nbr_table_head
                0x000000000000d3e6       0x36 contiki-sky.a(nbr-table.o)
                0x000000000000d3e6                nbr_table_head
 .text.nbr_table_add_lladdr
                0x000000000000d41c      0x136 contiki-sky.a(nbr-table.o)
                0x000000000000d41c                nbr_table_add_lladdr
 .text.nbr_table_get_from_lladdr
                0x000000000000d552       0x48 contiki-sky.a(nbr-table.o)
                0x000000000000d552                nbr_table_get_from_lladdr
 .text.nbr_table_remove
                0x000000000000d59a       0x32 contiki-sky.a(nbr-table.o)
                0x000000000000d59a                nbr_table_remove
 .text.nbr_table_lock
                0x000000000000d5cc       0x10 contiki-sky.a(nbr-table.o)
                0x000000000000d5cc                nbr_table_lock
 .text.nbr_table_unlock
                0x000000000000d5dc       0x10 contiki-sky.a(nbr-table.o)
                0x000000000000d5dc                nbr_table_unlock
 .text.nbr_table_get_lladdr
                0x000000000000d5ec       0x5a contiki-sky.a(nbr-table.o)
                0x000000000000d5ec                nbr_table_get_lladdr
 .text.packetbuf_hdrreduce
                0x000000000000d646       0x1a contiki-sky.a(packetbuf.o)
                0x000000000000d646                packetbuf_hdrreduce
 .text.packetbuf_set_datalen
                0x000000000000d660        0x6 contiki-sky.a(packetbuf.o)
                0x000000000000d660                packetbuf_set_datalen
 .text.packetbuf_hdrptr
                0x000000000000d666        0x6 contiki-sky.a(packetbuf.o)
                0x000000000000d666                packetbuf_hdrptr
 .text.packetbuf_datalen
                0x000000000000d66c        0x6 contiki-sky.a(packetbuf.o)
                0x000000000000d66c                packetbuf_datalen
 .text.packetbuf_hdrlen
                0x000000000000d672        0xa contiki-sky.a(packetbuf.o)
                0x000000000000d672                packetbuf_hdrlen
 .text.packetbuf_dataptr
                0x000000000000d67c        0xc contiki-sky.a(packetbuf.o)
                0x000000000000d67c                packetbuf_dataptr
 .text.packetbuf_copyto
                0x000000000000d688       0x46 contiki-sky.a(packetbuf.o)
                0x000000000000d688                packetbuf_copyto
 .text.packetbuf_totlen
                0x000000000000d6ce        0xc contiki-sky.a(packetbuf.o)
                0x000000000000d6ce                packetbuf_totlen
 .text.packetbuf_hdralloc
                0x000000000000d6da       0x3a contiki-sky.a(packetbuf.o)
                0x000000000000d6da                packetbuf_hdralloc
 .text.packetbuf_attr_clear
                0x000000000000d714       0x28 contiki-sky.a(packetbuf.o)
                0x000000000000d714                packetbuf_attr_clear
 .text.packetbuf_clear
                0x000000000000d73c       0x12 contiki-sky.a(packetbuf.o)
                0x000000000000d73c                packetbuf_clear
 .text.packetbuf_copyfrom
                0x000000000000d74e       0x2e contiki-sky.a(packetbuf.o)
                0x000000000000d74e                packetbuf_copyfrom
 .text.packetbuf_attr_copyto
                0x000000000000d77c       0x22 contiki-sky.a(packetbuf.o)
                0x000000000000d77c                packetbuf_attr_copyto
 .text.packetbuf_attr_copyfrom
                0x000000000000d79e       0x24 contiki-sky.a(packetbuf.o)
                0x000000000000d79e                packetbuf_attr_copyfrom
 .text.packetbuf_holds_broadcast
                0x000000000000d7c2        0xe contiki-sky.a(packetbuf.o)
                0x000000000000d7c2                packetbuf_holds_broadcast
 .text.queuebuf_init
                0x000000000000d7d0       0x12 contiki-sky.a(queuebuf.o)
                0x000000000000d7d0                queuebuf_init
 .text.queuebuf_numfree
                0x000000000000d7e2        0xa contiki-sky.a(queuebuf.o)
                0x000000000000d7e2                queuebuf_numfree
 .text.queuebuf_new_from_packetbuf
                0x000000000000d7ec       0x52 contiki-sky.a(queuebuf.o)
                0x000000000000d7ec                queuebuf_new_from_packetbuf
 .text.queuebuf_update_attr_from_packetbuf
                0x000000000000d83e       0x12 contiki-sky.a(queuebuf.o)
                0x000000000000d83e                queuebuf_update_attr_from_packetbuf
 .text.queuebuf_free
                0x000000000000d850       0x2a contiki-sky.a(queuebuf.o)
                0x000000000000d850                queuebuf_free
 .text.queuebuf_to_packetbuf
                0x000000000000d87a       0x32 contiki-sky.a(queuebuf.o)
                0x000000000000d87a                queuebuf_to_packetbuf
 .text.queuebuf_attr
                0x000000000000d8ac        0xe contiki-sky.a(queuebuf.o)
                0x000000000000d8ac                queuebuf_attr
 .text.init     0x000000000000d8ba        0x2 contiki-sky.a(nullsec.o)
 .text.send     0x000000000000d8bc        0xa contiki-sky.a(nullsec.o)
 .text.input    0x000000000000d8c6        0x6 contiki-sky.a(nullsec.o)
 .text.spi_init
                0x000000000000d8cc       0x32 contiki-sky.a(spi.o)
                0x000000000000d8cc                spi_init
 .text.stimer_set
                0x000000000000d8fe       0x1c contiki-sky.a(stimer.o)
                0x000000000000d8fe                stimer_set
 .text.stimer_expired
                0x000000000000d91a       0x30 contiki-sky.a(stimer.o)
                0x000000000000d91a                stimer_expired
 .text.memb_init
                0x000000000000d94a       0x36 contiki-sky.a(memb.o)
                0x000000000000d94a                memb_init
 .text.memb_alloc
                0x000000000000d980       0x3e contiki-sky.a(memb.o)
                0x000000000000d980                memb_alloc
 .text.memb_free
                0x000000000000d9be       0x3a contiki-sky.a(memb.o)
                0x000000000000d9be                memb_free
 .text.memb_inmemb
                0x000000000000d9f8       0x2e contiki-sky.a(memb.o)
                0x000000000000d9f8                memb_inmemb
 .text.memb_numfree
                0x000000000000da26       0x26 contiki-sky.a(memb.o)
                0x000000000000da26                memb_numfree
 .text.update_nbr
                0x000000000000da4c       0xea contiki-sky.a(rpl-nbr-policy.)
 .text.handle_periodic_timer
                0x000000000000db36        0xe contiki-sky.a(rpl-nbr-policy.)
 .text.find_removable_dis
                0x000000000000db44       0x14 contiki-sky.a(rpl-nbr-policy.)
                0x000000000000db44                find_removable_dis
 .text.find_removable_dio
                0x000000000000db58       0x3e contiki-sky.a(rpl-nbr-policy.)
                0x000000000000db58                find_removable_dio
 .text.find_removable_dao
                0x000000000000db96       0x32 contiki-sky.a(rpl-nbr-policy.)
                0x000000000000db96                find_removable_dao
 .text.rpl_nbr_policy_find_removable
                0x000000000000dbc8       0x30 contiki-sky.a(rpl-nbr-policy.)
                0x000000000000dbc8                rpl_nbr_policy_find_removable
 .text.frame802154_get_pan_id
                0x000000000000dbf8        0x6 contiki-sky.a(frame802154.o)
                0x000000000000dbf8                frame802154_get_pan_id
 .text.frame802154_has_panid
                0x000000000000dbfe       0x64 contiki-sky.a(frame802154.o)
                0x000000000000dbfe                frame802154_has_panid
 .text.field_len
                0x000000000000dc62       0xb2 contiki-sky.a(frame802154.o)
 .text.frame802154_is_broadcast_addr
                0x000000000000dd14       0x24 contiki-sky.a(frame802154.o)
                0x000000000000dd14                frame802154_is_broadcast_addr
 .text.frame802154_hdrlen
                0x000000000000dd38       0x32 contiki-sky.a(frame802154.o)
                0x000000000000dd38                frame802154_hdrlen
 .text.frame802154_create
                0x000000000000dd6a      0x16a contiki-sky.a(frame802154.o)
                0x000000000000dd6a                frame802154_create
 .text.frame802154_parse
                0x000000000000ded4      0x226 contiki-sky.a(frame802154.o)
                0x000000000000ded4                frame802154_parse
 .text.mac_sequence_is_duplicate
                0x000000000000e0fa       0x44 contiki-sky.a(mac-sequence.o)
                0x000000000000e0fa                mac_sequence_is_duplicate
 .text.mac_sequence_register_seqno
                0x000000000000e13e       0x76 contiki-sky.a(mac-sequence.o)
                0x000000000000e13e                mac_sequence_register_seqno
 .text.libgcc   0x000000000000e1b4       0x2c /usr/lib/gcc/msp430/4.6.3/mmpy-16/libgcc.a(_mulsi3.o)
                0x000000000000e1b4                __mulsi3
 .text.libgcc   0x000000000000e1e0       0x22 /usr/lib/gcc/msp430/4.6.3/mmpy-16/libgcc.a(_udivmod16.o)
                0x000000000000e1e0                __udivhi3
                0x000000000000e1e0                __ext_udivmod16
                0x000000000000e1fa                __umodhi3
 .text.libgcc   0x000000000000e202       0x3a /usr/lib/gcc/msp430/4.6.3/mmpy-16/libgcc.a(_divmod16.o)
                0x000000000000e202                __ext_divmod16
                0x000000000000e202                __divhi3
                0x000000000000e234                __modhi3
 .text.libgcc   0x000000000000e23c       0x40 /usr/lib/gcc/msp430/4.6.3/mmpy-16/libgcc.a(_udivmod32.o)
                0x000000000000e23c                __udivsi3
                0x000000000000e23c                __ext_udivmod32
                0x000000000000e272                __umodsi3
 .text.libgcc   0x000000000000e27c       0x4c /usr/lib/gcc/msp430/4.6.3/mmpy-16/libgcc.a(_divmod32.o)
                0x000000000000e27c                __ext_divmod32
                0x000000000000e27c                __divsi3
                0x000000000000e2be                __modsi3
 .text          0x000000000000e2c8       0x20 /usr/lib/gcc/msp430/4.6.3/../../../../msp430/lib/mmpy-16/libc.a(memcmp.o)
                0x000000000000e2c8                memcmp
 .text          0x000000000000e2e8       0xfa /usr/lib/gcc/msp430/4.6.3/../../../../msp430/lib/mmpy-16/libc.a(memcpy.o)
                0x000000000000e2e8                memcpy
 .text          0x000000000000e3e2       0xfa /usr/lib/gcc/msp430/4.6.3/../../../../msp430/lib/mmpy-16/libc.a(memmove.o)
                0x000000000000e3e2                memmove
 .text          0x000000000000e4dc       0x6a /usr/lib/gcc/msp430/4.6.3/../../../../msp430/lib/mmpy-16/libc.a(memset.o)
                0x000000000000e4dc                memset
 .text          0x000000000000e546       0x1e /usr/lib/gcc/msp430/4.6.3/../../../../msp430/lib/mmpy-16/libc.a(printf.o)
                0x000000000000e546                printf
                0x000000000000e556                vprintf
 .text          0x000000000000e564      0x836 /usr/lib/gcc/msp430/4.6.3/../../../../msp430/lib/mmpy-16/libc.a(vuprintf.o)
                0x000000000000e6fc                vuprintf
 .text          0x000000000000ed9a       0x2c /usr/lib/gcc/msp430/4.6.3/../../../../msp430/lib/mmpy-16/libc.a(puts.o)
                0x000000000000ed9a                puts
 .text          0x000000000000edc6       0x54 /usr/lib/gcc/msp430/4.6.3/../../../../msp430/lib/mmpy-16/libc.a(rand.o)
                0x000000000000edc6                rand_r
                0x000000000000edea                rand
                0x000000000000ee10                srand
 .text.libgcc   0x000000000000ee1a       0xf0 /usr/lib/gcc/msp430/4.6.3/mmpy-16/libgcc.a(_udivmod64.o)
                0x000000000000ee1a                __xabi_udivmod64
                0x000000000000ee78                __udivdi3
                0x000000000000ee9e                __umoddi3
                0x000000000000eecc                __udivmoddi4
 .text.crt0     0x000000000000ef0a        0x2 /usr/lib/gcc/msp430/4.6.3/mmpy-16/libcrt0.a(_unexpected_.o)
                0x000000000000ef0a                _unexpected_
                0x000000000000ef0c                . = ALIGN (0x2)

.rodata         0x000000000000ef0c      0x3d8
                0x000000000000ef0c                . = ALIGN (0x2)
 *(.rodata .rodata.* .gnu.linkonce.r.*)
 .rodata        0x000000000000ef0c      0x138 udp-server.co
                0x000000000000f02c                autostart_processes
 .rodata        0x000000000000f044      0x12e obj_sky/contiki-sky-main.o
 .rodata        0x000000000000f172       0x10 contiki-sky.a(button-sensor.o)
                0x000000000000f17a                button_sensor
 .rodata        0x000000000000f182        0x8 contiki-sky.a(sensors.o)
 .rodata        0x000000000000f18a       0x70 contiki-sky.a(cc2420.o)
                0x000000000000f1bc                cc2420_aes_128_driver
                0x000000000000f1c0                cc2420_driver
 .rodata        0x000000000000f1fa        0xf contiki-sky.a(ctimer.o)
 .rodata        0x000000000000f209        0xc contiki-sky.a(etimer.o)
 *fill*         0x000000000000f215        0x1 00
 .rodata        0x000000000000f216       0x24 contiki-sky.a(sicslowpan.o)
                0x000000000000f222                sicslowpan_driver
                0x000000000000f228                llprefix
                0x000000000000f22a                unc_mxconf
                0x000000000000f22e                unc_ctxconf
                0x000000000000f232                unc_llconf
 .rodata        0x000000000000f23a       0x20 contiki-sky.a(uip6.o)
 .rodata        0x000000000000f25a        0xd contiki-sky.a(tcpip.o)
 .rodata        0x000000000000f267       0x28 contiki-sky.a(uip-debug.o)
 *fill*         0x000000000000f28f        0x1 00
 .rodata        0x000000000000f290       0x14 contiki-sky.a(csma.o)
                0x000000000000f296                csma_driver
 .rodata        0x000000000000f2a4        0x6 contiki-sky.a(framer-802154.o)
                0x000000000000f2a4                framer_802154
 .rodata        0x000000000000f2aa       0x18 contiki-sky.a(nullrdc.o)
                0x000000000000f2b2                nullrdc_driver
 .rodata        0x000000000000f2c2        0x8 contiki-sky.a(linkaddr.o)
                0x000000000000f2c2                linkaddr_null
 .rodata        0x000000000000f2ca       0x10 contiki-sky.a(nullsec.o)
                0x000000000000f2d2                nullsec_driver
 .rodata        0x000000000000f2da        0x2 contiki-sky.a(frame802154.o)
 .rodata        0x000000000000f2dc        0x7 /usr/lib/gcc/msp430/4.6.3/../../../../msp430/lib/mmpy-16/libc.a(vuprintf.o)
                0x000000000000f2e4                . = ALIGN (0x2)
 *fill*         0x000000000000f2e3        0x1 00
                0x000000000000f2e4                _etext = .

.data           0x0000000000001100       0xf0 load address 0x000000000000f2e4
                0x0000000000001100                . = ALIGN (0x2)
                0x0000000000001100                PROVIDE (__data_start, .)
 *(.data .data.* .gnu.linkonce.d.*)
 .data          0x0000000000001100        0xa udp-server.co
                0x0000000000001100                udp_server_process
 .data          0x000000000000110a        0x4 contiki-sky.a(contiki-sky-pla)
                0x000000000000110a                sensors
 .data          0x000000000000110e        0xa contiki-sky.a(sensors.o)
                0x000000000000110e                sensors_process
 .data          0x0000000000001118        0xc contiki-sky.a(cc2420.o)
                0x0000000000001118                cc2420_process
 .data          0x0000000000001124        0x2 contiki-sky.a(msp430.o)
 .data          0x0000000000001126        0xa contiki-sky.a(ctimer.o)
                0x0000000000001126                ctimer_process
 .data          0x0000000000001130        0xa contiki-sky.a(etimer.o)
                0x0000000000001130                etimer_process
 .data          0x000000000000113a        0xa contiki-sky.a(uip-ds6-nbr.o)
                0x000000000000113a                ds6_neighbors
 .data          0x0000000000001144       0x22 contiki-sky.a(uip-ds6-route.o)
                0x0000000000001144                nbr_routes
 .data          0x0000000000001166        0xc contiki-sky.a(uip-icmp6.o)
 .data          0x0000000000001172        0xa contiki-sky.a(tcpip.o)
                0x0000000000001172                tcpip_process
 .data          0x000000000000117c        0xa contiki-sky.a(rpl-dag.o)
                0x000000000000117c                rpl_parents
 .data          0x0000000000001186       0x1a contiki-sky.a(rpl-icmp6.o)
 .data          0x00000000000011a0       0x12 contiki-sky.a(rpl-mrhof.o)
                0x00000000000011a0                rpl_mrhof
 .data          0x00000000000011b2       0x18 contiki-sky.a(csma.o)
 .data          0x00000000000011ca        0x8 contiki-sky.a(link-stats.o)
 .data          0x00000000000011d2        0x8 contiki-sky.a(nbr-table.o)
 .data          0x00000000000011da       0x10 contiki-sky.a(queuebuf.o)
 .data          0x00000000000011ea        0x2 contiki-sky.a(frame802154.o)
 .data          0x00000000000011ec        0x4 /usr/lib/gcc/msp430/4.6.3/../../../../msp430/lib/mmpy-16/libc.a(rand.o)
                0x00000000000011f0                . = ALIGN (0x2)
                0x00000000000011f0                _edata = .
                0x000000000000f2e4                PROVIDE (__data_load_start, LOADADDR (.data))
                0x00000000000000f0                PROVIDE (__data_size, SIZEOF (.data))

.bss            0x00000000000011f0     0x1a16 load address 0x000000000000f3d4
                0x00000000000011f0                PROVIDE (__bss_start, .)
 *(.bss .bss.*)
 .bss           0x00000000000011f0        0x2 udp-server.co
 .bss           0x00000000000011f2        0xc obj_sky/contiki-sky-main.o
 .bss           0x00000000000011fe        0x8 contiki-sky.a(button-sensor.o)
 .bss           0x0000000000001206        0x2 contiki-sky.a(node-id.o)
                0x0000000000001206                node_id
 .bss           0x0000000000001208        0x6 contiki-sky.a(sensors.o)
 .bss           0x000000000000120e        0xa contiki-sky.a(cc2420.o)
 .bss           0x0000000000001218       0x9a contiki-sky.a(uart1.o)
 .bss           0x00000000000012b2        0xa contiki-sky.a(clock.o)
 .bss           0x00000000000012bc        0x1 contiki-sky.a(leds.o)
 *fill*         0x00000000000012bd        0x1 00
 .bss           0x00000000000012be        0x2 contiki-sky.a(watchdog.o)
 .bss           0x00000000000012c0        0x4 contiki-sky.a(ctimer.o)
 .bss           0x00000000000012c4        0x6 contiki-sky.a(etimer.o)
 .bss           0x00000000000012ca       0x38 contiki-sky.a(process.o)
                0x00000000000012ca                process_current
                0x00000000000012cc                process_list
 .bss           0x0000000000001302        0x2 contiki-sky.a(rtimer.o)
 .bss           0x0000000000001304      0x6e6 contiki-sky.a(sicslowpan.o)
 .bss           0x00000000000019ea        0xc contiki-sky.a(uip6.o)
                0x00000000000019ea                uip_ext_opt_offset
                0x00000000000019ec                uip_ext_len
                0x00000000000019ee                uip_ext_bitmap
 .bss           0x00000000000019f6       0x18 contiki-sky.a(uip-ds6.o)
 .bss           0x0000000000001a0e       0xb4 contiki-sky.a(uip-ds6-nbr.o)
 .bss           0x0000000000001ac2      0x1e6 contiki-sky.a(uip-ds6-route.o)
 .bss           0x0000000000001ca8       0x14 contiki-sky.a(uip-icmp6.o)
 .bss           0x0000000000001cbc       0x30 contiki-sky.a(tcpip.o)
 .bss           0x0000000000001cec        0x2 contiki-sky.a(rpl.o)
 .bss           0x0000000000001cee       0x3c contiki-sky.a(rpl-dag.o)
 .bss           0x0000000000001d2a       0x18 contiki-sky.a(rpl-timers.o)
 .bss           0x0000000000001d42       0xc0 contiki-sky.a(csma.o)
 .bss           0x0000000000001e02        0x2 contiki-sky.a(framer-802154.o)
 .bss           0x0000000000001e04       0x64 contiki-sky.a(link-stats.o)
 .bss           0x0000000000001e68       0x96 contiki-sky.a(nbr-table.o)
 .bss           0x0000000000001efe       0x86 contiki-sky.a(packetbuf.o)
 .bss           0x0000000000001f84      0x5a0 contiki-sky.a(queuebuf.o)
 .bss           0x0000000000002524       0x20 contiki-sky.a(rpl-nbr-policy.)
 .bss           0x0000000000002544       0xa0 contiki-sky.a(mac-sequence.o)
 *(COMMON)
 COMMON         0x00000000000025e4        0x2 contiki-sky.a(contiki-sky-pla)
                0x00000000000025e4                sensors_flags
 COMMON         0x00000000000025e6        0x8 contiki-sky.a(ds2411.o)
                0x00000000000025e6                ds2411_id
 COMMON         0x00000000000025ee        0x1 contiki-sky.a(sensors.o)
                0x00000000000025ee                sensors_event
 *fill*         0x00000000000025ef        0x1 00
 COMMON         0x00000000000025f0       0x10 contiki-sky.a(cc2420.o)
                0x00000000000025f0                cc2420_last_rssi
                0x00000000000025f2                cc2420_sfd_start_time
                0x00000000000025f4                cc2420_time_of_departure
                0x00000000000025f6                cc2420_time_of_arrival
                0x00000000000025f8                cc2420_last_correlation
                0x00000000000025fa                cc2420_authority_level_of_sender
                0x00000000000025fc                cc2420_sfd_counter
                0x00000000000025fe                cc2420_sfd_end_time
 COMMON         0x0000000000002600        0x2 contiki-sky.a(msp430.o)
                0x0000000000002600                msp430_dco_required
 COMMON         0x0000000000002602       0x56 contiki-sky.a(energest.o)
                0x0000000000002602                energest_total_time
                0x0000000000002632                energest_total_count
                0x0000000000002634                energest_current_mode
                0x0000000000002640                energest_current_time
 COMMON         0x0000000000002658        0x1 contiki-sky.a(process.o)
                0x0000000000002658                process_maxevents
 *fill*         0x0000000000002659        0x1 00
 COMMON         0x000000000000265a      0x304 contiki-sky.a(uip6.o)
                0x000000000000265a                uip_len
                0x000000000000265c                uip_sappdata
                0x000000000000265e                uip_acc32
                0x0000000000002662                uip_lladdr
                0x000000000000266a                uip_aligned_buf
                0x000000000000275a                uip_flags
                0x000000000000275c                uip_next_hdr
                0x000000000000275e                uip_udp_conn
                0x0000000000002760                uip_appdata
                0x0000000000002762                uip_conn
                0x0000000000002764                uip_conns
                0x0000000000002814                uip_listenports
                0x0000000000002824                uip_slen
                0x0000000000002826                uip_udp_conns
 COMMON         0x000000000000295e      0x15c contiki-sky.a(uip-ds6.o)
                0x000000000000295e                uip_ds6_timer_ra
                0x0000000000002966                uip_ds6_if
                0x0000000000002a52                uip_ds6_netif_addr_list_offset
                0x0000000000002a53                uip_ds6_addr_size
                0x0000000000002a54                uip_ds6_prefix_list
                0x0000000000002aae                uip_ds6_timer_periodic
 COMMON         0x0000000000002aba        0x1 contiki-sky.a(tcpip.o)
                0x0000000000002aba                tcpip_event
 *fill*         0x0000000000002abb        0x1 00
 COMMON         0x0000000000002abc      0x100 contiki-sky.a(rpl-dag.o)
                0x0000000000002abc                default_instance
                0x0000000000002abe                instance_table
 COMMON         0x0000000000002bbc        0x8 contiki-sky.a(linkaddr.o)
                0x0000000000002bbc                linkaddr_node_addr
 COMMON         0x0000000000002bc4       0x14 contiki-sky.a(link-stats.o)
                0x0000000000002bc4                periodic_timer
 COMMON         0x0000000000002bd8       0x2e contiki-sky.a(packetbuf.o)
                0x0000000000002bd8                packetbuf_addrs
                0x0000000000002be8                packetbuf_attrs
                0x0000000000002c06                . = ALIGN (0x2)
                0x0000000000002c06                PROVIDE (__bss_end, .)
                0x0000000000001a16                PROVIDE (__bss_size, SIZEOF (.bss))

.noinit         0x0000000000002c06        0x2 load address 0x000000000000f3d4
                0x0000000000002c06                PROVIDE (__noinit_start, .)
 *(.noinit .noinit.*)
 .noinit.crt0   0x0000000000002c06        0x2 /usr/lib/gcc/msp430/4.6.3/mmpy-16/libcrt0.a(__watchdog_support.o)
                0x0000000000002c06                __wdt_clear_value
                0x0000000000002c08                . = ALIGN (0x2)
                0x0000000000002c08                PROVIDE (__noinit_end, .)
                0x0000000000002c08                . = ALIGN (0x2)
                0x0000000000002c08                _end = .

.infomem        0x0000000000001000        0x0
 *(.infomem)
                0x0000000000001000                . = ALIGN (0x2)
 *(.infomem.*)

.infomemnobits  0x0000000000001000        0x0
 *(.infomemnobits)
                0x0000000000001000                . = ALIGN (0x2)
 *(.infomemnobits.*)

.infoa
 *(.infoa .infoa.*)

.infob
 *(.infob .infob.*)

.infoc
 *(.infoc .infoc.*)

.infod
 *(.infod .infod.*)

.vectors        0x000000000000ffe0       0x20
                0x000000000000ffe0                PROVIDE (__vectors_start, .)
 *(.vectors*)
 .vectors       0x000000000000ffe0       0x20 /usr/lib/gcc/msp430/4.6.3/mmpy-16/crt0ivtbl16.o
                0x000000000000ffe0                __ivtbl_16
                0x0000000000010000                _vectors_end = .

.fartext        0x0000000000000000        0x0
                0x0000000000000000                . = ALIGN (0x2)
 *(.fartext)
                0x0000000000000000                . = ALIGN (0x2)
 *(.fartext.*)
                0x0000000000000000                _efartext = .

.profiler
 *(.profiler)

.stab           0x0000000000000000    0x2970c
 *(.stab)
 .stab          0x0000000000000000     0x1a64 udp-server.co
 .stab          0x0000000000001a64     0x1350 obj_sky/contiki-sky-main.o
                                       0x1b30 (size before relaxing)
 .stab          0x0000000000002db4      0x258 contiki-sky.a(contiki-sky-pla)
                                        0x5b8 (size before relaxing)
 .stab          0x000000000000300c      0x468 contiki-sky.a(button-sensor.o)
                                        0x7d4 (size before relaxing)
 .stab          0x0000000000003474      0x624 contiki-sky.a(ds2411.o)
                                        0xb40 (size before relaxing)
 .stab          0x0000000000003a98      0xbac contiki-sky.a(xmem.o)
                                        0xf60 (size before relaxing)
 .stab          0x0000000000004644      0x2b8 contiki-sky.a(node-id.o)
                                        0x4e0 (size before relaxing)
 .stab          0x00000000000048fc      0x654 contiki-sky.a(sensors.o)
                                        0xb70 (size before relaxing)
 .stab          0x0000000000004f50     0x28bc contiki-sky.a(cc2420.o)
                                       0x2fe8 (size before relaxing)
 .stab          0x000000000000780c      0x630 contiki-sky.a(cc2420-arch.o)
                                       0x1734 (size before relaxing)
 .stab          0x0000000000007e3c      0x60c contiki-sky.a(uart1.o)
                                        0x960 (size before relaxing)
 .stab          0x0000000000008448      0x234 contiki-sky.a(uart1-putchar.o)
                                        0x588 (size before relaxing)
 .stab          0x000000000000867c      0x744 contiki-sky.a(msp430.o)
                                        0xa98 (size before relaxing)
 .stab          0x0000000000008dc0      0x948 contiki-sky.a(clock.o)
                                        0xc9c (size before relaxing)
 .stab          0x0000000000009708      0x5dc contiki-sky.a(leds.o)
                                        0x828 (size before relaxing)
 .stab          0x0000000000009ce4      0x3a8 contiki-sky.a(leds-arch.o)
                                        0x6fc (size before relaxing)
 .stab          0x000000000000a08c      0x3fc contiki-sky.a(watchdog.o)
                                        0x750 (size before relaxing)
 .stab          0x000000000000a488      0x3cc contiki-sky.a(rtimer-arch.o)
                                        0x720 (size before relaxing)
 .stab          0x000000000000a854      0x294 contiki-sky.a(autostart.o)
                                        0x534 (size before relaxing)
 .stab          0x000000000000aae8      0x858 contiki-sky.a(ctimer.o)
                                        0xbc4 (size before relaxing)
 .stab          0x000000000000b340      0x474 contiki-sky.a(energest.o)
                                        0x6fc (size before relaxing)
 .stab          0x000000000000b7b4      0xabc contiki-sky.a(etimer.o)
                                        0xd8c (size before relaxing)
 .stab          0x000000000000c270      0xba0 contiki-sky.a(process.o)
                                       0x1038 (size before relaxing)
 .stab          0x000000000000ce10      0x3d8 contiki-sky.a(rtimer.o)
                                        0x6c0 (size before relaxing)
 .stab          0x000000000000d1e8      0x354 contiki-sky.a(timer.o)
                                        0x594 (size before relaxing)