Archive member included because of file (symbol)

/usr/lib/gcc/arm-none-eabi/4.8.2/armv7-m/libgcc.a(_aeabi_uldivmod.o)
                              obj_zoul/weather-meter.o (__aeabi_uldivmod)
/usr/lib/gcc/arm-none-eabi/4.8.2/armv7-m/libgcc.a(bpabi.o)
                              /usr/lib/gcc/arm-none-eabi/4.8.2/armv7-m/libgcc.a(_aeabi_uldivmod.o) (__gnu_uldivmod_helper)
/usr/lib/gcc/arm-none-eabi/4.8.2/armv7-m/libgcc.a(_dvmd_tls.o)
                              /usr/lib/gcc/arm-none-eabi/4.8.2/armv7-m/libgcc.a(_aeabi_uldivmod.o) (__aeabi_ldiv0)
/usr/lib/gcc/arm-none-eabi/4.8.2/armv7-m/libgcc.a(_divdi3.o)
                              /usr/lib/gcc/arm-none-eabi/4.8.2/armv7-m/libgcc.a(bpabi.o) (__divdi3)
/usr/lib/gcc/arm-none-eabi/4.8.2/armv7-m/libgcc.a(_udivdi3.o)
                              /usr/lib/gcc/arm-none-eabi/4.8.2/armv7-m/libgcc.a(bpabi.o) (__udivdi3)
/usr/lib/gcc/arm-none-eabi/4.8.2/../../../arm-none-eabi/lib/armv7-m/libc.a(lib_a-memcmp.o)
                              obj_zoul/slip.o (memcmp)
/usr/lib/gcc/arm-none-eabi/4.8.2/../../../arm-none-eabi/lib/armv7-m/libc.a(lib_a-memcpy.o)
                              obj_zoul/slip.o (memcpy)
/usr/lib/gcc/arm-none-eabi/4.8.2/../../../arm-none-eabi/lib/armv7-m/libc.a(lib_a-memmove.o)
                              obj_zoul/mmem.o (memmove)
/usr/lib/gcc/arm-none-eabi/4.8.2/../../../arm-none-eabi/lib/armv7-m/libc.a(lib_a-memset.o)
                              obj_zoul/gpio.o (memset)
/usr/lib/gcc/arm-none-eabi/4.8.2/../../../arm-none-eabi/lib/armv7-m/libc.a(lib_a-reent.o)
                              obj_zoul/syscalls.o (errno)
/usr/lib/gcc/arm-none-eabi/4.8.2/../../../arm-none-eabi/lib/armv7-m/libc.a(lib_a-strcmp.o)
                              obj_zoul/cfs-coffee.o (strcmp)
/usr/lib/gcc/arm-none-eabi/4.8.2/../../../arm-none-eabi/lib/armv7-m/libc.a(lib_a-strlen.o)
                              obj_zoul/sensors.o (strlen)
/usr/lib/gcc/arm-none-eabi/4.8.2/../../../arm-none-eabi/lib/armv7-m/libc.a(lib_a-strncmp.o)
                              obj_zoul/slip.o (strncmp)
/usr/lib/gcc/arm-none-eabi/4.8.2/../../../arm-none-eabi/lib/armv7-m/libc.a(lib_a-strncpy.o)
                              obj_zoul/cfs-coffee.o (strncpy)
/usr/lib/gcc/arm-none-eabi/4.8.2/../../../arm-none-eabi/lib/armv7-m/libc.a(lib_a-freer.o)
                              /usr/lib/gcc/arm-none-eabi/4.8.2/../../../arm-none-eabi/lib/armv7-m/libc.a(lib_a-reent.o) (_free_r)
/usr/lib/gcc/arm-none-eabi/4.8.2/../../../arm-none-eabi/lib/armv7-m/libc.a(lib_a-impure.o)
                              /usr/lib/gcc/arm-none-eabi/4.8.2/../../../arm-none-eabi/lib/armv7-m/libc.a(lib_a-reent.o) (_impure_ptr)
/usr/lib/gcc/arm-none-eabi/4.8.2/../../../arm-none-eabi/lib/armv7-m/libc.a(lib_a-mallocr.o)
                              /usr/lib/gcc/arm-none-eabi/4.8.2/../../../arm-none-eabi/lib/armv7-m/libc.a(lib_a-freer.o) (__malloc_current_mallinfo)
/usr/lib/gcc/arm-none-eabi/4.8.2/../../../arm-none-eabi/lib/armv7-m/libc.a(lib_a-mlock.o)
                              /usr/lib/gcc/arm-none-eabi/4.8.2/../../../arm-none-eabi/lib/armv7-m/libc.a(lib_a-freer.o) (__malloc_lock)
/usr/lib/gcc/arm-none-eabi/4.8.2/../../../arm-none-eabi/lib/armv7-m/libc.a(lib_a-sbrkr.o)
                              /usr/lib/gcc/arm-none-eabi/4.8.2/../../../arm-none-eabi/lib/armv7-m/libc.a(lib_a-freer.o) (_sbrk_r)

Allocating common symbols
Common symbol       size              file

compower_idle_activity
                    0x8               obj_zoul/compower.o
presence_int_callback
                    0x4               obj_zoul/motion-sensor.o
rtcc_int1_callback  0x4               obj_zoul/rtcc.o
usb_setup_buffer    0x8               obj_zoul/usb-core.o
grove_gyro_int_callback
                    0x4               obj_zoul/grove-gyro.o
anemometer_int_callback
                    0x4               obj_zoul/weather-meter.o
errno               0x4               /usr/lib/gcc/arm-none-eabi/4.8.2/../../../arm-none-eabi/lib/armv7-m/libc.a(lib_a-reent.o)
slip_active         0x1               obj_zoul/slip.o
rimestats           0x48              obj_zoul/rimestats.o
tsl2563_int_callback
                    0x4               obj_zoul/tsl2563.o
packetbuf_addrs     0x8               obj_zoul/packetbuf.o
rain_gauge_int_callback
                    0x4               obj_zoul/weather-meter.o
periodic_timer      0x20              obj_zoul/link-stats.o
linkaddr_node_addr  0x2               obj_zoul/linkaddr.o
packetbuf_attrs     0x34              obj_zoul/packetbuf.o
rain_gauge_int_event
                    0x1               obj_zoul/weather-meter.o
iaq_enable_callback
                    0x4               obj_zoul/iaq.o
anemometer_int_event
                    0x1               obj_zoul/weather-meter.o
stats               0x38              obj_zoul/collect.o
avail_memory        0x4               obj_zoul/mmem.o
sensors_flags       0x4               obj_zoul/zoul-sensors.o
serial_line_event_message
[...]
Memory Configuration

Name             Origin             Length             Attributes
FLASH_FW         0x0000000000202000 0x000000000007dfd4 xr
FLASH_CCA        0x000000000027ffd4 0x000000000000002c xr
NRSRAM           0x0000000020000000 0x0000000000004000 xrw
FRSRAM           0x0000000020004000 0x0000000000004000 xrw
*default*        0x0000000000000000 0xffffffffffffffff

Linker script and memory map

LOAD obj_zoul/startup-gcc.o
LOAD obj_zoul/tsl2563.o
LOAD obj_zoul/sht25.o
LOAD obj_zoul/bmpx8x.o
LOAD obj_zoul/motion-sensor.o
LOAD obj_zoul/adc-sensors.o
LOAD obj_zoul/weather-meter.o
LOAD obj_zoul/grove-gyro.o
LOAD obj_zoul/rgb-bl-lcd.o
LOAD obj_zoul/pm10-sensor.o
LOAD obj_zoul/iaq.o
LOAD obj_zoul/zonik.o
LOAD obj_zoul/contiki-main.o
LOAD obj_zoul/leds.o
LOAD obj_zoul/leds-arch.o
LOAD obj_zoul/cc1200-zoul-arch.o
LOAD obj_zoul/adc-zoul.o
LOAD obj_zoul/button-sensor.o
LOAD obj_zoul/zoul-sensors.o
LOAD obj_zoul/board.o
LOAD obj_zoul/antenna-sw.o
LOAD obj_zoul/rtcc.o
LOAD obj_zoul/power-mgmt.o
LOAD obj_zoul/soc.o
LOAD obj_zoul/clock.o
LOAD obj_zoul/rtimer-arch.o
LOAD obj_zoul/uart.o
LOAD obj_zoul/watchdog.o
LOAD obj_zoul/nvic.o
LOAD obj_zoul/cpu.o
LOAD obj_zoul/sys-ctrl.o
LOAD obj_zoul/gpio.o
LOAD obj_zoul/ioc.o
LOAD obj_zoul/spi.o
LOAD obj_zoul/adc.o
LOAD obj_zoul/crypto.o
LOAD obj_zoul/aes.o
LOAD obj_zoul/ecb.o
LOAD obj_zoul/cbc.o
LOAD obj_zoul/ctr.o
LOAD obj_zoul/cbc-mac.o
LOAD obj_zoul/gcm.o
LOAD obj_zoul/ccm.o
LOAD obj_zoul/sha256.o
LOAD obj_zoul/cc2538-aes-128.o
LOAD obj_zoul/cc2538-ccm-star.o
LOAD obj_zoul/cc2538-rf.o
LOAD obj_zoul/udma.o
LOAD obj_zoul/lpm.o
LOAD obj_zoul/pka.o
LOAD obj_zoul/bignum-driver.o
LOAD obj_zoul/ecc-driver.o
LOAD obj_zoul/ecc-algorithm.o
LOAD obj_zoul/ecc-curve.o
LOAD obj_zoul/dbg.o
LOAD obj_zoul/ieee-addr.o
LOAD obj_zoul/slip-arch.o
LOAD obj_zoul/slip.o
LOAD obj_zoul/i2c.o
LOAD obj_zoul/cc2538-temp-sensor.o
LOAD obj_zoul/vdd3-sensor.o
LOAD obj_zoul/cfs-coffee.o
LOAD obj_zoul/cfs-coffee-arch.o
LOAD obj_zoul/pwm.o
LOAD obj_zoul/dbg-printf.o
LOAD obj_zoul/dbg-snprintf.o
LOAD obj_zoul/dbg-sprintf.o
LOAD obj_zoul/strformat.o
LOAD obj_zoul/usb-core.o
LOAD obj_zoul/cdc-acm.o
LOAD obj_zoul/usb-arch.o
LOAD obj_zoul/usb-serial.o
LOAD obj_zoul/cdc-acm-descriptors.o
LOAD obj_zoul/arg.o
LOAD obj_zoul/autostart.o
LOAD obj_zoul/compower.o
LOAD obj_zoul/ctimer.o
LOAD obj_zoul/energest.o
LOAD obj_zoul/etimer.o
LOAD obj_zoul/mt.o
LOAD obj_zoul/process.o
LOAD obj_zoul/procinit.o
LOAD obj_zoul/rtimer.o
LOAD obj_zoul/stimer.o
LOAD obj_zoul/timer.o
LOAD obj_zoul/nullradio.o
LOAD obj_zoul/serial-line.o
LOAD obj_zoul/aes-128.o
LOAD obj_zoul/assert.o
LOAD obj_zoul/ccm-star.o
LOAD obj_zoul/crc16.o
LOAD obj_zoul/gcr.o
LOAD obj_zoul/ifft.o
LOAD obj_zoul/list.o
LOAD obj_zoul/me.o
LOAD obj_zoul/memb.o
LOAD obj_zoul/me_tabs.o
LOAD obj_zoul/mmem.o
LOAD obj_zoul/petsciiconv.o
LOAD obj_zoul/print-stats.o
LOAD obj_zoul/random.o
LOAD obj_zoul/ringbuf.o
LOAD obj_zoul/ringbufindex.o
LOAD obj_zoul/sensors.o
LOAD obj_zoul/settings.o
LOAD obj_zoul/trickle-timer.o
LOAD obj_zoul/abc.o
LOAD obj_zoul/announcement.o
LOAD obj_zoul/broadcast-announcement.o
LOAD obj_zoul/broadcast.o
LOAD obj_zoul/chameleon-bitopt.o
LOAD obj_zoul/chameleon.o
LOAD obj_zoul/chameleon-raw.o
LOAD obj_zoul/channel.o
LOAD obj_zoul/collect.o
LOAD obj_zoul/collect-link-estimate.o
LOAD obj_zoul/collect-neighbor.o
LOAD obj_zoul/ipolite.o
LOAD obj_zoul/mesh.o
LOAD obj_zoul/multihop.o
LOAD obj_zoul/neighbor-discovery.o
LOAD obj_zoul/netflood.o
LOAD obj_zoul/packetqueue.o
LOAD obj_zoul/polite-announcement.o
LOAD obj_zoul/polite.o
LOAD obj_zoul/rime.o
LOAD obj_zoul/rimestats.o
LOAD obj_zoul/rmh.o
LOAD obj_zoul/route.o
LOAD obj_zoul/route-discovery.o
LOAD obj_zoul/rucb.o
LOAD obj_zoul/rudolph1.o
LOAD obj_zoul/rudolph2.o
LOAD obj_zoul/runicast.o
LOAD obj_zoul/stbroadcast.o
LOAD obj_zoul/stunicast.o
LOAD obj_zoul/timesynch.o
LOAD obj_zoul/trickle.o
LOAD obj_zoul/unicast.o
LOAD obj_zoul/syscalls.o
LOAD obj_zoul/linkaddr.o
LOAD obj_zoul/link-stats.o
LOAD obj_zoul/nbr-table.o
LOAD obj_zoul/net-debug.o
LOAD obj_zoul/netstack.o
LOAD obj_zoul/packetbuf.o
LOAD obj_zoul/queuebuf.o
LOAD obj_zoul/csma.o
LOAD obj_zoul/frame802154.o
LOAD obj_zoul/frame802154e-ie.o
LOAD obj_zoul/framer-802154.o
LOAD obj_zoul/framer-nullmac.o
LOAD obj_zoul/mac.o
LOAD obj_zoul/mac-sequence.o
LOAD obj_zoul/nordc.o
LOAD obj_zoul/nullmac.o
LOAD obj_zoul/nullrdc.o
LOAD obj_zoul/nullrdc-noframer.o
LOAD obj_zoul/phase.o
LOAD obj_zoul/contikimac.o
LOAD obj_zoul/contikimac-framer.o
LOAD obj_zoul/anti-replay.o
LOAD obj_zoul/ccm-star-packetbuf.o
LOAD obj_zoul/nullsec.o
LOAD obj_zoul/noncoresec.o
LOAD obj_zoul/cc1200-802154g-863-870-fsk-50kbps.o
LOAD obj_zoul/cc1200.o
LOAD test-power-mgmt.co
START GROUP
LOAD /usr/lib/gcc/arm-none-eabi/4.8.2/armv7-m/libgcc.a
LOAD /usr/lib/gcc/arm-none-eabi/4.8.2/../../../arm-none-eabi/lib/armv7-m/libc.a
END GROUP

.text           0x0000000000202000     0x5254
                0x0000000000202000                _text = .
 *(SORT(.vectors))
 .vectors       0x0000000000202000      0x28c obj_zoul/startup-gcc.o
                0x0000000000202000                vectors
 *(SORT(.text*))
 .text.reset_handler
                0x000000000020228c       0x40 obj_zoul/startup-gcc.o
                0x000000000020228c                reset_handler
 .text.startup.main
                0x00000000002022cc      0x188 obj_zoul/contiki-main.o
                0x00000000002022cc                main
 .text.leds_init
                0x0000000000202454       0x14 obj_zoul/leds.o
                0x0000000000202454                leds_init
 .text.leds_on  0x0000000000202468       0x10 obj_zoul/leds.o
                0x0000000000202468                leds_on
 .text.leds_off
                0x0000000000202478       0x14 obj_zoul/leds.o
                0x0000000000202478                leds_off
 .text.leds_toggle
                0x000000000020248c       0x10 obj_zoul/leds.o
                0x000000000020248c                leds_toggle
 .text.leds_arch_init
                0x000000000020249c       0x10 obj_zoul/leds-arch.o
                0x000000000020249c                leds_arch_init
 .text.leds_arch_set
                0x00000000002024ac        0xc obj_zoul/leds-arch.o
                0x00000000002024ac                leds_arch_set
 .text.value    0x00000000002024b8       0x20 obj_zoul/button-sensor.o
 .text.duration_exceeded_callback
                0x00000000002024d8       0x3c obj_zoul/button-sensor.o
 .text.config_user
                0x0000000000202514       0xa0 obj_zoul/button-sensor.o
 .text.btn_callback
                0x00000000002025b4       0x5c obj_zoul/button-sensor.o
 .text.antenna_sw_config
                0x0000000000202610       0x30 obj_zoul/antenna-sw.o
                0x0000000000202610                antenna_sw_config
 .text.pm_send_cmd
                0x0000000000202640       0xf4 obj_zoul/power-mgmt.o
 .text.pm_init  0x0000000000202734       0x60 obj_zoul/power-mgmt.o
                0x0000000000202734                pm_init
 .text.pm_enable_timer
                0x0000000000202794       0x24 obj_zoul/power-mgmt.o
                0x0000000000202794                pm_enable_timer
 .text.pm_get_state
                0x00000000002027b8       0x2c obj_zoul/power-mgmt.o
                0x00000000002027b8                pm_get_state
 .text.pm_get_firmware_version
                0x00000000002027e4       0x38 obj_zoul/power-mgmt.o
                0x00000000002027e4                pm_get_firmware_version
 .text.soc_get_rev
                0x000000000020281c       0x18 obj_zoul/soc.o
                0x000000000020281c                soc_get_rev
 .text.soc_get_sram_size
                0x0000000000202834       0x20 obj_zoul/soc.o
                0x0000000000202834                soc_get_sram_size
 .text.soc_print_info
                0x0000000000202854       0x70 obj_zoul/soc.o
                0x0000000000202854                soc_print_info
 .text.update_ticks
                0x00000000002028c4       0x50 obj_zoul/clock.o
 .text.clock_init
                0x0000000000202914       0x50 obj_zoul/clock.o
                0x0000000000202914                clock_init
 .text.clock_time
                0x0000000000202964       0x14 obj_zoul/clock.o
                0x0000000000202964                clock_time
 .text.clock_delay_usec
                0x0000000000202978       0x1c obj_zoul/clock.o
                0x0000000000202978                clock_delay_usec
 .text.clock_adjust
                0x0000000000202994       0x20 obj_zoul/clock.o
                0x0000000000202994                clock_adjust
 .text.rtimer_arch_next_trigger
                0x00000000002029b4        0xc obj_zoul/rtimer-arch.o
                0x00000000002029b4                rtimer_arch_next_trigger
 .text.rtimer_arch_now
                0x00000000002029c0       0x24 obj_zoul/rtimer-arch.o
                0x00000000002029c0                rtimer_arch_now
 .text.rtimer_arch_schedule
                0x00000000002029e4       0x58 obj_zoul/rtimer-arch.o
                0x00000000002029e4                rtimer_arch_schedule
 .text.rtimer_isr
                0x0000000000202a3c       0x24 obj_zoul/rtimer-arch.o
                0x0000000000202a3c                rtimer_isr
 .text.permit_pm1
                0x0000000000202a60       0x2c obj_zoul/uart.o
 .text.uart_isr
                0x0000000000202a8c       0x64 obj_zoul/uart.o
 .text.uart_init
                0x0000000000202af0      0x184 obj_zoul/uart.o
                0x0000000000202af0                uart_init
 .text.uart_set_input
                0x0000000000202c74       0x10 obj_zoul/uart.o
                0x0000000000202c74                uart_set_input
 .text.uart_write_byte
                0x0000000000202c84       0x1c obj_zoul/uart.o
                0x0000000000202c84                uart_write_byte
 .text.watchdog_init
                0x0000000000202ca0        0xc obj_zoul/watchdog.o
                0x0000000000202ca0                watchdog_init
 .text.watchdog_start
                0x0000000000202cac        0xc obj_zoul/watchdog.o
                0x0000000000202cac                watchdog_start
 .text.watchdog_periodic
                0x0000000000202cb8       0x10 obj_zoul/watchdog.o
                0x0000000000202cb8                watchdog_periodic
 .text.nvic_init
                0x0000000000202cc8       0x3c obj_zoul/nvic.o
                0x0000000000202cc8                nvic_init
 .text.nvic_interrupt_enable
                0x0000000000202d04       0x1c obj_zoul/nvic.o
                0x0000000000202d04                nvic_interrupt_enable
 .text.nvic_interrupt_disable
                0x0000000000202d20       0x1c obj_zoul/nvic.o
                0x0000000000202d20                nvic_interrupt_disable
 .text.nvic_interrupt_unpend
                0x0000000000202d3c       0x1c obj_zoul/nvic.o
                0x0000000000202d3c                nvic_interrupt_unpend
 .text.sys_ctrl_get_reset_cause
                0x0000000000202d58       0x10 obj_zoul/sys-ctrl.o
                0x0000000000202d58                sys_ctrl_get_reset_cause
 .text.sys_ctrl_get_reset_cause_str
                0x0000000000202d68       0x14 obj_zoul/sys-ctrl.o
                0x0000000000202d68                sys_ctrl_get_reset_cause_str
 .text.sys_ctrl_init
                0x0000000000202d7c       0x28 obj_zoul/sys-ctrl.o
                0x0000000000202d7c                sys_ctrl_init
 .text.sys_ctrl_get_sys_clock
                0x0000000000202da4       0x18 obj_zoul/sys-ctrl.o
                0x0000000000202da4                sys_ctrl_get_sys_clock
 .text.sys_ctrl_get_io_clock
                0x0000000000202dbc       0x18 obj_zoul/sys-ctrl.o
                0x0000000000202dbc                sys_ctrl_get_io_clock
 .text.gpio_register_callback
                0x0000000000202dd4       0x10 obj_zoul/gpio.o
                0x0000000000202dd4                gpio_register_callback
 .text.notify   0x0000000000202de4       0x30 obj_zoul/gpio.o
                0x0000000000202de4                notify
 .text.gpio_port_isr
                0x0000000000202e14       0x4c obj_zoul/gpio.o
 .text.gpio_init
                0x0000000000202e60       0x10 obj_zoul/gpio.o
                0x0000000000202e60                gpio_init
 .text.ioc_init
                0x0000000000202e70       0x1c obj_zoul/ioc.o
                0x0000000000202e70                ioc_init
 .text.ioc_set_over
                0x0000000000202e8c       0x14 obj_zoul/ioc.o
                0x0000000000202e8c                ioc_set_over
 .text.ioc_set_sel
                0x0000000000202ea0       0x14 obj_zoul/ioc.o
                0x0000000000202ea0                ioc_set_sel
 .text.adc_get  0x0000000000202eb4       0x74 obj_zoul/adc.o
                0x0000000000202eb4                adc_get
 .text.permit_pm1
                0x0000000000202f28       0x14 obj_zoul/crypto.o
 .text.crypto_isr
                0x0000000000202f3c       0x24 obj_zoul/crypto.o
                0x0000000000202f3c                crypto_isr
 .text.crypto_enable
                0x0000000000202f60       0x20 obj_zoul/crypto.o
                0x0000000000202f60                crypto_enable
 .text.crypto_init
                0x0000000000202f80       0x3c obj_zoul/crypto.o
                0x0000000000202f80                crypto_init
 .text.crypto_disable
                0x0000000000202fbc       0x20 obj_zoul/crypto.o
                0x0000000000202fbc                crypto_disable
 .text.on       0x0000000000202fdc       0x2c obj_zoul/cc2538-rf.o
 .text.off      0x0000000000203008       0x40 obj_zoul/cc2538-rf.o
 .text.set_channel
                0x0000000000203048       0x48 obj_zoul/cc2538-rf.o
 .text.channel_clear
                0x0000000000203090       0x3c obj_zoul/cc2538-rf.o
 .text.receiving_packet
                0x00000000002030cc       0x1c obj_zoul/cc2538-rf.o
 .text.pending_packet
                0x00000000002030e8       0x10 obj_zoul/cc2538-rf.o
 .text.get_value
                0x00000000002030f8      0x164 obj_zoul/cc2538-rf.o
 .text.prepare  0x000000000020325c       0x64 obj_zoul/cc2538-rf.o
 .text.transmit
                0x00000000002032c0       0xa0 obj_zoul/cc2538-rf.o
 .text.set_frame_filtering
                0x0000000000203360       0x18 obj_zoul/cc2538-rf.o
 .text.set_object
                0x0000000000203378       0x34 obj_zoul/cc2538-rf.o
 .text.read     0x00000000002033ac       0xf8 obj_zoul/cc2538-rf.o
 .text.cc2538_rf_rx_tx_isr
                0x00000000002034a4       0x24 obj_zoul/cc2538-rf.o
                0x00000000002034a4                cc2538_rf_rx_tx_isr
 .text.cc2538_rf_err_isr
                0x00000000002034c8       0x2c obj_zoul/cc2538-rf.o
                0x00000000002034c8                cc2538_rf_err_isr
 .text.get_sfd_timestamp
                0x00000000002034f4       0xf4 obj_zoul/cc2538-rf.o
                0x00000000002034f4                get_sfd_timestamp
 .text.get_object
                0x00000000002035e8       0x48 obj_zoul/cc2538-rf.o
 .text.mac_timer_init
                0x0000000000203630       0x54 obj_zoul/cc2538-rf.o
                0x0000000000203630                mac_timer_init
 .text.set_poll_mode
                0x0000000000203684       0x48 obj_zoul/cc2538-rf.o
 .text.init     0x00000000002036cc       0xbc obj_zoul/cc2538-rf.o
 .text.process_thread_cc2538_rf_process
                0x0000000000203788       0x90 obj_zoul/cc2538-rf.o
 .text.set_value
                0x0000000000203818       0xec obj_zoul/cc2538-rf.o
 .text.udma_init
                0x0000000000203904       0x30 obj_zoul/udma.o
                0x0000000000203904                udma_init
 .text.udma_set_channel_src
                0x0000000000203934       0x10 obj_zoul/udma.o
                0x0000000000203934                udma_set_channel_src
 .text.udma_set_channel_dst
                0x0000000000203944       0x14 obj_zoul/udma.o
                0x0000000000203944                udma_set_channel_dst
 .text.udma_set_channel_control_word
                0x0000000000203958       0x14 obj_zoul/udma.o
                0x0000000000203958                udma_set_channel_control_word
 .text.udma_channel_enable
                0x000000000020396c       0x18 obj_zoul/udma.o
                0x000000000020396c                udma_channel_enable
 .text.udma_channel_mask_set
                0x0000000000203984       0x18 obj_zoul/udma.o
                0x0000000000203984                udma_channel_mask_set
 .text.udma_channel_sw_request
                0x000000000020399c       0x18 obj_zoul/udma.o
                0x000000000020399c                udma_channel_sw_request
 .text.udma_channel_get_mode
                0x00000000002039b4       0x1c obj_zoul/udma.o
                0x00000000002039b4                udma_channel_get_mode
 .text.udma_isr
                0x00000000002039d0       0x10 obj_zoul/udma.o
                0x00000000002039d0                udma_isr
 .text.udma_err_isr
                0x00000000002039e0        0xc obj_zoul/udma.o
                0x00000000002039e0                udma_err_isr
 .text.select_32_mhz_xosc
                0x00000000002039ec       0x2c obj_zoul/lpm.o
 .text.lpm_exit
                0x0000000000203a18       0x30 obj_zoul/lpm.o
                0x0000000000203a18                lpm_exit
 .text.lpm_enter
                0x0000000000203a48       0xb4 obj_zoul/lpm.o
                0x0000000000203a48                lpm_enter
 .text.lpm_register_peripheral
                0x0000000000203afc       0x20 obj_zoul/lpm.o
                0x0000000000203afc                lpm_register_peripheral
 .text.lpm_init
                0x0000000000203b1c       0x24 obj_zoul/lpm.o
                0x0000000000203b1c                lpm_init
 .text.pka_isr  0x0000000000203b40       0x24 obj_zoul/pka.o
                0x0000000000203b40                pka_isr
 .text.ieee_addr_cpy_to
                0x0000000000203b64       0x70 obj_zoul/ieee-addr.o
                0x0000000000203b64                ieee_addr_cpy_to
 .text.printf   0x0000000000203bd4       0x20 obj_zoul/dbg-printf.o
                0x0000000000203bd4                printf
 .text.fill_space
                0x0000000000203bf4       0x30 obj_zoul/strformat.o
 .text.format_str_v
                0x0000000000203c24      0x6c8 obj_zoul/strformat.o
                0x0000000000203c24                format_str_v
 .text.process_thread_ctimer_process
                0x00000000002042ec       0x80 obj_zoul/ctimer.o
 .text.ctimer_init
                0x000000000020436c       0x28 obj_zoul/ctimer.o
                0x000000000020436c                ctimer_init
 .text.ctimer_set_with_process
                0x0000000000204394       0x44 obj_zoul/ctimer.o
                0x0000000000204394                ctimer_set_with_process
 .text.ctimer_set
                0x00000000002043d8       0x14 obj_zoul/ctimer.o
                0x00000000002043d8                ctimer_set
 .text.ctimer_stop
                0x00000000002043ec       0x2c obj_zoul/ctimer.o
                0x00000000002043ec                ctimer_stop
 .text.update_time
                0x0000000000204418       0x40 obj_zoul/etimer.o
 .text.etimer_request_poll
                0x0000000000204458        0xc obj_zoul/etimer.o
                0x0000000000204458                etimer_request_poll
 .text.process_thread_etimer_process
                0x0000000000204464       0x94 obj_zoul/etimer.o
 .text.add_timer
                0x00000000002044f8       0x40 obj_zoul/etimer.o
 .text.etimer_pending
                0x0000000000204538       0x10 obj_zoul/etimer.o
                0x0000000000204538                etimer_pending
 .text.etimer_stop
                0x0000000000204548       0x34 obj_zoul/etimer.o
                0x0000000000204548                etimer_stop
 .text.call_process.part.0
                0x000000000020457c       0x38 obj_zoul/process.o
 .text.exit_process
                0x00000000002045b4       0x84 obj_zoul/process.o
 .text.do_poll  0x0000000000204638       0x30 obj_zoul/process.o
 .text.process_alloc_event
                0x0000000000204668       0x10 obj_zoul/process.o
                0x0000000000204668                process_alloc_event
 .text.process_init
                0x0000000000204678       0x30 obj_zoul/process.o
                0x0000000000204678                process_init
 .text.process_run
                0x00000000002046a8       0x80 obj_zoul/process.o
                0x00000000002046a8                process_run
 .text.process_nevents
                0x0000000000204728       0x14 obj_zoul/process.o
                0x0000000000204728                process_nevents
 .text.process_post
                0x000000000020473c       0x3c obj_zoul/process.o
                0x000000000020473c                process_post
 .text.process_post_synch
                0x0000000000204778       0x14 obj_zoul/process.o
                0x0000000000204778                process_post_synch
 .text.process_start
                0x000000000020478c       0x30 obj_zoul/process.o
                0x000000000020478c                process_start
 .text.process_poll
                0x00000000002047bc       0x1c obj_zoul/process.o
                0x00000000002047bc                process_poll
 .text.rtimer_run_next
                0x00000000002047d8       0x28 obj_zoul/rtimer.o
                0x00000000002047d8                rtimer_run_next
 .text.process_thread_serial_line_process
                0x0000000000204800       0x98 obj_zoul/serial-line.o
 .text.serial_line_input_byte
                0x0000000000204898       0x44 obj_zoul/serial-line.o
                0x0000000000204898                serial_line_input_byte
 .text.serial_line_init
                0x00000000002048dc       0x24 obj_zoul/serial-line.o
                0x00000000002048dc                serial_line_init
 .text.random_rand
                0x0000000000204900       0x24 obj_zoul/random.o
                0x0000000000204900                random_rand
 .text.random_init
                0x0000000000204924       0x7c obj_zoul/random.o
                0x0000000000204924                random_init
 .text.process_thread_sensors_process
                0x00000000002049a0       0xd4 obj_zoul/sensors.o
 .text.sensors_changed
                0x0000000000204a74       0x38 obj_zoul/sensors.o
                0x0000000000204a74                sensors_changed
 .text.abc_open
                0x0000000000204aac       0x20 obj_zoul/abc.o
                0x0000000000204aac                abc_open
 .text.announcement_init
                0x0000000000204acc        0xc obj_zoul/announcement.o
                0x0000000000204acc                announcement_init
 .text.announcement_register_observer_callback
                0x0000000000204ad8        0xc obj_zoul/announcement.o
                0x0000000000204ad8                announcement_register_observer_callback
 .text.announcement_list
                0x0000000000204ae4        0xc obj_zoul/announcement.o
                0x0000000000204ae4                announcement_list
 .text.announcement_heard
                0x0000000000204af0       0x30 obj_zoul/announcement.o
                0x0000000000204af0                announcement_heard
 .text.set_timers
                0x0000000000204b20       0x3c obj_zoul/broadcast-announcement.o
 .text.send_timer
                0x0000000000204b5c       0x18 obj_zoul/broadcast-announcement.o
 .text.send_adv
                0x0000000000204b74       0x54 obj_zoul/broadcast-announcement.o
 .text.new_announcement
                0x0000000000204bc8       0x18 obj_zoul/broadcast-announcement.o
 .text.broadcast_announcement_init
                0x0000000000204be0       0x34 obj_zoul/broadcast-announcement.o
                0x0000000000204be0                broadcast_announcement_init
 .text.broadcast_open
                0x0000000000204c14       0x24 obj_zoul/broadcast.o
                0x0000000000204c14                broadcast_open
 .text.broadcast_send
                0x0000000000204c38       0x1c obj_zoul/broadcast.o
                0x0000000000204c38                broadcast_send
 .text.get_bits_in_byte
                0x0000000000204c54       0x24 obj_zoul/chameleon-bitopt.o
 .text.chameleon_parse
                0x0000000000204c78       0x1c obj_zoul/chameleon.o
                0x0000000000204c78                chameleon_parse
 .text.chameleon_create
                0x0000000000204c94       0x20 obj_zoul/chameleon.o
                0x0000000000204c94                chameleon_create
 .text.chameleon_hdrsize
                0x0000000000204cb4       0x10 obj_zoul/chameleon.o
                0x0000000000204cb4                chameleon_hdrsize
 .text.channel_init
                0x0000000000204cc4        0xc obj_zoul/channel.o
                0x0000000000204cc4                channel_init
 .text.channel_open
                0x0000000000204cd0       0x10 obj_zoul/channel.o
                0x0000000000204cd0                channel_open
 .text.channel_lookup
                0x0000000000204ce0       0x20 obj_zoul/channel.o
                0x0000000000204ce0                channel_lookup
 .text.packet_sent
                0x0000000000204d00       0x34 obj_zoul/rime.o
 .text.input    0x0000000000204d34       0x34 obj_zoul/rime.o
 .text.rime_output
                0x0000000000204d68       0x24 obj_zoul/rime.o
                0x0000000000204d68                rime_output
 .text.netstack_init
                0x0000000000204d8c       0x38 obj_zoul/netstack.o
                0x0000000000204d8c                netstack_init
 .text.packetbuf_hdrreduce
                0x0000000000204dc4       0x28 obj_zoul/packetbuf.o
                0x0000000000204dc4                packetbuf_hdrreduce
 .text.packetbuf_set_datalen
                0x0000000000204dec        0xc obj_zoul/packetbuf.o
                0x0000000000204dec                packetbuf_set_datalen
 .text.packetbuf_hdrptr
                0x0000000000204df8        0x8 obj_zoul/packetbuf.o
                0x0000000000204df8                packetbuf_hdrptr
 .text.packetbuf_datalen
                0x0000000000204e00        0xc obj_zoul/packetbuf.o
                0x0000000000204e00                packetbuf_datalen
 .text.packetbuf_hdrlen
                0x0000000000204e0c       0x18 obj_zoul/packetbuf.o
                0x0000000000204e0c                packetbuf_hdrlen
 .text.packetbuf_compact
                0x0000000000204e24       0x4c obj_zoul/packetbuf.o
                0x0000000000204e24                packetbuf_compact
 .text.packetbuf_dataptr
                0x0000000000204e70       0x10 obj_zoul/packetbuf.o
                0x0000000000204e70                packetbuf_dataptr
 .text.packetbuf_copyto
                0x0000000000204e80       0x40 obj_zoul/packetbuf.o
                0x0000000000204e80                packetbuf_copyto
 .text.packetbuf_totlen
                0x0000000000204ec0       0x14 obj_zoul/packetbuf.o
                0x0000000000204ec0                packetbuf_totlen
 .text.packetbuf_hdralloc
                0x0000000000204ed4       0x3c obj_zoul/packetbuf.o
                0x0000000000204ed4                packetbuf_hdralloc
 .text.packetbuf_attr_clear
                0x0000000000204f10       0x2c obj_zoul/packetbuf.o
                0x0000000000204f10                packetbuf_attr_clear
 .text.packetbuf_clear
                0x0000000000204f3c       0x20 obj_zoul/packetbuf.o
                0x0000000000204f3c                packetbuf_clear
 .text.packetbuf_copyfrom
                0x0000000000204f5c       0x2c obj_zoul/packetbuf.o
                0x0000000000204f5c                packetbuf_copyfrom
 .text.packetbuf_attr_copyto
                0x0000000000204f88       0x28 obj_zoul/packetbuf.o
                0x0000000000204f88                packetbuf_attr_copyto
 .text.packetbuf_attr_copyfrom
                0x0000000000204fb0       0x28 obj_zoul/packetbuf.o
                0x0000000000204fb0                packetbuf_attr_copyfrom
 .text.packetbuf_set_attr
                0x0000000000204fd8       0x10 obj_zoul/packetbuf.o
                0x0000000000204fd8                packetbuf_set_attr
 .text.packetbuf_attr
                0x0000000000204fe8        0xc obj_zoul/packetbuf.o
                0x0000000000204fe8                packetbuf_attr
 .text.packetbuf_set_addr
                0x0000000000204ff4       0x18 obj_zoul/packetbuf.o
                0x0000000000204ff4                packetbuf_set_addr
 .text.packetbuf_addr
                0x000000000020500c       0x10 obj_zoul/packetbuf.o
                0x000000000020500c                packetbuf_addr
 .text.packetbuf_holds_broadcast
                0x000000000020501c       0x10 obj_zoul/packetbuf.o
                0x000000000020501c                packetbuf_holds_broadcast
 .text.queuebuf_init
                0x000000000020502c       0x1c obj_zoul/queuebuf.o
                0x000000000020502c                queuebuf_init
 .text.queuebuf_new_from_packetbuf
                0x0000000000205048       0x44 obj_zoul/queuebuf.o
                0x0000000000205048                queuebuf_new_from_packetbuf
 .text.queuebuf_free
                0x000000000020508c       0x2c obj_zoul/queuebuf.o
                0x000000000020508c                queuebuf_free
 .text.queuebuf_to_packetbuf
                0x00000000002050b8       0x30 obj_zoul/queuebuf.o
                0x00000000002050b8                queuebuf_to_packetbuf
 .text.input_packet
                0x00000000002050e8       0x10 obj_zoul/csma.o
 .text.on       0x00000000002050f8       0x10 obj_zoul/csma.o
 .text.off      0x0000000000205108       0x10 obj_zoul/csma.o
 .text.channel_check_interval
                0x0000000000205118       0x10 obj_zoul/csma.o
 .text.transmit_packet_list
                0x0000000000205128       0x24 obj_zoul/csma.o
 .text.schedule_transmission
                0x000000000020514c       0x4c obj_zoul/csma.o
 .text.send_packet
                0x0000000000205198      0x14c obj_zoul/csma.o
 .text.init     0x00000000002052e4       0x24 obj_zoul/csma.o
 .text.tx_done  0x0000000000205308       0x84 obj_zoul/csma.o
 .text.frame802154_get_pan_id
                0x000000000020538c        0xc obj_zoul/frame802154.o
                0x000000000020538c                frame802154_get_pan_id
 .text.frame802154_parse
                0x0000000000205398      0x16c obj_zoul/frame802154.o
                0x0000000000205398                frame802154_parse
 .text.create_frame.isra.0
                0x0000000000205504      0x120 obj_zoul/framer-802154.o
 .text.mac_sequence_is_duplicate
                0x0000000000205624       0x34 obj_zoul/mac-sequence.o
                0x0000000000205624                mac_sequence_is_duplicate
 .text.mac_sequence_register_seqno
                0x0000000000205658       0x58 obj_zoul/mac-sequence.o
                0x0000000000205658                mac_sequence_register_seqno
 .text.on       0x00000000002056b0       0x10 obj_zoul/nullrdc.o
 .text.send_one_packet
                0x00000000002056c0      0x118 obj_zoul/nullrdc.o
 .text.off      0x00000000002057d8       0x14 obj_zoul/nullrdc.o
 .text.packet_input
                0x00000000002057ec       0x4c obj_zoul/nullrdc.o
 .text.hdr_length
                0x0000000000205838       0x10 obj_zoul/contikimac-framer.o
 .text.parse    0x0000000000205848       0x38 obj_zoul/contikimac-framer.o
 .text.create   0x0000000000205880       0x6c obj_zoul/contikimac-framer.o
 .text.input    0x00000000002058ec       0x10 obj_zoul/nullsec.o
 .text.send     0x00000000002058fc       0x20 obj_zoul/nullsec.o
 .text.broadcast_recv
                0x000000000020591c       0x30 test-power-mgmt.co
 .text.process_thread_test_remote_pm
                0x000000000020594c      0x12c test-power-mgmt.co
 .text          0x0000000000205a78       0x2c /usr/lib/gcc/arm-none-eabi/4.8.2/armv7-m/libgcc.a(_aeabi_uldivmod.o)
                0x0000000000205a78                __aeabi_uldivmod
 .text          0x0000000000205aa4       0x60 /usr/lib/gcc/arm-none-eabi/4.8.2/armv7-m/libgcc.a(bpabi.o)
                0x0000000000205aa4                __gnu_ldivmod_helper
                0x0000000000205ad4                __gnu_uldivmod_helper
 .text          0x0000000000205b04        0x4 /usr/lib/gcc/arm-none-eabi/4.8.2/armv7-m/libgcc.a(_dvmd_tls.o)
                0x0000000000205b04                __aeabi_ldiv0
                0x0000000000205b04                __aeabi_idiv0
 .text          0x0000000000205b08      0x2bc /usr/lib/gcc/arm-none-eabi/4.8.2/armv7-m/libgcc.a(_divdi3.o)
                0x0000000000205b08                __divdi3
 .text          0x0000000000205dc4      0x284 /usr/lib/gcc/arm-none-eabi/4.8.2/armv7-m/libgcc.a(_udivdi3.o)
                0x0000000000205dc4                __udivdi3
 .text.memcmp   0x0000000000206048       0x68 /usr/lib/gcc/arm-none-eabi/4.8.2/../../../arm-none-eabi/lib/armv7-m/libc.a(lib_a-memcmp.o)
                0x0000000000206048                memcmp
 .text          0x00000000002060b0       0xec /usr/lib/gcc/arm-none-eabi/4.8.2/../../../arm-none-eabi/lib/armv7-m/libc.a(lib_a-memcpy.o)
                0x00000000002060b0                memcpy
 .text.memset   0x000000000020619c       0x94 /usr/lib/gcc/arm-none-eabi/4.8.2/../../../arm-none-eabi/lib/armv7-m/libc.a(lib_a-memset.o)
                0x000000000020619c                memset
 .text.default_handler
                0x0000000000206230        0x2 obj_zoul/startup-gcc.o
                0x0000000000206230                default_handler
 .text.nmi_handler
                0x0000000000206232        0x6 obj_zoul/startup-gcc.o
                0x0000000000206232                nmi_handler
 .text.fade     0x0000000000206238       0x54 obj_zoul/contiki-main.o
 .text.board_init
                0x000000000020628c        0x4 obj_zoul/board.o
                0x000000000020628c                board_init
 .text.clock_isr
                0x0000000000206290        0x4 obj_zoul/clock.o
                0x0000000000206290                clock_isr
 .text.rtimer_arch_init
                0x0000000000206294        0x2 obj_zoul/rtimer-arch.o
                0x0000000000206294                rtimer_arch_init
 .text.uart0_isr
                0x0000000000206296        0x6 obj_zoul/uart.o
                0x0000000000206296                uart0_isr
 .text.uart1_isr
                0x000000000020629c        0x6 obj_zoul/uart.o
                0x000000000020629c                uart1_isr
 .text.cpu_cpsie
                0x00000000002062a2        0x8 obj_zoul/cpu.o
                0x00000000002062a2                cpu_cpsie
 .text.cpu_cpsid
                0x00000000002062aa        0x8 obj_zoul/cpu.o
                0x00000000002062aa                cpu_cpsid
 .text.gpio_port_a_isr
                0x00000000002062b2        0x6 obj_zoul/gpio.o
                0x00000000002062b2                gpio_port_a_isr
 .text.gpio_port_b_isr
                0x00000000002062b8        0x6 obj_zoul/gpio.o
                0x00000000002062b8                gpio_port_b_isr
 .text.gpio_port_c_isr
                0x00000000002062be        0x6 obj_zoul/gpio.o
                0x00000000002062be                gpio_port_c_isr
 .text.gpio_port_d_isr
                0x00000000002062c4        0x6 obj_zoul/gpio.o
                0x00000000002062c4                gpio_port_d_isr
 .text.send     0x00000000002062ca       0x12 obj_zoul/cc2538-rf.o
 .text.putchar  0x00000000002062dc       0x10 obj_zoul/dbg.o
                0x00000000002062dc                putchar
 .text.dbg_send_bytes
                0x00000000002062ec       0x22 obj_zoul/dbg.o
                0x00000000002062ec                dbg_send_bytes
 .text.puts     0x000000000020630e       0x20 obj_zoul/dbg.o
                0x000000000020630e                puts
 .text.configure
                0x000000000020632e        0x4 obj_zoul/cc2538-temp-sensor.o
 .text.status   0x0000000000206332        0x4 obj_zoul/cc2538-temp-sensor.o
 .text.value    0x0000000000206336       0x34 obj_zoul/cc2538-temp-sensor.o
 .text.configure
                0x000000000020636a        0x4 obj_zoul/vdd3-sensor.o
 .text.status   0x000000000020636e        0x4 obj_zoul/vdd3-sensor.o
 .text.value    0x0000000000206372       0x2a obj_zoul/vdd3-sensor.o
 .text.write_str
                0x000000000020639c       0x10 obj_zoul/dbg-printf.o
 .text.autostart_start
                0x00000000002063ac       0x14 obj_zoul/autostart.o
                0x00000000002063ac                autostart_start
 .text.energest_init
                0x00000000002063c0        0x2 obj_zoul/energest.o
                0x00000000002063c0                energest_init
 .text.etimer_set
                0x00000000002063c2       0x12 obj_zoul/etimer.o
                0x00000000002063c2                etimer_set
 .text.call_process
                0x00000000002063d4        0xc obj_zoul/process.o
 .text.rtimer_init
                0x00000000002063e0        0x4 obj_zoul/rtimer.o
                0x00000000002063e0                rtimer_init
 .text.timer_set
                0x00000000002063e4        0xe obj_zoul/timer.o
                0x00000000002063e4                timer_set
 .text.timer_expired
                0x00000000002063f2       0x1c obj_zoul/timer.o
                0x00000000002063f2                timer_expired
 .text.list_init
                0x000000000020640e        0x6 obj_zoul/list.o
                0x000000000020640e                list_init
 .text.list_head
                0x0000000000206414        0x4 obj_zoul/list.o
                0x0000000000206414                list_head
 .text.list_tail
                0x0000000000206418        0xe obj_zoul/list.o
                0x0000000000206418                list_tail
 .text.list_remove
                0x0000000000206426       0x28 obj_zoul/list.o
                0x0000000000206426                list_remove
 .text.list_add
                0x000000000020644e       0x1e obj_zoul/list.o
                0x000000000020644e                list_add
 .text.list_push
                0x000000000020646c       0x12 obj_zoul/list.o
                0x000000000020646c                list_push
 .text.list_length
                0x000000000020647e        0xe obj_zoul/list.o
                0x000000000020647e                list_length
 .text.list_item_next
                0x000000000020648c        0x6 obj_zoul/list.o
                0x000000000020648c                list_item_next
 .text.memb_init
                0x0000000000206492       0x20 obj_zoul/memb.o
                0x0000000000206492                memb_init
 .text.memb_alloc
                0x00000000002064b2       0x28 obj_zoul/memb.o
                0x00000000002064b2                memb_alloc
 .text.memb_free
                0x00000000002064da       0x2c obj_zoul/memb.o
                0x00000000002064da                memb_free
 .text.memb_inmemb
                0x0000000000206506       0x1c obj_zoul/memb.o
                0x0000000000206506                memb_inmemb
 .text.ringbuf_init
                0x0000000000206522        0xe obj_zoul/ringbuf.o
                0x0000000000206522                ringbuf_init
 .text.ringbuf_put
                0x0000000000206530       0x26 obj_zoul/ringbuf.o
                0x0000000000206530                ringbuf_put
 .text.ringbuf_get
                0x0000000000206556       0x20 obj_zoul/ringbuf.o
                0x0000000000206556                ringbuf_get
 .text.abc_send
                0x0000000000206576        0x4 obj_zoul/abc.o
                0x0000000000206576                abc_send
 .text.abc_input
                0x000000000020657a        0xc obj_zoul/abc.o
                0x000000000020657a                abc_input
 .text.abc_sent
                0x0000000000206586        0xc obj_zoul/abc.o
                0x0000000000206586                abc_sent
 .text.adv_packet_sent
                0x0000000000206592        0x2 obj_zoul/broadcast-announcement.o
 .text.adv_packet_received
                0x0000000000206594       0x44 obj_zoul/broadcast-announcement.o
 .text.sent_by_abc
                0x00000000002065d8        0xc obj_zoul/broadcast.o
 .text.recv_from_abc
                0x00000000002065e4       0x22 obj_zoul/broadcast.o
 .text.header_size
                0x0000000000206606       0x16 obj_zoul/chameleon-bitopt.o
 .text.get_bits
                0x000000000020661c       0x7a obj_zoul/chameleon-bitopt.o
                0x000000000020661c                get_bits
 .text.unpack_header
                0x0000000000206696       0xa6 obj_zoul/chameleon-bitopt.o
 .text.set_bits_in_byte
                0x000000000020673c       0x1a obj_zoul/chameleon-bitopt.o
                0x000000000020673c                set_bits_in_byte
 .text.set_bits
                0x0000000000206756       0x7a obj_zoul/chameleon-bitopt.o
                0x0000000000206756                set_bits
 .text.pack_header
                0x00000000002067d0       0x8a obj_zoul/chameleon-bitopt.o
 .text.chameleon_init
                0x000000000020685a        0x4 obj_zoul/chameleon.o
                0x000000000020685a                chameleon_init
 .text.channel_set_attributes
                0x000000000020685e       0x18 obj_zoul/channel.o
                0x000000000020685e                channel_set_attributes
 .text.init     0x0000000000206876       0x28 obj_zoul/rime.o
 .text.linkaddr_copy
                0x000000000020689e        0x6 obj_zoul/linkaddr.o
                0x000000000020689e                linkaddr_copy
 .text.linkaddr_cmp
                0x00000000002068a4       0x12 obj_zoul/linkaddr.o
                0x00000000002068a4                linkaddr_cmp
 .text.queuebuf_update_attr_from_packetbuf
                0x00000000002068b6        0xc obj_zoul/queuebuf.o
                0x00000000002068b6                queuebuf_update_attr_from_packetbuf
 .text.queuebuf_attr
                0x00000000002068c2        0xc obj_zoul/queuebuf.o
                0x00000000002068c2                queuebuf_attr
 .text.packet_sent
                0x00000000002068ce       0xca obj_zoul/csma.o
 .text.frame802154_has_panid
                0x0000000000206998       0x4e obj_zoul/frame802154.o
                0x0000000000206998                frame802154_has_panid
 .text.field_len
                0x00000000002069e6       0x84 obj_zoul/frame802154.o
 .text.frame802154_is_broadcast_addr
                0x0000000000206a6a       0x20 obj_zoul/frame802154.o
                0x0000000000206a6a                frame802154_is_broadcast_addr
 .text.frame802154_hdrlen
                0x0000000000206a8a       0x32 obj_zoul/frame802154.o
                0x0000000000206a8a                frame802154_hdrlen
 .text.frame802154_create
                0x0000000000206abc       0xee obj_zoul/frame802154.o
                0x0000000000206abc                frame802154_create
 .text.parse    0x0000000000206baa       0x9e obj_zoul/framer-802154.o
 .text.create   0x0000000000206c48        0x6 obj_zoul/framer-802154.o
 .text.hdr_length
                0x0000000000206c4e        0x6 obj_zoul/framer-802154.o
 .text.mac_call_sent_callback
                0x0000000000206c54       0x10 obj_zoul/mac.o
                0x0000000000206c54                mac_call_sent_callback
 .text.channel_check_interval
                0x0000000000206c64        0x4 obj_zoul/nullrdc.o
 .text.init     0x0000000000206c68        0x4 obj_zoul/nullrdc.o
 .text.send_list
                0x0000000000206c6c       0x20 obj_zoul/nullrdc.o
 .text.send_packet
                0x0000000000206c8c        0x4 obj_zoul/nullrdc.o
 .text.init     0x0000000000206c90        0x2 obj_zoul/nullsec.o
 *(SORT(.rodata*))
 *fill*         0x0000000000206c92        0x2 00000000
 .rodata.button_sensor
                0x0000000000206c94       0x10 obj_zoul/button-sensor.o
                0x0000000000206c94                button_sensor
 .rodata.uart_regs
                0x0000000000206ca4       0x58 obj_zoul/uart.o
 .rodata.reset_cause.4692
                0x0000000000206cfc       0x10 obj_zoul/sys-ctrl.o
 .rodata.output_power
                0x0000000000206d0c       0x70 obj_zoul/cc2538-rf.o
 .rodata.cc2538_rf_driver
                0x0000000000206d7c       0x38 obj_zoul/cc2538-rf.o
                0x0000000000206d7c                cc2538_rf_driver
 .rodata.cc2538_temp_sensor
                0x0000000000206db4       0x10 obj_zoul/cc2538-temp-sensor.o
                0x0000000000206db4                cc2538_temp_sensor
 .rodata.vdd3_sensor
                0x0000000000206dc4       0x10 obj_zoul/vdd3-sensor.o
                0x0000000000206dc4                vdd3_sensor
 .rodata.broadcast_callbacks
                0x0000000000206dd4        0x8 obj_zoul/broadcast-announcement.o
 .rodata.broadcast
                0x0000000000206ddc        0x8 obj_zoul/broadcast.o
 .rodata.chameleon_bitopt
                0x0000000000206de4        0xc obj_zoul/chameleon-bitopt.o
                0x0000000000206de4                chameleon_bitopt
 .rodata.rime_driver
                0x0000000000206df0        0xc obj_zoul/rime.o
                0x0000000000206df0                rime_driver
 .rodata.csma_driver
                0x0000000000206dfc       0x1c obj_zoul/csma.o
                0x0000000000206dfc                csma_driver
 .rodata.framer_802154
                0x0000000000206e18        0xc obj_zoul/framer-802154.o
                0x0000000000206e18                framer_802154
 .rodata.nullrdc_driver
                0x0000000000206e24       0x20 obj_zoul/nullrdc.o
                0x0000000000206e24                nullrdc_driver
 .rodata.contikimac_framer
                0x0000000000206e44        0xc obj_zoul/contikimac-framer.o
                0x0000000000206e44                contikimac_framer
 .rodata.nullsec_driver
                0x0000000000206e50       0x10 obj_zoul/nullsec.o
                0x0000000000206e50                nullsec_driver
 .rodata.CSWTCH.8
                0x0000000000206e60       0x18 test-power-mgmt.co
 .rodata.autostart_processes
                0x0000000000206e78        0x8 test-power-mgmt.co
                0x0000000000206e78                autostart_processes
 .rodata.bc_rx  0x0000000000206e80        0x8 test-power-mgmt.co
 .rodata.linkaddr_null
                0x0000000000206e88        0x2 obj_zoul/linkaddr.o
                0x0000000000206e88                linkaddr_null
 .rodata.str1.1
                0x0000000000206e8a       0x73 obj_zoul/contiki-main.o
 .rodata.str1.1
                0x0000000000206efd        0x7 obj_zoul/button-sensor.o
 .rodata.str1.1
                0x0000000000206f04       0x13 obj_zoul/power-mgmt.o
 .rodata.str1.1
                0x0000000000206f17       0x94 obj_zoul/soc.o
 .rodata.str1.1
                0x0000000000206fab       0x2d obj_zoul/sys-ctrl.o
 .rodata.str1.1
                0x0000000000206fd8       0x11 obj_zoul/cc2538-rf.o
 .rodata.str1.1
                0x0000000000206fe9       0x14 obj_zoul/cc2538-temp-sensor.o
 .rodata.str1.1
                0x0000000000206ffd        0x5 obj_zoul/vdd3-sensor.o
 .rodata.str1.1
                0x0000000000207002       0x35 obj_zoul/strformat.o
                                         0x37 (size before relaxing)
 .rodata.buffer.4132
                0x0000000000207037       0x10 obj_zoul/strformat.o
 .rodata.buffer.4141
                0x0000000000207047       0x10 obj_zoul/strformat.o
 .rodata.str1.1
                0x0000000000207057        0xf obj_zoul/ctimer.o
 .rodata.str1.1
                0x0000000000207066        0xc obj_zoul/etimer.o
 .rodata.str1.1
                0x0000000000207072        0xe obj_zoul/serial-line.o
 .rodata.str1.1
                0x0000000000207080        0x8 obj_zoul/sensors.o
 .rodata.attributes
                0x0000000000207088        0x2 obj_zoul/abc.o
 .rodata.attributes
                0x000000000020708a        0x4 obj_zoul/broadcast.o
 .rodata.bitmask
                0x000000000020708e        0x9 obj_zoul/chameleon-bitopt.o
 .rodata.str1.1
                0x0000000000207097        0x5 obj_zoul/rime.o
 .rodata.str1.1
                0x000000000020709c        0x5 obj_zoul/csma.o
 .rodata.str1.1
                0x00000000002070a1        0x8 obj_zoul/nullrdc.o
 .rodata.str1.1
                0x00000000002070a9        0x8 obj_zoul/nullsec.o
 .rodata.str1.1
                0x00000000002070b1      0x1a3 test-power-mgmt.co
                0x0000000000207254                _etext = .

.glue_7         0x0000000000207254        0x0
 .glue_7        0x0000000000000000        0x0 linker stubs

.glue_7t        0x0000000000207254        0x0
 .glue_7t       0x0000000000000000        0x0 linker stubs

.vfp11_veneer   0x0000000000207254        0x0
 .vfp11_veneer  0x0000000000000000        0x0 linker stubs

.v4_bx          0x0000000000207254        0x0
 .v4_bx         0x0000000000000000        0x0 linker stubs

.iplt           0x0000000000207254        0x0
 .iplt          0x0000000000000000        0x0 obj_zoul/startup-gcc.o

.socdata        0x0000000020004000       0x40
 *(SORT(.udma_channel_control_table))
 .udma_channel_control_table
                0x0000000020004000       0x40 obj_zoul/udma.o

.data           0x0000000020004040       0xb8 load address 0x0000000000207254
                0x0000000020004040                _data = .
 *(SORT(.data*))
 .data.sensors  0x0000000020004040       0x10 obj_zoul/zoul-sensors.o
                0x0000000020004040                sensors
 .data.cc2538_rf_process
                0x0000000020004050       0x10 obj_zoul/cc2538-rf.o
                0x0000000020004050                cc2538_rf_process
 .data.ctxt     0x0000000020004060        0x8 obj_zoul/dbg-printf.o
 .data.ctimer_process
                0x0000000020004068       0x10 obj_zoul/ctimer.o
                0x0000000020004068                ctimer_process
 .data.etimer_process
                0x0000000020004078       0x10 obj_zoul/etimer.o
                0x0000000020004078                etimer_process
 .data.serial_line_process
                0x0000000020004088       0x10 obj_zoul/serial-line.o
                0x0000000020004088                serial_line_process
 .data.sensors_process
                0x0000000020004098       0x10 obj_zoul/sensors.o
                0x0000000020004098                sensors_process
 .data.bufmem   0x00000000200040a8        0xc obj_zoul/queuebuf.o
 .data.buframmem
                0x00000000200040b4        0xc obj_zoul/queuebuf.o
 .data.metadata_memb
                0x00000000200040c0        0xc obj_zoul/csma.o
 .data.neighbor_memb
                0x00000000200040cc        0xc obj_zoul/csma.o
 .data.packet_memb
                0x00000000200040d8        0xc obj_zoul/csma.o
 .data.test_remote_pm
                0x00000000200040e4       0x10 test-power-mgmt.co
                0x00000000200040e4                test_remote_pm
 .data.mac_pan_id
                0x00000000200040f4        0x2 obj_zoul/frame802154.o
 .data.send_on_cca
                0x00000000200040f6        0x1 obj_zoul/cc2538-rf.o
 .data.rf_channel
                0x00000000200040f7        0x1 obj_zoul/cc2538-rf.o
                0x00000000200040f8                _edata = .
                0x0000000000207254                _ldata = LOADADDR (.data)

.igot.plt       0x00000000200040f8        0x0 load address 0x000000000020730c
 .igot.plt      0x0000000000000000        0x0 obj_zoul/startup-gcc.o

.ARM.exidx      0x000000000020730c        0x8
 *(SORT(.ARM.exidx*))
 .ARM.exidx     0x000000000020730c        0x8 /usr/lib/gcc/arm-none-eabi/4.8.2/armv7-m/libgcc.a(_divdi3.o)
 .ARM.exidx     0x0000000000207314        0x0 /usr/lib/gcc/arm-none-eabi/4.8.2/armv7-m/libgcc.a(_udivdi3.o)
                                          0x8 (size before relaxing)

.bss            0x00000000200040f8      0xccb
                0x00000000200040f8                _bss = .
 *(SORT(.bss*))
 .bss.rt_ticks_startup
                0x00000000200040f8        0x8 obj_zoul/clock.o
 .bss.rt_ticks_epoch
                0x0000000020004100        0x8 obj_zoul/clock.o
 .bss.press_counter
                0x0000000020004108       0x20 obj_zoul/button-sensor.o
 .bss.debouncetimer
                0x0000000020004128        0x8 obj_zoul/button-sensor.o
 .bss.press_duration
                0x0000000020004130        0x4 obj_zoul/button-sensor.o
 .bss.next_trigger
                0x0000000020004134        0x4 obj_zoul/rtimer-arch.o
 .bss.input_handler
                0x0000000020004138        0x8 obj_zoul/uart.o
 .bss.interrupt_disable
                0x0000000020004140        0x4 obj_zoul/nvic.o
 .bss.interrupt_pend
                0x0000000020004144        0x4 obj_zoul/nvic.o
 .bss.interrupt_unpend
                0x0000000020004148        0x4 obj_zoul/nvic.o
 .bss.interrupt_enable
                0x000000002000414c        0x4 obj_zoul/nvic.o
 .bss.gpio_callbacks
                0x0000000020004150       0x80 obj_zoul/gpio.o
 .bss.ioc_sel   0x00000000200041d0        0x4 obj_zoul/ioc.o
 .bss.ioc_over  0x00000000200041d4        0x4 obj_zoul/ioc.o
 .bss.notification_process
                0x00000000200041d8        0x4 obj_zoul/crypto.o
 .bss.periph_permit_pm1_funcs
                0x00000000200041dc       0x14 obj_zoul/lpm.o
 .bss.notification_process
                0x00000000200041f0        0x4 obj_zoul/pka.o
 .bss.ctimer_list_list
                0x00000000200041f4        0x4 obj_zoul/ctimer.o
 .bss.timerlist
                0x00000000200041f8        0x4 obj_zoul/etimer.o
 .bss.next_expiration
                0x00000000200041fc        0x4 obj_zoul/etimer.o
 .bss.process_current
                0x0000000020004200        0x4 obj_zoul/process.o
                0x0000000020004200                process_current
 .bss.process_list
                0x0000000020004204        0x4 obj_zoul/process.o
                0x0000000020004204                process_list
 .bss.events    0x0000000020004208      0x180 obj_zoul/process.o
 .bss.next_rtimer
                0x0000000020004388        0x4 obj_zoul/rtimer.o
 .bss.rxbuf     0x000000002000438c        0x8 obj_zoul/serial-line.o
 .bss.ptr.4707  0x0000000020004394        0x4 obj_zoul/serial-line.o
 .bss.i.4722    0x0000000020004398        0x4 obj_zoul/sensors.o
 .bss.events.4723
                0x000000002000439c        0x4 obj_zoul/sensors.o
 .bss.announcements_list
                0x00000000200043a0        0x4 obj_zoul/announcement.o
 .bss.observer_callback
                0x00000000200043a4        0x4 obj_zoul/announcement.o
 .bss.c         0x00000000200043a8       0x6c obj_zoul/broadcast-announcement.o
 .bss.channel_list_list
                0x0000000020004414        0x4 obj_zoul/channel.o
 .bss.sniffers_list
                0x0000000020004418        0x4 obj_zoul/rime.o
 .bss.packetbuf_aligned
                0x000000002000441c       0x80 obj_zoul/packetbuf.o
 .bss.bufmem_memb_mem
                0x000000002000449c       0x20 obj_zoul/queuebuf.o
 .bss.metadata_memb_memb_mem
                0x00000000200044bc       0x60 obj_zoul/csma.o
 .bss.neighbor_list_list
                0x000000002000451c        0x4 obj_zoul/csma.o
 .bss.packet_memb_memb_mem
                0x0000000020004520       0x60 obj_zoul/csma.o
 .bss.neighbor_memb_memb_mem
                0x0000000020004580       0x68 obj_zoul/csma.o
 .bss.bc        0x00000000200045e8       0x18 test-power-mgmt.co
 .bss.et        0x0000000020004600       0x10 test-power-mgmt.co
 .bss.buflen    0x0000000020004610        0x2 obj_zoul/packetbuf.o
 .bss.bufptr    0x0000000020004612        0x2 obj_zoul/packetbuf.o
 .bss.buframmem_memb_mem
                0x0000000020004614      0x5f0 obj_zoul/queuebuf.o
 .bss.seqno.6231
                0x0000000020004c04        0x2 obj_zoul/csma.o
 .bss.received_seqnos
                0x0000000020004c06       0x40 obj_zoul/mac-sequence.o
 .bss.leds      0x0000000020004c46        0x1 obj_zoul/leds.o
 .bss.press_event_counter
                0x0000000020004c47        0x1 obj_zoul/button-sensor.o
 .bss.initialized
                0x0000000020004c48        0x1 obj_zoul/antenna-sw.o
 .bss.initialized
                0x0000000020004c49        0x1 obj_zoul/power-mgmt.o
 .bss.getData   0x0000000020004c4a        0x1 obj_zoul/power-mgmt.o
 .bss.crc_corr  0x0000000020004c4b        0x1 obj_zoul/cc2538-rf.o
 .bss.rssi      0x0000000020004c4c        0x1 obj_zoul/cc2538-rf.o
 .bss.poll_mode
                0x0000000020004c4d        0x1 obj_zoul/cc2538-rf.o
 .bss.rf_flags  0x0000000020004c4e        0x1 obj_zoul/cc2538-rf.o
 .bss.max_pm    0x0000000020004c4f        0x1 obj_zoul/lpm.o
 .bss.initialized
                0x0000000020004c50        0x1 obj_zoul/ctimer.o
 .bss.fevent    0x0000000020004c51        0x1 obj_zoul/process.o
 .bss.nevents   0x0000000020004c52        0x1 obj_zoul/process.o
 .bss.poll_requested
                0x0000000020004c53        0x1 obj_zoul/process.o
 .bss.lastevent
                0x0000000020004c54        0x1 obj_zoul/process.o
 .bss.overflow.4700
                0x0000000020004c55        0x1 obj_zoul/serial-line.o
 .bss.rxbuf_data
                0x0000000020004c56       0x80 obj_zoul/serial-line.o
 .bss.buf.4706  0x0000000020004cd6       0x80 obj_zoul/serial-line.o
 .bss.num_sensors
                0x0000000020004d56        0x1 obj_zoul/sensors.o
 .bss.hdrlen    0x0000000020004d57        0x1 obj_zoul/packetbuf.o
 .bss.buframmem_memb_count
                0x0000000020004d58        0x8 obj_zoul/queuebuf.o
 .bss.bufmem_memb_count
                0x0000000020004d60        0x8 obj_zoul/queuebuf.o
 .bss.neighbor_memb_memb_count
                0x0000000020004d68        0x2 obj_zoul/csma.o
 .bss.packet_memb_memb_count
                0x0000000020004d6a        0x8 obj_zoul/csma.o
 .bss.metadata_memb_memb_count
                0x0000000020004d72        0x8 obj_zoul/csma.o
 .bss.initialized.6230
                0x0000000020004d7a        0x1 obj_zoul/csma.o
 .bss.mac_dsn   0x0000000020004d7b        0x1 obj_zoul/framer-802154.o
 .bss.initialized
                0x0000000020004d7c        0x1 obj_zoul/framer-802154.o
 .bss.aux.6089  0x0000000020004d7d        0x1 test-power-mgmt.co
 *(SORT(COMMON))
 COMMON         0x0000000020004d7e        0x2 obj_zoul/linkaddr.o
                0x0000000020004d7e                linkaddr_node_addr
 COMMON         0x0000000020004d80       0x3c obj_zoul/packetbuf.o
                0x0000000020004d80                packetbuf_addrs
                0x0000000020004d88                packetbuf_attrs
 COMMON         0x0000000020004dbc        0x1 obj_zoul/button-sensor.o
                0x0000000020004dbc                button_press_duration_exceeded
 COMMON         0x0000000020004dbd        0x4 obj_zoul/zoul-sensors.o
                0x0000000020004dbd                sensors_flags
 COMMON         0x0000000020004dc1        0x1 obj_zoul/serial-line.o
                0x0000000020004dc1                serial_line_event_message
 COMMON         0x0000000020004dc2        0x1 obj_zoul/sensors.o
                0x0000000020004dc2                sensors_event
                0x0000000020004dc3                _ebss = .

.stack          0x0000000020004dc8      0x800
 *(SORT(.stack))
 .stack         0x0000000020004dc8      0x800 obj_zoul/startup-gcc.o
                0x00000000200055c8                _heap = .
                0x0000000020008000                _eheap = (ORIGIN (FRSRAM) + 0x4000)

.nrdata         0x0000000020000000        0x0
                0x0000000020000000                _nrdata = .
 *(SORT(.nrdata*))
                0x0000000020000000                _enrdata = .

.flashcca       0x000000000027ffd4       0x2c
 *(SORT(.flashcca))
 .flashcca      0x000000000027ffd4       0x2c obj_zoul/startup-gcc.o
                0x000000000027ffd4                flash_cca_lock_page
OUTPUT(test-power-mgmt.elf elf32-littlearm)

.rel.dyn        0x0000000000280000        0x0
 .rel.iplt      0x0000000000000000        0x0 obj_zoul/startup-gcc.o

.comment        0x0000000000000000       0x1f
 .comment       0x0000000000000000       0x1f obj_zoul/startup-gcc.o
                                         0x20 (size before relaxing)
 .comment       0x0000000000000000       0x20 obj_zoul/contiki-main.o
 .comment       0x0000000000000000       0x20 obj_zoul/leds.o
 .comment       0x0000000000000000       0x20 obj_zoul/leds-arch.o
 .comment       0x0000000000000000       0x20 obj_zoul/button-sensor.o
 .comment       0x0000000000000000       0x20 obj_zoul/zoul-sensors.o
 .comment       0x0000000000000000       0x20 obj_zoul/board.o
 .comment       0x0000000000000000       0x20 obj_zoul/antenna-sw.o
 .comment       0x0000000000000000       0x20 obj_zoul/power-mgmt.o
 .comment       0x0000000000000000       0x20 obj_zoul/soc.o
 .comment       0x0000000000000000       0x20 obj_zoul/clock.o
 .comment       0x0000000000000000       0x20 obj_zoul/rtimer-arch.o
 .comment       0x0000000000000000       0x20 obj_zoul/uart.o
 .comment       0x0000000000000000       0x20 obj_zoul/watchdog.o
 .comment       0x0000000000000000       0x20 obj_zoul/nvic.o
 .comment       0x0000000000000000       0x20 obj_zoul/cpu.o
 .comment       0x0000000000000000       0x20 obj_zoul/sys-ctrl.o
 .comment       0x0000000000000000       0x20 obj_zoul/gpio.o
 .comment       0x0000000000000000       0x20 obj_zoul/ioc.o
 .comment       0x0000000000000000       0x20 obj_zoul/adc.o
 .comment       0x0000000000000000       0x20 obj_zoul/crypto.o
 .comment       0x0000000000000000       0x20 obj_zoul/cc2538-rf.o
 .comment       0x0000000000000000       0x20 obj_zoul/udma.o
 .comment       0x0000000000000000       0x20 obj_zoul/lpm.o
 .comment       0x0000000000000000       0x20 obj_zoul/pka.o
 .comment       0x0000000000000000       0x20 obj_zoul/dbg.o
 .comment       0x0000000000000000       0x20 obj_zoul/ieee-addr.o
 .comment       0x0000000000000000       0x20 obj_zoul/cc2538-temp-sensor.o
 .comment       0x0000000000000000       0x20 obj_zoul/vdd3-sensor.o
 .comment       0x0000000000000000       0x20 obj_zoul/dbg-printf.o
 .comment       0x0000000000000000       0x20 obj_zoul/strformat.o
 .comment       0x0000000000000000       0x20 obj_zoul/autostart.o
 .comment       0x0000000000000000       0x20 obj_zoul/ctimer.o
 .comment       0x0000000000000000       0x20 obj_zoul/energest.o
 .comment       0x0000000000000000       0x20 obj_zoul/etimer.o
 .comment       0x0000000000000000       0x20 obj_zoul/process.o
 .comment       0x0000000000000000       0x20 obj_zoul/rtimer.o
 .comment       0x0000000000000000       0x20 obj_zoul/timer.o
 .comment       0x0000000000000000       0x20 obj_zoul/serial-line.o
 .comment       0x0000000000000000       0x20 obj_zoul/list.o
 .comment       0x0000000000000000       0x20 obj_zoul/memb.o
 .comment       0x0000000000000000       0x20 obj_zoul/random.o
 .comment       0x0000000000000000       0x20 obj_zoul/ringbuf.o
 .comment       0x0000000000000000       0x20 obj_zoul/sensors.o
 .comment       0x0000000000000000       0x20 obj_zoul/abc.o
 .comment       0x0000000000000000       0x20 obj_zoul/announcement.o
 .comment       0x0000000000000000       0x20 obj_zoul/broadcast-announcement.o
 .comment       0x0000000000000000       0x20 obj_zoul/broadcast.o
 .comment       0x0000000000000000       0x20 obj_zoul/chameleon-bitopt.o
 .comment       0x0000000000000000       0x20 obj_zoul/chameleon.o
 .comment       0x0000000000000000       0x20 obj_zoul/channel.o
 .comment       0x0000000000000000       0x20 obj_zoul/rime.o
 .comment       0x0000000000000000       0x20 obj_zoul/linkaddr.o
 .comment       0x0000000000000000       0x20 obj_zoul/netstack.o
 .comment       0x0000000000000000       0x20 obj_zoul/packetbuf.o
 .comment       0x0000000000000000       0x20 obj_zoul/queuebuf.o
 .comment       0x0000000000000000       0x20 obj_zoul/csma.o
 .comment       0x0000000000000000       0x20 obj_zoul/frame802154.o
 .comment       0x0000000000000000       0x20 obj_zoul/framer-802154.o
 .comment       0x0000000000000000       0x20 obj_zoul/mac.o
 .comment       0x0000000000000000       0x20 obj_zoul/mac-sequence.o
 .comment       0x0000000000000000       0x20 obj_zoul/nullrdc.o
 .comment       0x0000000000000000       0x20 obj_zoul/contikimac-framer.o
 .comment       0x0000000000000000       0x20 obj_zoul/nullsec.o
 .comment       0x0000000000000000       0x20 test-power-mgmt.co
 .comment       0x0000000000000000       0x20 /usr/lib/gcc/arm-none-eabi/4.8.2/armv7-m/libgcc.a(bpabi.o)
 .comment       0x0000000000000000       0x20 /usr/lib/gcc/arm-none-eabi/4.8.2/armv7-m/libgcc.a(_divdi3.o)
 .comment       0x0000000000000000       0x20 /usr/lib/gcc/arm-none-eabi/4.8.2/armv7-m/libgcc.a(_udivdi3.o)
 .comment       0x0000000000000000       0x20 /usr/lib/gcc/arm-none-eabi/4.8.2/../../../arm-none-eabi/lib/armv7-m/libc.a(lib_a-memcmp.o)
 .comment       0x0000000000000000       0x20 /usr/lib/gcc/arm-none-eabi/4.8.2/../../../arm-none-eabi/lib/armv7-m/libc.a(lib_a-memset.o)

.ARM.attributes
                0x0000000000000000       0x31
 .ARM.attributes
                0x0000000000000000       0x33 obj_zoul/startup-gcc.o
 .ARM.attributes
                0x0000000000000033       0x33 obj_zoul/contiki-main.o
 .ARM.attributes
                0x0000000000000066       0x33 obj_zoul/leds.o
 .ARM.attributes
                0x0000000000000099       0x33 obj_zoul/leds-arch.o
 .ARM.attributes
                0x00000000000000cc       0x33 obj_zoul/button-sensor.o
 .ARM.attributes
                0x00000000000000ff       0x33 obj_zoul/zoul-sensors.o
 .ARM.attributes
                0x0000000000000132       0x33 obj_zoul/board.o
 .ARM.attributes
                0x0000000000000165       0x33 obj_zoul/antenna-sw.o
 .ARM.attributes
                0x0000000000000198       0x33 obj_zoul/power-mgmt.o
 .ARM.attributes
                0x00000000000001cb       0x33 obj_zoul/soc.o
 .ARM.attributes
                0x00000000000001fe       0x33 obj_zoul/clock.o
 .ARM.attributes
                0x0000000000000231       0x33 obj_zoul/rtimer-arch.o
 .ARM.attributes
                0x0000000000000264       0x33 obj_zoul/uart.o
 .ARM.attributes
                0x0000000000000297       0x33 obj_zoul/watchdog.o
 .ARM.attributes
                0x00000000000002ca       0x33 obj_zoul/nvic.o
 .ARM.attributes
                0x00000000000002fd       0x33 obj_zoul/cpu.o
 .ARM.attributes
                0x0000000000000330       0x33 obj_zoul/sys-ctrl.o
 .ARM.attributes
                0x0000000000000363       0x33 obj_zoul/gpio.o
 .ARM.attributes
                0x0000000000000396       0x33 obj_zoul/ioc.o
 .ARM.attributes
                0x00000000000003c9       0x33 obj_zoul/adc.o
 .ARM.attributes
                0x00000000000003fc       0x33 obj_zoul/crypto.o
 .ARM.attributes
                0x000000000000042f       0x33 obj_zoul/cc2538-rf.o
 .ARM.attributes
                0x0000000000000462       0x33 obj_zoul/udma.o
 .ARM.attributes
                0x0000000000000495       0x33 obj_zoul/lpm.o
 .ARM.attributes
                0x00000000000004c8       0x33 obj_zoul/pka.o
 .ARM.attributes
                0x00000000000004fb       0x33 obj_zoul/dbg.o
 .ARM.attributes
                0x000000000000052e       0x33 obj_zoul/ieee-addr.o
 .ARM.attributes
                0x0000000000000561       0x33 obj_zoul/cc2538-temp-sensor.o
 .ARM.attributes
                0x0000000000000594       0x33 obj_zoul/vdd3-sensor.o
 .ARM.attributes
                0x00000000000005c7       0x33 obj_zoul/dbg-printf.o
 .ARM.attributes
                0x00000000000005fa       0x33 obj_zoul/strformat.o
 .ARM.attributes
                0x000000000000062d       0x33 obj_zoul/autostart.o
 .ARM.attributes
                0x0000000000000660       0x33 obj_zoul/ctimer.o
 .ARM.attributes
                0x0000000000000693       0x33 obj_zoul/energest.o
 .ARM.attributes
                0x00000000000006c6       0x33 obj_zoul/etimer.o
 .ARM.attributes
                0x00000000000006f9       0x33 obj_zoul/process.o
 .ARM.attributes
                0x000000000000072c       0x33 obj_zoul/rtimer.o
 .ARM.attributes
                0x000000000000075f       0x33 obj_zoul/timer.o
 .ARM.attributes
                0x0000000000000792       0x33 obj_zoul/serial-line.o
 .ARM.attributes
                0x00000000000007c5       0x33 obj_zoul/list.o
 .ARM.attributes
                0x00000000000007f8       0x33 obj_zoul/memb.o
 .ARM.attributes
                0x000000000000082b       0x33 obj_zoul/random.o
 .ARM.attributes
                0x000000000000085e       0x33 obj_zoul/ringbuf.o
 .ARM.attributes
                0x0000000000000891       0x33 obj_zoul/sensors.o
 .ARM.attributes
                0x00000000000008c4       0x33 obj_zoul/abc.o
 .ARM.attributes
                0x00000000000008f7       0x33 obj_zoul/announcement.o
 .ARM.attributes
                0x000000000000092a       0x33 obj_zoul/broadcast-announcement.o
 .ARM.attributes
                0x000000000000095d       0x33 obj_zoul/broadcast.o
 .ARM.attributes
                0x0000000000000990       0x33 obj_zoul/chameleon-bitopt.o
 .ARM.attributes
                0x00000000000009c3       0x33 obj_zoul/chameleon.o
 .ARM.attributes
                0x00000000000009f6       0x33 obj_zoul/channel.o
 .ARM.attributes
                0x0000000000000a29       0x33 obj_zoul/rime.o
 .ARM.attributes
                0x0000000000000a5c       0x33 obj_zoul/linkaddr.o
 .ARM.attributes
                0x0000000000000a8f       0x33 obj_zoul/netstack.o
 .ARM.attributes
                0x0000000000000ac2       0x33 obj_zoul/packetbuf.o
 .ARM.attributes
                0x0000000000000af5       0x33 obj_zoul/queuebuf.o
 .ARM.attributes
                0x0000000000000b28       0x33 obj_zoul/csma.o
 .ARM.attributes
                0x0000000000000b5b       0x33 obj_zoul/frame802154.o
 .ARM.attributes
                0x0000000000000b8e       0x33 obj_zoul/framer-802154.o
 .ARM.attributes
                0x0000000000000bc1       0x33 obj_zoul/mac.o
 .ARM.attributes
                0x0000000000000bf4       0x33 obj_zoul/mac-sequence.o
 .ARM.attributes
                0x0000000000000c27       0x33 obj_zoul/nullrdc.o
 .ARM.attributes
                0x0000000000000c5a       0x33 obj_zoul/contikimac-framer.o
 .ARM.attributes
                0x0000000000000c8d       0x33 obj_zoul/nullsec.o
 .ARM.attributes
                0x0000000000000cc0       0x33 test-power-mgmt.co
 .ARM.attributes
                0x0000000000000cf3       0x1d /usr/lib/gcc/arm-none-eabi/4.8.2/armv7-m/libgcc.a(_aeabi_uldivmod.o)
 .ARM.attributes
                0x0000000000000d10       0x2d /usr/lib/gcc/arm-none-eabi/4.8.2/armv7-m/libgcc.a(bpabi.o)
 .ARM.attributes
                0x0000000000000d3d       0x1d /usr/lib/gcc/arm-none-eabi/4.8.2/armv7-m/libgcc.a(_dvmd_tls.o)
 .ARM.attributes
                0x0000000000000d5a       0x2d /usr/lib/gcc/arm-none-eabi/4.8.2/armv7-m/libgcc.a(_divdi3.o)
 .ARM.attributes
                0x0000000000000d87       0x2d /usr/lib/gcc/arm-none-eabi/4.8.2/armv7-m/libgcc.a(_udivdi3.o)
 .ARM.attributes
                0x0000000000000db4       0x2d /usr/lib/gcc/arm-none-eabi/4.8.2/../../../arm-none-eabi/lib/armv7-m/libc.a(lib_a-memcmp.o)
 .ARM.attributes
                0x0000000000000de1       0x1b /usr/lib/gcc/arm-none-eabi/4.8.2/../../../arm-none-eabi/lib/armv7-m/libc.a(lib_a-memcpy.o)
 .ARM.attributes
                0x0000000000000dfc       0x2d /usr/lib/gcc/arm-none-eabi/4.8.2/../../../arm-none-eabi/lib/armv7-m/libc.a(lib_a-memset.o)

.debug_line     0x0000000000000000      0x598
 .debug_line    0x0000000000000000       0x68 /usr/lib/gcc/arm-none-eabi/4.8.2/armv7-m/libgcc.a(_aeabi_uldivmod.o)
 .debug_line    0x0000000000000068       0x68 /usr/lib/gcc/arm-none-eabi/4.8.2/armv7-m/libgcc.a(bpabi.o)
 .debug_line    0x00000000000000d0       0x64 /usr/lib/gcc/arm-none-eabi/4.8.2/armv7-m/libgcc.a(_dvmd_tls.o)
 .debug_line    0x0000000000000134       0xdc /usr/lib/gcc/arm-none-eabi/4.8.2/armv7-m/libgcc.a(_divdi3.o)
 .debug_line    0x0000000000000210       0xd8 /usr/lib/gcc/arm-none-eabi/4.8.2/armv7-m/libgcc.a(_udivdi3.o)
 .debug_line    0x00000000000002e8       0xf6 /usr/lib/gcc/arm-none-eabi/4.8.2/../../../arm-none-eabi/lib/armv7-m/libc.a(lib_a-memcmp.o)
 .debug_line    0x00000000000003de       0xbb /usr/lib/gcc/arm-none-eabi/4.8.2/../../../arm-none-eabi/lib/armv7-m/libc.a(lib_a-memcpy.o)
 .debug_line    0x0000000000000499       0xff /usr/lib/gcc/arm-none-eabi/4.8.2/../../../arm-none-eabi/lib/armv7-m/libc.a(lib_a-memset.o)

.debug_info     0x0000000000000000     0x10b3
 .debug_info    0x0000000000000000       0x9b /usr/lib/gcc/arm-none-eabi/4.8.2/armv7-m/libgcc.a(_aeabi_uldivmod.o)
 .debug_info    0x000000000000009b      0x164 /usr/lib/gcc/arm-none-eabi/4.8.2/armv7-m/libgcc.a(bpabi.o)
 .debug_info    0x00000000000001ff       0x9f /usr/lib/gcc/arm-none-eabi/4.8.2/armv7-m/libgcc.a(_dvmd_tls.o)
 .debug_info    0x000000000000029e      0x5bd /usr/lib/gcc/arm-none-eabi/4.8.2/armv7-m/libgcc.a(_divdi3.o)
 .debug_info    0x000000000000085b      0x57c /usr/lib/gcc/arm-none-eabi/4.8.2/armv7-m/libgcc.a(_udivdi3.o)
 .debug_info    0x0000000000000dd7      0x113 /usr/lib/gcc/arm-none-eabi/4.8.2/../../../arm-none-eabi/lib/armv7-m/libc.a(lib_a-memcmp.o)
 .debug_info    0x0000000000000eea       0xb2 /usr/lib/gcc/arm-none-eabi/4.8.2/../../../arm-none-eabi/lib/armv7-m/libc.a(lib_a-memcpy.o)
 .debug_info    0x0000000000000f9c      0x117 /usr/lib/gcc/arm-none-eabi/4.8.2/../../../arm-none-eabi/lib/armv7-m/libc.a(lib_a-memset.o)

.debug_abbrev   0x0000000000000000      0x4ca
 .debug_abbrev  0x0000000000000000       0x14 /usr/lib/gcc/arm-none-eabi/4.8.2/armv7-m/libgcc.a(_aeabi_uldivmod.o)
 .debug_abbrev  0x0000000000000014       0xb7 /usr/lib/gcc/arm-none-eabi/4.8.2/armv7-m/libgcc.a(bpabi.o)
 .debug_abbrev  0x00000000000000cb       0x14 /usr/lib/gcc/arm-none-eabi/4.8.2/armv7-m/libgcc.a(_dvmd_tls.o)
 .debug_abbrev  0x00000000000000df      0x165 /usr/lib/gcc/arm-none-eabi/4.8.2/armv7-m/libgcc.a(_divdi3.o)
 .debug_abbrev  0x0000000000000244      0x154 /usr/lib/gcc/arm-none-eabi/4.8.2/armv7-m/libgcc.a(_udivdi3.o)
 .debug_abbrev  0x0000000000000398       0x7f /usr/lib/gcc/arm-none-eabi/4.8.2/../../../arm-none-eabi/lib/armv7-m/libc.a(lib_a-memcmp.o)
 .debug_abbrev  0x0000000000000417       0x14 /usr/lib/gcc/arm-none-eabi/4.8.2/../../../arm-none-eabi/lib/armv7-m/libc.a(lib_a-memcpy.o)
 .debug_abbrev  0x000000000000042b       0x9f /usr/lib/gcc/arm-none-eabi/4.8.2/../../../arm-none-eabi/lib/armv7-m/libc.a(lib_a-memset.o)

.debug_aranges  0x0000000000000000      0x100
 .debug_aranges
                0x0000000000000000       0x20 /usr/lib/gcc/arm-none-eabi/4.8.2/armv7-m/libgcc.a(_aeabi_uldivmod.o)
 .debug_aranges
                0x0000000000000020       0x20 /usr/lib/gcc/arm-none-eabi/4.8.2/armv7-m/libgcc.a(bpabi.o)
 .debug_aranges
                0x0000000000000040       0x20 /usr/lib/gcc/arm-none-eabi/4.8.2/armv7-m/libgcc.a(_dvmd_tls.o)
 .debug_aranges
                0x0000000000000060       0x20 /usr/lib/gcc/arm-none-eabi/4.8.2/armv7-m/libgcc.a(_divdi3.o)
 .debug_aranges
                0x0000000000000080       0x20 /usr/lib/gcc/arm-none-eabi/4.8.2/armv7-m/libgcc.a(_udivdi3.o)
 .debug_aranges
                0x00000000000000a0       0x20 /usr/lib/gcc/arm-none-eabi/4.8.2/../../../arm-none-eabi/lib/armv7-m/libc.a(lib_a-memcmp.o)
 .debug_aranges
                0x00000000000000c0       0x20 /usr/lib/gcc/arm-none-eabi/4.8.2/../../../arm-none-eabi/lib/armv7-m/libc.a(lib_a-memcpy.o)
 .debug_aranges
                0x00000000000000e0       0x20 /usr/lib/gcc/arm-none-eabi/4.8.2/../../../arm-none-eabi/lib/armv7-m/libc.a(lib_a-memset.o)

.debug_loc      0x0000000000000000     0x18c3
 .debug_loc     0x0000000000000000       0xa0 /usr/lib/gcc/arm-none-eabi/4.8.2/armv7-m/libgcc.a(bpabi.o)
 .debug_loc     0x00000000000000a0      0xa76 /usr/lib/gcc/arm-none-eabi/4.8.2/armv7-m/libgcc.a(_divdi3.o)
 .debug_loc     0x0000000000000b16      0xb3f /usr/lib/gcc/arm-none-eabi/4.8.2/armv7-m/libgcc.a(_udivdi3.o)
 .debug_loc     0x0000000000001655       0xe3 /usr/lib/gcc/arm-none-eabi/4.8.2/../../../arm-none-eabi/lib/armv7-m/libc.a(lib_a-memcmp.o)
 .debug_loc     0x0000000000001738      0x18b /usr/lib/gcc/arm-none-eabi/4.8.2/../../../arm-none-eabi/lib/armv7-m/libc.a(lib_a-memset.o)

.debug_str      0x0000000000000000      0x47f
 .debug_str     0x0000000000000000      0x19e /usr/lib/gcc/arm-none-eabi/4.8.2/armv7-m/libgcc.a(bpabi.o)
 .debug_str     0x000000000000019e      0x18e /usr/lib/gcc/arm-none-eabi/4.8.2/armv7-m/libgcc.a(_divdi3.o)
                                        0x24c (size before relaxing)
 .debug_str     0x0000000000000000      0x24d /usr/lib/gcc/arm-none-eabi/4.8.2/armv7-m/libgcc.a(_udivdi3.o)
 .debug_str     0x000000000000032c      0x10a /usr/lib/gcc/arm-none-eabi/4.8.2/../../../arm-none-eabi/lib/armv7-m/libc.a(lib_a-memcmp.o)
                                        0x19c (size before relaxing)
 .debug_str     0x0000000000000436       0x49 /usr/lib/gcc/arm-none-eabi/4.8.2/../../../arm-none-eabi/lib/armv7-m/libc.a(lib_a-memset.o)
                                        0x1b0 (size before relaxing)

.debug_frame    0x0000000000000000      0x114
 .debug_frame   0x0000000000000000       0x58 /usr/lib/gcc/arm-none-eabi/4.8.2/armv7-m/libgcc.a(bpabi.o)
 .debug_frame   0x0000000000000058       0x34 /usr/lib/gcc/arm-none-eabi/4.8.2/armv7-m/libgcc.a(_divdi3.o)
 .debug_frame   0x000000000000008c       0x30 /usr/lib/gcc/arm-none-eabi/4.8.2/armv7-m/libgcc.a(_udivdi3.o)
 .debug_frame   0x00000000000000bc       0x2c /usr/lib/gcc/arm-none-eabi/4.8.2/../../../arm-none-eabi/lib/armv7-m/libc.a(lib_a-memcmp.o)
 .debug_frame   0x00000000000000e8       0x2c /usr/lib/gcc/arm-none-eabi/4.8.2/../../../arm-none-eabi/lib/armv7-m/libc.a(lib_a-memset.o)

.debug_ranges   0x0000000000000000      0x1a0
 .debug_ranges  0x0000000000000000       0xa8 /usr/lib/gcc/arm-none-eabi/4.8.2/armv7-m/libgcc.a(_divdi3.o)
 .debug_ranges  0x00000000000000a8       0xd8 /usr/lib/gcc/arm-none-eabi/4.8.2/armv7-m/libgcc.a(_udivdi3.o)
 .debug_ranges  0x0000000000000180       0x10 /usr/lib/gcc/arm-none-eabi/4.8.2/../../../arm-none-eabi/lib/armv7-m/libc.a(lib_a-memcmp.o)
 .debug_ranges  0x0000000000000190       0x10 /usr/lib/gcc/arm-none-eabi/4.8.2/../../../arm-none-eabi/lib/armv7-m/libc.a(lib_a-memset.o)

Cross Reference Table

Symbol                                            File
__aeabi_idiv0                                     /usr/lib/gcc/arm-none-eabi/4.8.2/armv7-m/libgcc.a(_dvmd_tls.o)
__aeabi_ldiv0                                     /usr/lib/gcc/arm-none-eabi/4.8.2/armv7-m/libgcc.a(_dvmd_tls.o)
                                                  /usr/lib/gcc/arm-none-eabi/4.8.2/armv7-m/libgcc.a(_aeabi_uldivmod.o)
__aeabi_uldivmod                                  /usr/lib/gcc/arm-none-eabi/4.8.2/armv7-m/libgcc.a(_aeabi_uldivmod.o)
                                                  obj_zoul/strformat.o
                                                  obj_zoul/cc2538-rf.o
                                                  obj_zoul/weather-meter.o
__divdi3                                          /usr/lib/gcc/arm-none-eabi/4.8.2/armv7-m/libgcc.a(_divdi3.o)
                                                  /usr/lib/gcc/arm-none-eabi/4.8.2/armv7-m/libgcc.a(bpabi.o)
__gnu_ldivmod_helper                              /usr/lib/gcc/arm-none-eabi/4.8.2/armv7-m/libgcc.a(bpabi.o)
__gnu_uldivmod_helper                             /usr/lib/gcc/arm-none-eabi/4.8.2/armv7-m/libgcc.a(bpabi.o)
                                                  /usr/lib/gcc/arm-none-eabi/4.8.2/armv7-m/libgcc.a(_aeabi_uldivmod.o)
__malloc_av_                                      /usr/lib/gcc/arm-none-eabi/4.8.2/../../../arm-none-eabi/lib/armv7-m/libc.a(lib_a-mallocr.o)
                                                  /usr/lib/gcc/arm-none-eabi/4.8.2/../../../arm-none-eabi/lib/armv7-m/libc.a(lib_a-freer.o)
__malloc_current_mallinfo                         /usr/lib/gcc/arm-none-eabi/4.8.2/../../../arm-none-eabi/lib/armv7-m/libc.a(lib_a-mallocr.o)
                                                  /usr/lib/gcc/arm-none-eabi/4.8.2/../../../arm-none-eabi/lib/armv7-m/libc.a(lib_a-freer.o)
__malloc_lock                                     /usr/lib/gcc/arm-none-eabi/4.8.2/../../../arm-none-eabi/lib/armv7-m/libc.a(lib_a-mlock.o)
                                                  /usr/lib/gcc/arm-none-eabi/4.8.2/../../../arm-none-eabi/lib/armv7-m/libc.a(lib_a-mallocr.o)
                                                  /usr/lib/gcc/arm-none-eabi/4.8.2/../../../arm-none-eabi/lib/armv7-m/libc.a(lib_a-freer.o)
__malloc_max_sbrked_mem                           /usr/lib/gcc/arm-none-eabi/4.8.2/../../../arm-none-eabi/lib/armv7-m/libc.a(lib_a-mallocr.o)
__malloc_max_total_mem                            /usr/lib/gcc/arm-none-eabi/4.8.2/../../../arm-none-eabi/lib/armv7-m/libc.a(lib_a-mallocr.o)
__malloc_sbrk_base                                /usr/lib/gcc/arm-none-eabi/4.8.2/../../../arm-none-eabi/lib/armv7-m/libc.a(lib_a-mallocr.o)
                                                  /usr/lib/gcc/arm-none-eabi/4.8.2/../../../arm-none-eabi/lib/armv7-m/libc.a(lib_a-freer.o)
__malloc_top_pad                                  /usr/lib/gcc/arm-none-eabi/4.8.2/../../../arm-none-eabi/lib/armv7-m/libc.a(lib_a-mallocr.o)
                                                  /usr/lib/gcc/arm-none-eabi/4.8.2/../../../arm-none-eabi/lib/armv7-m/libc.a(lib_a-freer.o)
__malloc_trim_threshold                           /usr/lib/gcc/arm-none-eabi/4.8.2/../../../arm-none-eabi/lib/armv7-m/libc.a(lib_a-mallocr.o)
                                                  /usr/lib/gcc/arm-none-eabi/4.8.2/../../../arm-none-eabi/lib/armv7-m/libc.a(lib_a-freer.o)
__malloc_unlock                                   /usr/lib/gcc/arm-none-eabi/4.8.2/../../../arm-none-eabi/lib/armv7-m/libc.a(lib_a-mlock.o)
                                                  /usr/lib/gcc/arm-none-eabi/4.8.2/../../../arm-none-eabi/lib/armv7-m/libc.a(lib_a-mallocr.o)
                                                  /usr/lib/gcc/arm-none-eabi/4.8.2/../../../arm-none-eabi/lib/armv7-m/libc.a(lib_a-freer.o)
__udivdi3                                         /usr/lib/gcc/arm-none-eabi/4.8.2/armv7-m/libgcc.a(_udivdi3.o)
                                                  /usr/lib/gcc/arm-none-eabi/4.8.2/armv7-m/libgcc.a(bpabi.o)
_bss                                              obj_zoul/startup-gcc.o
_data                                             obj_zoul/startup-gcc.o
_ebss                                             obj_zoul/startup-gcc.o
_edata                                            obj_zoul/startup-gcc.o
_eheap                                            obj_zoul/syscalls.o
_free_r                                           /usr/lib/gcc/arm-none-eabi/4.8.2/../../../arm-none-eabi/lib/armv7-m/libc.a(lib_a-freer.o)
                                                  /usr/lib/gcc/arm-none-eabi/4.8.2/../../../arm-none-eabi/lib/armv7-m/libc.a(lib_a-mallocr.o)
                                                  /usr/lib/gcc/arm-none-eabi/4.8.2/../../../arm-none-eabi/lib/armv7-m/libc.a(lib_a-reent.o)
_global_impure_ptr                                /usr/lib/gcc/arm-none-eabi/4.8.2/../../../arm-none-eabi/lib/armv7-m/libc.a(lib_a-impure.o)
_heap                                             obj_zoul/syscalls.o
_impure_ptr                                       /usr/lib/gcc/arm-none-eabi/4.8.2/../../../arm-none-eabi/lib/armv7-m/libc.a(lib_a-impure.o)
                                                  /usr/lib/gcc/arm-none-eabi/4.8.2/../../../arm-none-eabi/lib/armv7-m/libc.a(lib_a-reent.o)
_ldata                                            obj_zoul/startup-gcc.o
_malloc_r                                         /usr/lib/gcc/arm-none-eabi/4.8.2/../../../arm-none-eabi/lib/armv7-m/libc.a(lib_a-mallocr.o)
_malloc_trim_r                                    /usr/lib/gcc/arm-none-eabi/4.8.2/../../../arm-none-eabi/lib/armv7-m/libc.a(lib_a-freer.o)
_reclaim_reent                                    /usr/lib/gcc/arm-none-eabi/4.8.2/../../../arm-none-eabi/lib/armv7-m/libc.a(lib_a-reent.o)
_sbrk                                             obj_zoul/syscalls.o
                                                  /usr/lib/gcc/arm-none-eabi/4.8.2/../../../arm-none-eabi/lib/armv7-m/libc.a(lib_a-sbrkr.o)
_sbrk_r                                           /usr/lib/gcc/arm-none-eabi/4.8.2/../../../arm-none-eabi/lib/armv7-m/libc.a(lib_a-sbrkr.o)
                                                  /usr/lib/gcc/arm-none-eabi/4.8.2/../../../arm-none-eabi/lib/armv7-m/libc.a(lib_a-mallocr.o)
                                                  /usr/lib/gcc/arm-none-eabi/4.8.2/../../../arm-none-eabi/lib/armv7-m/libc.a(lib_a-freer.o)
_xassert                                          obj_zoul/assert.o
abc_close                                         obj_zoul/abc.o
                                                  obj_zoul/polite.o
                                                  obj_zoul/broadcast.o
abc_input                                         obj_zoul/abc.o
                                                  obj_zoul/rime.o
abc_open                                          obj_zoul/abc.o
                                                  obj_zoul/polite.o
                                                  obj_zoul/broadcast.o
abc_send                                          obj_zoul/abc.o
                                                  obj_zoul/polite.o
                                                  obj_zoul/broadcast.o
abc_sent                                          obj_zoul/abc.o
                                                  obj_zoul/rime.o
adc_get                                           obj_zoul/adc.o
                                                  obj_zoul/vdd3-sensor.o
                                                  obj_zoul/cc2538-temp-sensor.o
                                                  obj_zoul/adc-zoul.o
adc_init                                          obj_zoul/adc.o
                                                  obj_zoul/adc-zoul.o
adc_sensors                                       obj_zoul/adc-sensors.o
adc_zoul                                          obj_zoul/adc-zoul.o
                                                  obj_zoul/pm10-sensor.o
                                                  obj_zoul/weather-meter.o
                                                  obj_zoul/adc-sensors.o
aes_128_driver                                    obj_zoul/aes-128.o
aes_128_set_padded_key                            obj_zoul/aes-128.o
aes_auth_crypt_check_status                       obj_zoul/aes.o
                                                  obj_zoul/cc2538-ccm-star.o
                                                  obj_zoul/ctr.o
                                                  obj_zoul/cbc.o
                                                  obj_zoul/ecb.o
aes_auth_crypt_get_result                         obj_zoul/aes.o
                                                  obj_zoul/ccm.o
                                                  obj_zoul/gcm.o
                                                  obj_zoul/cbc-mac.o
                                                  obj_zoul/ctr.o
                                                  obj_zoul/cbc.o
                                                  obj_zoul/ecb.o
aes_auth_crypt_start                              obj_zoul/aes.o
                                                  obj_zoul/ccm.o
                                                  obj_zoul/gcm.o
                                                  obj_zoul/cbc-mac.o
                                                  obj_zoul/ctr.o
                                                  obj_zoul/cbc.o
                                                  obj_zoul/ecb.o
aes_load_keys                                     obj_zoul/aes.o
                                                  obj_zoul/cc2538-aes-128.o
anemometer_int_callback                           obj_zoul/weather-meter.o
anemometer_int_event                              obj_zoul/weather-meter.o
announcement_bump                                 obj_zoul/announcement.o
                                                  obj_zoul/collect.o
announcement_heard                                obj_zoul/announcement.o
                                                  obj_zoul/polite-announcement.o
                                                  obj_zoul/broadcast-announcement.o
announcement_init                                 obj_zoul/announcement.o
                                                  obj_zoul/rime.o
announcement_list                                 obj_zoul/announcement.o
                                                  obj_zoul/polite-announcement.o
                                                  obj_zoul/broadcast-announcement.o
announcement_listen                               obj_zoul/announcement.o
announcement_register                             obj_zoul/announcement.o
                                                  obj_zoul/collect.o
announcement_register_listen_callback             obj_zoul/announcement.o
announcement_register_observer_callback           obj_zoul/announcement.o
                                                  obj_zoul/polite-announcement.o
                                                  obj_zoul/broadcast-announcement.o
announcement_remove                               obj_zoul/announcement.o
                                                  obj_zoul/collect.o
announcement_remove_value                         obj_zoul/announcement.o
announcement_set_value                            obj_zoul/announcement.o
                                                  obj_zoul/collect.o
antenna_sw_config                                 obj_zoul/antenna-sw.o
                                                  obj_zoul/board.o
antenna_sw_get                                    obj_zoul/antenna-sw.o
antenna_sw_select                                 obj_zoul/antenna-sw.o
arg_alloc                                         obj_zoul/arg.o
arg_free                                          obj_zoul/arg.o
arg_init                                          obj_zoul/arg.o
autostart_exit                                    obj_zoul/autostart.o
autostart_processes                               test-power-mgmt.co
                                                  obj_zoul/contiki-main.o
autostart_start                                   obj_zoul/autostart.o
                                                  obj_zoul/contiki-main.o
avail_memory                                      obj_zoul/mmem.o
bignum_add_get_result                             obj_zoul/bignum-driver.o
                                                  obj_zoul/ecc-algorithm.o
bignum_add_start                                  obj_zoul/bignum-driver.o
                                                  obj_zoul/ecc-algorithm.o
bignum_cmp_get_result                             obj_zoul/bignum-driver.o
                                                  obj_zoul/ecc-algorithm.o
bignum_cmp_start                                  obj_zoul/bignum-driver.o
                                                  obj_zoul/ecc-algorithm.o
bignum_divide_get_result                          obj_zoul/bignum-driver.o
bignum_divide_start                               obj_zoul/bignum-driver.o
bignum_exp_mod_get_result                         obj_zoul/bignum-driver.o
bignum_exp_mod_start                              obj_zoul/bignum-driver.o
bignum_inv_mod_get_result                         obj_zoul/bignum-driver.o
                                                  obj_zoul/ecc-algorithm.o
bignum_inv_mod_start                              obj_zoul/bignum-driver.o
                                                  obj_zoul/ecc-algorithm.o
bignum_mod_get_result                             obj_zoul/bignum-driver.o
                                                  obj_zoul/ecc-algorithm.o
bignum_mod_start                                  obj_zoul/bignum-driver.o
                                                  obj_zoul/ecc-algorithm.o
bignum_mul_get_result                             obj_zoul/bignum-driver.o
                                                  obj_zoul/ecc-algorithm.o
bignum_mul_start                                  obj_zoul/bignum-driver.o
                                                  obj_zoul/ecc-algorithm.o
bignum_subtract_get_result                        obj_zoul/bignum-driver.o
bignum_subtract_start                             obj_zoul/bignum-driver.o
bmpx8x                                            obj_zoul/bmpx8x.o
board_init                                        obj_zoul/board.o
                                                  obj_zoul/contiki-main.o
broadcast_announcement_beacon_interval            obj_zoul/broadcast-announcement.o
broadcast_announcement_init                       obj_zoul/broadcast-announcement.o
                                                  obj_zoul/rime.o
broadcast_announcement_stop                       obj_zoul/broadcast-announcement.o
broadcast_close                                   obj_zoul/broadcast.o
                                                  obj_zoul/unicast.o
                                                  obj_zoul/trickle.o
                                                  obj_zoul/stbroadcast.o
                                                  obj_zoul/neighbor-discovery.o
                                                  obj_zoul/ipolite.o
                                                  obj_zoul/broadcast-announcement.o
broadcast_open                                    obj_zoul/broadcast.o
                                                  test-power-mgmt.co
                                                  obj_zoul/unicast.o
                                                  obj_zoul/trickle.o
                                                  obj_zoul/stbroadcast.o
                                                  obj_zoul/neighbor-discovery.o
                                                  obj_zoul/ipolite.o
                                                  obj_zoul/broadcast-announcement.o
broadcast_send                                    obj_zoul/broadcast.o
                                                  test-power-mgmt.co
                                                  obj_zoul/unicast.o
                                                  obj_zoul/trickle.o
                                                  obj_zoul/stbroadcast.o
                                                  obj_zoul/neighbor-discovery.o
                                                  obj_zoul/ipolite.o
                                                  obj_zoul/broadcast-announcement.o
button_press_duration_exceeded                    obj_zoul/button-sensor.o
button_sensor                                     obj_zoul/button-sensor.o